<!doctype html public "-//w3c//dtd html 4.0 transitional//en">
<html><head>
<title>Static Call Graph - [.\Objects\FinalProject.axf]</title></head>
<body><HR>
<H1>Static Call Graph for image .\Objects\FinalProject.axf</H1><HR>
<BR><P>#&#060CALLGRAPH&#062# ARM Linker, 5060960: Last Updated: Thu Apr 27 17:39:32 2023
<BR><P>
<H3>Maximum Stack Usage =        192 bytes + Unknown(Functions without stacksize, Cycles, Untraceable Function Pointers)</H3><H3>
Call chain for Maximum Stack Depth:</H3>
ButtonWork &rArr; BSP_LCD_Message &rArr; BSP_LCD_OutUDec4 &rArr; BSP_LCD_DrawString &rArr; BSP_LCD_DrawChar &rArr; setAddrWindow
<P>
<H3>
Functions with no stack information
</H3><UL>
 <LI><a href="#[89]">Reset_Handler</a>
 <LI><a href="#[c6]">OS_DisableInterrupts</a>
 <LI><a href="#[c9]">OS_EnableInterrupts</a>
 <LI><a href="#[9]">SysTick_Handler</a>
 <LI><a href="#[cd]">StartOS</a>
 <LI><a href="#[ee]">DisableInterrupts</a>
 <LI><a href="#[ef]">EnableInterrupts</a>
 <LI><a href="#[b1]">StartCritical</a>
 <LI><a href="#[b2]">EndCritical</a>
 <LI><a href="#[f0]">WaitForInterrupt</a>
</UL>
</UL>
<P>
<H3>
Mutually Recursive functions
</H3> <LI><a href="#[1]">NMI_Handler</a>&nbsp;&nbsp;&nbsp;&rArr;&nbsp;&nbsp;&nbsp;<a href="#[1]">NMI_Handler</a><BR>
 <LI><a href="#[2]">HardFault_Handler</a>&nbsp;&nbsp;&nbsp;&rArr;&nbsp;&nbsp;&nbsp;<a href="#[2]">HardFault_Handler</a><BR>
 <LI><a href="#[3]">MemManage_Handler</a>&nbsp;&nbsp;&nbsp;&rArr;&nbsp;&nbsp;&nbsp;<a href="#[3]">MemManage_Handler</a><BR>
 <LI><a href="#[4]">BusFault_Handler</a>&nbsp;&nbsp;&nbsp;&rArr;&nbsp;&nbsp;&nbsp;<a href="#[4]">BusFault_Handler</a><BR>
 <LI><a href="#[5]">UsageFault_Handler</a>&nbsp;&nbsp;&nbsp;&rArr;&nbsp;&nbsp;&nbsp;<a href="#[5]">UsageFault_Handler</a><BR>
 <LI><a href="#[6]">SVC_Handler</a>&nbsp;&nbsp;&nbsp;&rArr;&nbsp;&nbsp;&nbsp;<a href="#[6]">SVC_Handler</a><BR>
 <LI><a href="#[7]">DebugMon_Handler</a>&nbsp;&nbsp;&nbsp;&rArr;&nbsp;&nbsp;&nbsp;<a href="#[7]">DebugMon_Handler</a><BR>
 <LI><a href="#[8]">PendSV_Handler</a>&nbsp;&nbsp;&nbsp;&rArr;&nbsp;&nbsp;&nbsp;<a href="#[8]">PendSV_Handler</a><BR>
 <LI><a href="#[18]">ADC0Seq0_Handler</a>&nbsp;&nbsp;&nbsp;&rArr;&nbsp;&nbsp;&nbsp;<a href="#[18]">ADC0Seq0_Handler</a><BR>
 <LI><a href="#[e5]">fillmessage</a>&nbsp;&nbsp;&nbsp;&rArr;&nbsp;&nbsp;&nbsp;<a href="#[e5]">fillmessage</a><BR>
 <LI><a href="#[ba]">UART_OutUDec</a>&nbsp;&nbsp;&nbsp;&rArr;&nbsp;&nbsp;&nbsp;<a href="#[ba]">UART_OutUDec</a><BR>
 <LI><a href="#[8d]">parrotdelay</a>&nbsp;&nbsp;&nbsp;&rArr;&nbsp;&nbsp;&nbsp;<a href="#[8d]">parrotdelay</a><BR>
</UL>
<P>
<H3>
Function Pointers
</H3><UL>
 <LI><a href="#[18]">ADC0Seq0_Handler</a> from startup.o(RESET) referenced from startup.o(RESET)
 <LI><a href="#[19]">ADC0Seq1_Handler</a> from startup.o(RESET) referenced from startup.o(RESET)
 <LI><a href="#[1a]">ADC0Seq2_Handler</a> from startup.o(RESET) referenced from startup.o(RESET)
 <LI><a href="#[1b]">ADC0Seq3_Handler</a> from startup.o(RESET) referenced from startup.o(RESET)
 <LI><a href="#[3a]">ADC1Seq0_Handler</a> from startup.o(RESET) referenced from startup.o(RESET)
 <LI><a href="#[3b]">ADC1Seq1_Handler</a> from startup.o(RESET) referenced from startup.o(RESET)
 <LI><a href="#[3c]">ADC1Seq2_Handler</a> from startup.o(RESET) referenced from startup.o(RESET)
 <LI><a href="#[3d]">ADC1Seq3_Handler</a> from startup.o(RESET) referenced from startup.o(RESET)
 <LI><a href="#[4]">BusFault_Handler</a> from startup.o(RESET) referenced from startup.o(RESET)
 <LI><a href="#[81]">ButtonWork</a> from main.o(i.ButtonWork) referenced from main.o(i.SW1Push)
 <LI><a href="#[31]">CAN0_Handler</a> from startup.o(RESET) referenced from startup.o(RESET)
 <LI><a href="#[32]">CAN1_Handler</a> from startup.o(RESET) referenced from startup.o(RESET)
 <LI><a href="#[33]">CAN2_Handler</a> from startup.o(RESET) referenced from startup.o(RESET)
 <LI><a href="#[23]">Comp0_Handler</a> from startup.o(RESET) referenced from startup.o(RESET)
 <LI><a href="#[24]">Comp1_Handler</a> from startup.o(RESET) referenced from startup.o(RESET)
 <LI><a href="#[25]">Comp2_Handler</a> from startup.o(RESET) referenced from startup.o(RESET)
 <LI><a href="#[7f]">Consumer</a> from main.o(i.Consumer) referenced from main.o(i.Restart)
 <LI><a href="#[7f]">Consumer</a> from main.o(i.Consumer) referenced from main.o(i.main)
 <LI><a href="#[88]">CubeNumCalc</a> from main.o(i.CubeNumCalc) referenced from main.o(i.main)
 <LI><a href="#[7d]">DebouncePD6</a> from os.o(i.DebouncePD6) referenced from os.o(i.GPIOPortD_Handler)
 <LI><a href="#[7e]">DebouncePD7</a> from os.o(i.DebouncePD7) referenced from os.o(i.GPIOPortD_Handler)
 <LI><a href="#[7]">DebugMon_Handler</a> from startup.o(RESET) referenced from startup.o(RESET)
 <LI><a href="#[80]">Display</a> from main.o(i.Display) referenced from main.o(i.Restart)
 <LI><a href="#[80]">Display</a> from main.o(i.Display) referenced from main.o(i.main)
 <LI><a href="#[34]">Ethernet_Handler</a> from startup.o(RESET) referenced from startup.o(RESET)
 <LI><a href="#[3f]">ExtBus_Handler</a> from startup.o(RESET) referenced from startup.o(RESET)
 <LI><a href="#[5c]">FPU_Handler</a> from startup.o(RESET) referenced from startup.o(RESET)
 <LI><a href="#[64]">Fan0_Handler</a> from startup.o(RESET) referenced from startup.o(RESET)
 <LI><a href="#[27]">FlashCtl_Handler</a> from startup.o(RESET) referenced from startup.o(RESET)
 <LI><a href="#[a]">GPIOPortA_Handler</a> from startup.o(RESET) referenced from startup.o(RESET)
 <LI><a href="#[b]">GPIOPortB_Handler</a> from startup.o(RESET) referenced from startup.o(RESET)
 <LI><a href="#[c]">GPIOPortC_Handler</a> from startup.o(RESET) referenced from startup.o(RESET)
 <LI><a href="#[d]">GPIOPortD_Handler</a> from os.o(i.GPIOPortD_Handler) referenced from startup.o(RESET)
 <LI><a href="#[e]">GPIOPortE_Handler</a> from startup.o(RESET) referenced from startup.o(RESET)
 <LI><a href="#[28]">GPIOPortF_Handler</a> from startup.o(RESET) referenced from startup.o(RESET)
 <LI><a href="#[29]">GPIOPortG_Handler</a> from startup.o(RESET) referenced from startup.o(RESET)
 <LI><a href="#[2a]">GPIOPortH_Handler</a> from startup.o(RESET) referenced from startup.o(RESET)
 <LI><a href="#[40]">GPIOPortJ_Handler</a> from startup.o(RESET) referenced from startup.o(RESET)
 <LI><a href="#[41]">GPIOPortK_Handler</a> from startup.o(RESET) referenced from startup.o(RESET)
 <LI><a href="#[42]">GPIOPortL_Handler</a> from startup.o(RESET) referenced from startup.o(RESET)
 <LI><a href="#[61]">GPIOPortM_Handler</a> from startup.o(RESET) referenced from startup.o(RESET)
 <LI><a href="#[62]">GPIOPortN_Handler</a> from startup.o(RESET) referenced from startup.o(RESET)
 <LI><a href="#[66]">GPIOPortP1_Handler</a> from startup.o(RESET) referenced from startup.o(RESET)
 <LI><a href="#[67]">GPIOPortP2_Handler</a> from startup.o(RESET) referenced from startup.o(RESET)
 <LI><a href="#[68]">GPIOPortP3_Handler</a> from startup.o(RESET) referenced from startup.o(RESET)
 <LI><a href="#[69]">GPIOPortP4_Handler</a> from startup.o(RESET) referenced from startup.o(RESET)
 <LI><a href="#[6a]">GPIOPortP5_Handler</a> from startup.o(RESET) referenced from startup.o(RESET)
 <LI><a href="#[6b]">GPIOPortP6_Handler</a> from startup.o(RESET) referenced from startup.o(RESET)
 <LI><a href="#[6c]">GPIOPortP7_Handler</a> from startup.o(RESET) referenced from startup.o(RESET)
 <LI><a href="#[65]">GPIOPortP_Handler</a> from startup.o(RESET) referenced from startup.o(RESET)
 <LI><a href="#[6e]">GPIOPortQ1_Handler</a> from startup.o(RESET) referenced from startup.o(RESET)
 <LI><a href="#[6f]">GPIOPortQ2_Handler</a> from startup.o(RESET) referenced from startup.o(RESET)
 <LI><a href="#[70]">GPIOPortQ3_Handler</a> from startup.o(RESET) referenced from startup.o(RESET)
 <LI><a href="#[71]">GPIOPortQ4_Handler</a> from startup.o(RESET) referenced from startup.o(RESET)
 <LI><a href="#[72]">GPIOPortQ5_Handler</a> from startup.o(RESET) referenced from startup.o(RESET)
 <LI><a href="#[73]">GPIOPortQ6_Handler</a> from startup.o(RESET) referenced from startup.o(RESET)
 <LI><a href="#[74]">GPIOPortQ7_Handler</a> from startup.o(RESET) referenced from startup.o(RESET)
 <LI><a href="#[6d]">GPIOPortQ_Handler</a> from startup.o(RESET) referenced from startup.o(RESET)
 <LI><a href="#[75]">GPIOPortR_Handler</a> from startup.o(RESET) referenced from startup.o(RESET)
 <LI><a href="#[76]">GPIOPortS_Handler</a> from startup.o(RESET) referenced from startup.o(RESET)
 <LI><a href="#[2]">HardFault_Handler</a> from startup.o(RESET) referenced from startup.o(RESET)
 <LI><a href="#[35]">Hibernate_Handler</a> from startup.o(RESET) referenced from startup.o(RESET)
 <LI><a href="#[12]">I2C0_Handler</a> from startup.o(RESET) referenced from startup.o(RESET)
 <LI><a href="#[2f]">I2C1_Handler</a> from startup.o(RESET) referenced from startup.o(RESET)
 <LI><a href="#[4a]">I2C2_Handler</a> from startup.o(RESET) referenced from startup.o(RESET)
 <LI><a href="#[4b]">I2C3_Handler</a> from startup.o(RESET) referenced from startup.o(RESET)
 <LI><a href="#[5f]">I2C4_Handler</a> from startup.o(RESET) referenced from startup.o(RESET)
 <LI><a href="#[60]">I2C5_Handler</a> from startup.o(RESET) referenced from startup.o(RESET)
 <LI><a href="#[3e]">I2S0_Handler</a> from startup.o(RESET) referenced from startup.o(RESET)
 <LI><a href="#[87]">Interpreter</a> from main.o(i.Interpreter) referenced from main.o(i.main)
 <LI><a href="#[5e]">LPC0_Handler</a> from startup.o(RESET) referenced from startup.o(RESET)
 <LI><a href="#[3]">MemManage_Handler</a> from startup.o(RESET) referenced from startup.o(RESET)
 <LI><a href="#[1]">NMI_Handler</a> from startup.o(RESET) referenced from startup.o(RESET)
 <LI><a href="#[5d]">PECI0_Handler</a> from startup.o(RESET) referenced from startup.o(RESET)
 <LI><a href="#[13]">PWM0Fault_Handler</a> from startup.o(RESET) referenced from startup.o(RESET)
 <LI><a href="#[14]">PWM0Generator0_Handler</a> from startup.o(RESET) referenced from startup.o(RESET)
 <LI><a href="#[15]">PWM0Generator1_Handler</a> from startup.o(RESET) referenced from startup.o(RESET)
 <LI><a href="#[16]">PWM0Generator2_Handler</a> from startup.o(RESET) referenced from startup.o(RESET)
 <LI><a href="#[37]">PWM0Generator3_Handler</a> from startup.o(RESET) referenced from startup.o(RESET)
 <LI><a href="#[7b]">PWM1Fault_Handler</a> from startup.o(RESET) referenced from startup.o(RESET)
 <LI><a href="#[77]">PWM1Generator0_Handler</a> from startup.o(RESET) referenced from startup.o(RESET)
 <LI><a href="#[78]">PWM1Generator1_Handler</a> from startup.o(RESET) referenced from startup.o(RESET)
 <LI><a href="#[79]">PWM1Generator2_Handler</a> from startup.o(RESET) referenced from startup.o(RESET)
 <LI><a href="#[7a]">PWM1Generator3_Handler</a> from startup.o(RESET) referenced from startup.o(RESET)
 <LI><a href="#[8]">PendSV_Handler</a> from startup.o(RESET) referenced from startup.o(RESET)
 <LI><a href="#[86]">PeriodicUpdater</a> from main.o(i.PeriodicUpdater) referenced from main.o(i.main)
 <LI><a href="#[85]">Producer</a> from main.o(i.Producer) referenced from main.o(i.main)
 <LI><a href="#[17]">Quadrature0_Handler</a> from startup.o(RESET) referenced from startup.o(RESET)
 <LI><a href="#[30]">Quadrature1_Handler</a> from startup.o(RESET) referenced from startup.o(RESET)
 <LI><a href="#[63]">Quadrature2_Handler</a> from startup.o(RESET) referenced from startup.o(RESET)
 <LI><a href="#[89]">Reset_Handler</a> from startup.o(RESET) referenced from startup.o(RESET)
 <LI><a href="#[82]">Restart</a> from main.o(i.Restart) referenced from main.o(i.SW2Push)
 <LI><a href="#[11]">SSI0_Handler</a> from startup.o(RESET) referenced from startup.o(RESET)
 <LI><a href="#[2c]">SSI1_Handler</a> from startup.o(RESET) referenced from startup.o(RESET)
 <LI><a href="#[43]">SSI2_Handler</a> from startup.o(RESET) referenced from startup.o(RESET)
 <LI><a href="#[44]">SSI3_Handler</a> from startup.o(RESET) referenced from startup.o(RESET)
 <LI><a href="#[6]">SVC_Handler</a> from startup.o(RESET) referenced from startup.o(RESET)
 <LI><a href="#[83]">SW1Push</a> from main.o(i.SW1Push) referenced from main.o(i.main)
 <LI><a href="#[84]">SW2Push</a> from main.o(i.SW2Push) referenced from main.o(i.main)
 <LI><a href="#[26]">SysCtl_Handler</a> from startup.o(RESET) referenced from startup.o(RESET)
 <LI><a href="#[9]">SysTick_Handler</a> from osasm.o(.text) referenced from startup.o(RESET)
 <LI><a href="#[1d]">Timer0A_Handler</a> from startup.o(RESET) referenced from startup.o(RESET)
 <LI><a href="#[1e]">Timer0B_Handler</a> from startup.o(RESET) referenced from startup.o(RESET)
 <LI><a href="#[1f]">Timer1A_Handler</a> from os.o(i.Timer1A_Handler) referenced from startup.o(RESET)
 <LI><a href="#[20]">Timer1B_Handler</a> from startup.o(RESET) referenced from startup.o(RESET)
 <LI><a href="#[21]">Timer2A_Handler</a> from os.o(i.Timer2A_Handler) referenced from startup.o(RESET)
 <LI><a href="#[22]">Timer2B_Handler</a> from startup.o(RESET) referenced from startup.o(RESET)
 <LI><a href="#[2d]">Timer3A_Handler</a> from os.o(i.Timer3A_Handler) referenced from startup.o(RESET)
 <LI><a href="#[2e]">Timer3B_Handler</a> from startup.o(RESET) referenced from startup.o(RESET)
 <LI><a href="#[4c]">Timer4A_Handler</a> from os.o(i.Timer4A_Handler) referenced from startup.o(RESET)
 <LI><a href="#[4d]">Timer4B_Handler</a> from startup.o(RESET) referenced from startup.o(RESET)
 <LI><a href="#[4e]">Timer5A_Handler</a> from startup.o(RESET) referenced from startup.o(RESET)
 <LI><a href="#[4f]">Timer5B_Handler</a> from startup.o(RESET) referenced from startup.o(RESET)
 <LI><a href="#[f]">UART0_Handler</a> from uart.o(i.UART0_Handler) referenced from startup.o(RESET)
 <LI><a href="#[10]">UART1_Handler</a> from startup.o(RESET) referenced from startup.o(RESET)
 <LI><a href="#[2b]">UART2_Handler</a> from startup.o(RESET) referenced from startup.o(RESET)
 <LI><a href="#[45]">UART3_Handler</a> from startup.o(RESET) referenced from startup.o(RESET)
 <LI><a href="#[46]">UART4_Handler</a> from startup.o(RESET) referenced from startup.o(RESET)
 <LI><a href="#[47]">UART5_Handler</a> from startup.o(RESET) referenced from startup.o(RESET)
 <LI><a href="#[48]">UART6_Handler</a> from startup.o(RESET) referenced from startup.o(RESET)
 <LI><a href="#[49]">UART7_Handler</a> from startup.o(RESET) referenced from startup.o(RESET)
 <LI><a href="#[36]">USB0_Handler</a> from startup.o(RESET) referenced from startup.o(RESET)
 <LI><a href="#[5]">UsageFault_Handler</a> from startup.o(RESET) referenced from startup.o(RESET)
 <LI><a href="#[1c]">WDT_Handler</a> from startup.o(RESET) referenced from startup.o(RESET)
 <LI><a href="#[50]">WideTimer0A_Handler</a> from startup.o(RESET) referenced from startup.o(RESET)
 <LI><a href="#[51]">WideTimer0B_Handler</a> from startup.o(RESET) referenced from startup.o(RESET)
 <LI><a href="#[52]">WideTimer1A_Handler</a> from startup.o(RESET) referenced from startup.o(RESET)
 <LI><a href="#[53]">WideTimer1B_Handler</a> from startup.o(RESET) referenced from startup.o(RESET)
 <LI><a href="#[54]">WideTimer2A_Handler</a> from startup.o(RESET) referenced from startup.o(RESET)
 <LI><a href="#[55]">WideTimer2B_Handler</a> from startup.o(RESET) referenced from startup.o(RESET)
 <LI><a href="#[56]">WideTimer3A_Handler</a> from startup.o(RESET) referenced from startup.o(RESET)
 <LI><a href="#[57]">WideTimer3B_Handler</a> from startup.o(RESET) referenced from startup.o(RESET)
 <LI><a href="#[58]">WideTimer4A_Handler</a> from startup.o(RESET) referenced from startup.o(RESET)
 <LI><a href="#[59]">WideTimer4B_Handler</a> from startup.o(RESET) referenced from startup.o(RESET)
 <LI><a href="#[5a]">WideTimer5A_Handler</a> from startup.o(RESET) referenced from startup.o(RESET)
 <LI><a href="#[5b]">WideTimer5B_Handler</a> from startup.o(RESET) referenced from startup.o(RESET)
 <LI><a href="#[7c]">main</a> from main.o(i.main) referenced from entry9a.o(.ARM.Collect$$$$0000000B)
 <LI><a href="#[39]">uDMA_Error</a> from startup.o(RESET) referenced from startup.o(RESET)
 <LI><a href="#[38]">uDMA_Handler</a> from startup.o(RESET) referenced from startup.o(RESET)
</UL>
<P>
<H3>
Global Symbols
</H3>
<P><STRONG><a name="[89]"></a>Reset_Handler</STRONG> (Thumb, 0 bytes, Stack size unknown bytes, startup.o(RESET))
<BR><BR>[Calls]<UL><LI><a href="#[8a]">&gt;&gt;</a>&nbsp;&nbsp;&nbsp;__main
</UL>

<P><STRONG><a name="[1]"></a>NMI_Handler</STRONG> (Thumb, 2 bytes, Stack size 0 bytes, startup.o(RESET))
<BR><BR>[Calls]<UL><LI><a href="#[1]">&gt;&gt;</a>&nbsp;&nbsp;&nbsp;NMI_Handler
</UL>
<BR>[Called By]<UL><LI><a href="#[1]">&gt;&gt;</a>&nbsp;&nbsp;&nbsp;NMI_Handler
</UL>
<BR>[Address Reference Count : 1]<UL><LI> startup.o(RESET)
</UL>
<P><STRONG><a name="[2]"></a>HardFault_Handler</STRONG> (Thumb, 2 bytes, Stack size 0 bytes, startup.o(RESET))
<BR><BR>[Calls]<UL><LI><a href="#[2]">&gt;&gt;</a>&nbsp;&nbsp;&nbsp;HardFault_Handler
</UL>
<BR>[Called By]<UL><LI><a href="#[2]">&gt;&gt;</a>&nbsp;&nbsp;&nbsp;HardFault_Handler
</UL>
<BR>[Address Reference Count : 1]<UL><LI> startup.o(RESET)
</UL>
<P><STRONG><a name="[3]"></a>MemManage_Handler</STRONG> (Thumb, 2 bytes, Stack size 0 bytes, startup.o(RESET))
<BR><BR>[Calls]<UL><LI><a href="#[3]">&gt;&gt;</a>&nbsp;&nbsp;&nbsp;MemManage_Handler
</UL>
<BR>[Called By]<UL><LI><a href="#[3]">&gt;&gt;</a>&nbsp;&nbsp;&nbsp;MemManage_Handler
</UL>
<BR>[Address Reference Count : 1]<UL><LI> startup.o(RESET)
</UL>
<P><STRONG><a name="[4]"></a>BusFault_Handler</STRONG> (Thumb, 2 bytes, Stack size 0 bytes, startup.o(RESET))
<BR><BR>[Calls]<UL><LI><a href="#[4]">&gt;&gt;</a>&nbsp;&nbsp;&nbsp;BusFault_Handler
</UL>
<BR>[Called By]<UL><LI><a href="#[4]">&gt;&gt;</a>&nbsp;&nbsp;&nbsp;BusFault_Handler
</UL>
<BR>[Address Reference Count : 1]<UL><LI> startup.o(RESET)
</UL>
<P><STRONG><a name="[5]"></a>UsageFault_Handler</STRONG> (Thumb, 2 bytes, Stack size 0 bytes, startup.o(RESET))
<BR><BR>[Calls]<UL><LI><a href="#[5]">&gt;&gt;</a>&nbsp;&nbsp;&nbsp;UsageFault_Handler
</UL>
<BR>[Called By]<UL><LI><a href="#[5]">&gt;&gt;</a>&nbsp;&nbsp;&nbsp;UsageFault_Handler
</UL>
<BR>[Address Reference Count : 1]<UL><LI> startup.o(RESET)
</UL>
<P><STRONG><a name="[6]"></a>SVC_Handler</STRONG> (Thumb, 2 bytes, Stack size 0 bytes, startup.o(RESET))
<BR><BR>[Calls]<UL><LI><a href="#[6]">&gt;&gt;</a>&nbsp;&nbsp;&nbsp;SVC_Handler
</UL>
<BR>[Called By]<UL><LI><a href="#[6]">&gt;&gt;</a>&nbsp;&nbsp;&nbsp;SVC_Handler
</UL>
<BR>[Address Reference Count : 1]<UL><LI> startup.o(RESET)
</UL>
<P><STRONG><a name="[7]"></a>DebugMon_Handler</STRONG> (Thumb, 2 bytes, Stack size 0 bytes, startup.o(RESET))
<BR><BR>[Calls]<UL><LI><a href="#[7]">&gt;&gt;</a>&nbsp;&nbsp;&nbsp;DebugMon_Handler
</UL>
<BR>[Called By]<UL><LI><a href="#[7]">&gt;&gt;</a>&nbsp;&nbsp;&nbsp;DebugMon_Handler
</UL>
<BR>[Address Reference Count : 1]<UL><LI> startup.o(RESET)
</UL>
<P><STRONG><a name="[8]"></a>PendSV_Handler</STRONG> (Thumb, 2 bytes, Stack size 0 bytes, startup.o(RESET))
<BR><BR>[Calls]<UL><LI><a href="#[8]">&gt;&gt;</a>&nbsp;&nbsp;&nbsp;PendSV_Handler
</UL>
<BR>[Called By]<UL><LI><a href="#[8]">&gt;&gt;</a>&nbsp;&nbsp;&nbsp;PendSV_Handler
</UL>
<BR>[Address Reference Count : 1]<UL><LI> startup.o(RESET)
</UL>
<P><STRONG><a name="[18]"></a>ADC0Seq0_Handler</STRONG> (Thumb, 0 bytes, Stack size 0 bytes, startup.o(RESET))
<BR><BR>[Calls]<UL><LI><a href="#[18]">&gt;&gt;</a>&nbsp;&nbsp;&nbsp;ADC0Seq0_Handler
</UL>
<BR>[Called By]<UL><LI><a href="#[18]">&gt;&gt;</a>&nbsp;&nbsp;&nbsp;ADC0Seq0_Handler
</UL>
<BR>[Address Reference Count : 1]<UL><LI> startup.o(RESET)
</UL>
<P><STRONG><a name="[19]"></a>ADC0Seq1_Handler</STRONG> (Thumb, 0 bytes, Stack size 0 bytes, startup.o(RESET))
<BR>[Address Reference Count : 1]<UL><LI> startup.o(RESET)
</UL>
<P><STRONG><a name="[1a]"></a>ADC0Seq2_Handler</STRONG> (Thumb, 0 bytes, Stack size 0 bytes, startup.o(RESET))
<BR>[Address Reference Count : 1]<UL><LI> startup.o(RESET)
</UL>
<P><STRONG><a name="[1b]"></a>ADC0Seq3_Handler</STRONG> (Thumb, 0 bytes, Stack size 0 bytes, startup.o(RESET))
<BR>[Address Reference Count : 1]<UL><LI> startup.o(RESET)
</UL>
<P><STRONG><a name="[3a]"></a>ADC1Seq0_Handler</STRONG> (Thumb, 0 bytes, Stack size 0 bytes, startup.o(RESET))
<BR>[Address Reference Count : 1]<UL><LI> startup.o(RESET)
</UL>
<P><STRONG><a name="[3b]"></a>ADC1Seq1_Handler</STRONG> (Thumb, 0 bytes, Stack size 0 bytes, startup.o(RESET))
<BR>[Address Reference Count : 1]<UL><LI> startup.o(RESET)
</UL>
<P><STRONG><a name="[3c]"></a>ADC1Seq2_Handler</STRONG> (Thumb, 0 bytes, Stack size 0 bytes, startup.o(RESET))
<BR>[Address Reference Count : 1]<UL><LI> startup.o(RESET)
</UL>
<P><STRONG><a name="[3d]"></a>ADC1Seq3_Handler</STRONG> (Thumb, 0 bytes, Stack size 0 bytes, startup.o(RESET))
<BR>[Address Reference Count : 1]<UL><LI> startup.o(RESET)
</UL>
<P><STRONG><a name="[31]"></a>CAN0_Handler</STRONG> (Thumb, 0 bytes, Stack size 0 bytes, startup.o(RESET))
<BR>[Address Reference Count : 1]<UL><LI> startup.o(RESET)
</UL>
<P><STRONG><a name="[32]"></a>CAN1_Handler</STRONG> (Thumb, 0 bytes, Stack size 0 bytes, startup.o(RESET))
<BR>[Address Reference Count : 1]<UL><LI> startup.o(RESET)
</UL>
<P><STRONG><a name="[33]"></a>CAN2_Handler</STRONG> (Thumb, 0 bytes, Stack size 0 bytes, startup.o(RESET))
<BR>[Address Reference Count : 1]<UL><LI> startup.o(RESET)
</UL>
<P><STRONG><a name="[23]"></a>Comp0_Handler</STRONG> (Thumb, 0 bytes, Stack size 0 bytes, startup.o(RESET))
<BR>[Address Reference Count : 1]<UL><LI> startup.o(RESET)
</UL>
<P><STRONG><a name="[24]"></a>Comp1_Handler</STRONG> (Thumb, 0 bytes, Stack size 0 bytes, startup.o(RESET))
<BR>[Address Reference Count : 1]<UL><LI> startup.o(RESET)
</UL>
<P><STRONG><a name="[25]"></a>Comp2_Handler</STRONG> (Thumb, 0 bytes, Stack size 0 bytes, startup.o(RESET))
<BR>[Address Reference Count : 1]<UL><LI> startup.o(RESET)
</UL>
<P><STRONG><a name="[34]"></a>Ethernet_Handler</STRONG> (Thumb, 0 bytes, Stack size 0 bytes, startup.o(RESET))
<BR>[Address Reference Count : 1]<UL><LI> startup.o(RESET)
</UL>
<P><STRONG><a name="[3f]"></a>ExtBus_Handler</STRONG> (Thumb, 0 bytes, Stack size 0 bytes, startup.o(RESET))
<BR>[Address Reference Count : 1]<UL><LI> startup.o(RESET)
</UL>
<P><STRONG><a name="[5c]"></a>FPU_Handler</STRONG> (Thumb, 0 bytes, Stack size 0 bytes, startup.o(RESET))
<BR>[Address Reference Count : 1]<UL><LI> startup.o(RESET)
</UL>
<P><STRONG><a name="[64]"></a>Fan0_Handler</STRONG> (Thumb, 0 bytes, Stack size 0 bytes, startup.o(RESET))
<BR>[Address Reference Count : 1]<UL><LI> startup.o(RESET)
</UL>
<P><STRONG><a name="[27]"></a>FlashCtl_Handler</STRONG> (Thumb, 0 bytes, Stack size 0 bytes, startup.o(RESET))
<BR>[Address Reference Count : 1]<UL><LI> startup.o(RESET)
</UL>
<P><STRONG><a name="[a]"></a>GPIOPortA_Handler</STRONG> (Thumb, 0 bytes, Stack size 0 bytes, startup.o(RESET))
<BR>[Address Reference Count : 1]<UL><LI> startup.o(RESET)
</UL>
<P><STRONG><a name="[b]"></a>GPIOPortB_Handler</STRONG> (Thumb, 0 bytes, Stack size 0 bytes, startup.o(RESET))
<BR>[Address Reference Count : 1]<UL><LI> startup.o(RESET)
</UL>
<P><STRONG><a name="[c]"></a>GPIOPortC_Handler</STRONG> (Thumb, 0 bytes, Stack size 0 bytes, startup.o(RESET))
<BR>[Address Reference Count : 1]<UL><LI> startup.o(RESET)
</UL>
<P><STRONG><a name="[e]"></a>GPIOPortE_Handler</STRONG> (Thumb, 0 bytes, Stack size 0 bytes, startup.o(RESET))
<BR>[Address Reference Count : 1]<UL><LI> startup.o(RESET)
</UL>
<P><STRONG><a name="[28]"></a>GPIOPortF_Handler</STRONG> (Thumb, 0 bytes, Stack size 0 bytes, startup.o(RESET))
<BR>[Address Reference Count : 1]<UL><LI> startup.o(RESET)
</UL>
<P><STRONG><a name="[29]"></a>GPIOPortG_Handler</STRONG> (Thumb, 0 bytes, Stack size 0 bytes, startup.o(RESET))
<BR>[Address Reference Count : 1]<UL><LI> startup.o(RESET)
</UL>
<P><STRONG><a name="[2a]"></a>GPIOPortH_Handler</STRONG> (Thumb, 0 bytes, Stack size 0 bytes, startup.o(RESET))
<BR>[Address Reference Count : 1]<UL><LI> startup.o(RESET)
</UL>
<P><STRONG><a name="[40]"></a>GPIOPortJ_Handler</STRONG> (Thumb, 0 bytes, Stack size 0 bytes, startup.o(RESET))
<BR>[Address Reference Count : 1]<UL><LI> startup.o(RESET)
</UL>
<P><STRONG><a name="[41]"></a>GPIOPortK_Handler</STRONG> (Thumb, 0 bytes, Stack size 0 bytes, startup.o(RESET))
<BR>[Address Reference Count : 1]<UL><LI> startup.o(RESET)
</UL>
<P><STRONG><a name="[42]"></a>GPIOPortL_Handler</STRONG> (Thumb, 0 bytes, Stack size 0 bytes, startup.o(RESET))
<BR>[Address Reference Count : 1]<UL><LI> startup.o(RESET)
</UL>
<P><STRONG><a name="[61]"></a>GPIOPortM_Handler</STRONG> (Thumb, 0 bytes, Stack size 0 bytes, startup.o(RESET))
<BR>[Address Reference Count : 1]<UL><LI> startup.o(RESET)
</UL>
<P><STRONG><a name="[62]"></a>GPIOPortN_Handler</STRONG> (Thumb, 0 bytes, Stack size 0 bytes, startup.o(RESET))
<BR>[Address Reference Count : 1]<UL><LI> startup.o(RESET)
</UL>
<P><STRONG><a name="[66]"></a>GPIOPortP1_Handler</STRONG> (Thumb, 0 bytes, Stack size 0 bytes, startup.o(RESET))
<BR>[Address Reference Count : 1]<UL><LI> startup.o(RESET)
</UL>
<P><STRONG><a name="[67]"></a>GPIOPortP2_Handler</STRONG> (Thumb, 0 bytes, Stack size 0 bytes, startup.o(RESET))
<BR>[Address Reference Count : 1]<UL><LI> startup.o(RESET)
</UL>
<P><STRONG><a name="[68]"></a>GPIOPortP3_Handler</STRONG> (Thumb, 0 bytes, Stack size 0 bytes, startup.o(RESET))
<BR>[Address Reference Count : 1]<UL><LI> startup.o(RESET)
</UL>
<P><STRONG><a name="[69]"></a>GPIOPortP4_Handler</STRONG> (Thumb, 0 bytes, Stack size 0 bytes, startup.o(RESET))
<BR>[Address Reference Count : 1]<UL><LI> startup.o(RESET)
</UL>
<P><STRONG><a name="[6a]"></a>GPIOPortP5_Handler</STRONG> (Thumb, 0 bytes, Stack size 0 bytes, startup.o(RESET))
<BR>[Address Reference Count : 1]<UL><LI> startup.o(RESET)
</UL>
<P><STRONG><a name="[6b]"></a>GPIOPortP6_Handler</STRONG> (Thumb, 0 bytes, Stack size 0 bytes, startup.o(RESET))
<BR>[Address Reference Count : 1]<UL><LI> startup.o(RESET)
</UL>
<P><STRONG><a name="[6c]"></a>GPIOPortP7_Handler</STRONG> (Thumb, 0 bytes, Stack size 0 bytes, startup.o(RESET))
<BR>[Address Reference Count : 1]<UL><LI> startup.o(RESET)
</UL>
<P><STRONG><a name="[65]"></a>GPIOPortP_Handler</STRONG> (Thumb, 0 bytes, Stack size 0 bytes, startup.o(RESET))
<BR>[Address Reference Count : 1]<UL><LI> startup.o(RESET)
</UL>
<P><STRONG><a name="[6e]"></a>GPIOPortQ1_Handler</STRONG> (Thumb, 0 bytes, Stack size 0 bytes, startup.o(RESET))
<BR>[Address Reference Count : 1]<UL><LI> startup.o(RESET)
</UL>
<P><STRONG><a name="[6f]"></a>GPIOPortQ2_Handler</STRONG> (Thumb, 0 bytes, Stack size 0 bytes, startup.o(RESET))
<BR>[Address Reference Count : 1]<UL><LI> startup.o(RESET)
</UL>
<P><STRONG><a name="[70]"></a>GPIOPortQ3_Handler</STRONG> (Thumb, 0 bytes, Stack size 0 bytes, startup.o(RESET))
<BR>[Address Reference Count : 1]<UL><LI> startup.o(RESET)
</UL>
<P><STRONG><a name="[71]"></a>GPIOPortQ4_Handler</STRONG> (Thumb, 0 bytes, Stack size 0 bytes, startup.o(RESET))
<BR>[Address Reference Count : 1]<UL><LI> startup.o(RESET)
</UL>
<P><STRONG><a name="[72]"></a>GPIOPortQ5_Handler</STRONG> (Thumb, 0 bytes, Stack size 0 bytes, startup.o(RESET))
<BR>[Address Reference Count : 1]<UL><LI> startup.o(RESET)
</UL>
<P><STRONG><a name="[73]"></a>GPIOPortQ6_Handler</STRONG> (Thumb, 0 bytes, Stack size 0 bytes, startup.o(RESET))
<BR>[Address Reference Count : 1]<UL><LI> startup.o(RESET)
</UL>
<P><STRONG><a name="[74]"></a>GPIOPortQ7_Handler</STRONG> (Thumb, 0 bytes, Stack size 0 bytes, startup.o(RESET))
<BR>[Address Reference Count : 1]<UL><LI> startup.o(RESET)
</UL>
<P><STRONG><a name="[6d]"></a>GPIOPortQ_Handler</STRONG> (Thumb, 0 bytes, Stack size 0 bytes, startup.o(RESET))
<BR>[Address Reference Count : 1]<UL><LI> startup.o(RESET)
</UL>
<P><STRONG><a name="[75]"></a>GPIOPortR_Handler</STRONG> (Thumb, 0 bytes, Stack size 0 bytes, startup.o(RESET))
<BR>[Address Reference Count : 1]<UL><LI> startup.o(RESET)
</UL>
<P><STRONG><a name="[76]"></a>GPIOPortS_Handler</STRONG> (Thumb, 0 bytes, Stack size 0 bytes, startup.o(RESET))
<BR>[Address Reference Count : 1]<UL><LI> startup.o(RESET)
</UL>
<P><STRONG><a name="[35]"></a>Hibernate_Handler</STRONG> (Thumb, 0 bytes, Stack size 0 bytes, startup.o(RESET))
<BR>[Address Reference Count : 1]<UL><LI> startup.o(RESET)
</UL>
<P><STRONG><a name="[12]"></a>I2C0_Handler</STRONG> (Thumb, 0 bytes, Stack size 0 bytes, startup.o(RESET))
<BR>[Address Reference Count : 1]<UL><LI> startup.o(RESET)
</UL>
<P><STRONG><a name="[2f]"></a>I2C1_Handler</STRONG> (Thumb, 0 bytes, Stack size 0 bytes, startup.o(RESET))
<BR>[Address Reference Count : 1]<UL><LI> startup.o(RESET)
</UL>
<P><STRONG><a name="[4a]"></a>I2C2_Handler</STRONG> (Thumb, 0 bytes, Stack size 0 bytes, startup.o(RESET))
<BR>[Address Reference Count : 1]<UL><LI> startup.o(RESET)
</UL>
<P><STRONG><a name="[4b]"></a>I2C3_Handler</STRONG> (Thumb, 0 bytes, Stack size 0 bytes, startup.o(RESET))
<BR>[Address Reference Count : 1]<UL><LI> startup.o(RESET)
</UL>
<P><STRONG><a name="[5f]"></a>I2C4_Handler</STRONG> (Thumb, 0 bytes, Stack size 0 bytes, startup.o(RESET))
<BR>[Address Reference Count : 1]<UL><LI> startup.o(RESET)
</UL>
<P><STRONG><a name="[60]"></a>I2C5_Handler</STRONG> (Thumb, 0 bytes, Stack size 0 bytes, startup.o(RESET))
<BR>[Address Reference Count : 1]<UL><LI> startup.o(RESET)
</UL>
<P><STRONG><a name="[3e]"></a>I2S0_Handler</STRONG> (Thumb, 0 bytes, Stack size 0 bytes, startup.o(RESET))
<BR>[Address Reference Count : 1]<UL><LI> startup.o(RESET)
</UL>
<P><STRONG><a name="[5e]"></a>LPC0_Handler</STRONG> (Thumb, 0 bytes, Stack size 0 bytes, startup.o(RESET))
<BR>[Address Reference Count : 1]<UL><LI> startup.o(RESET)
</UL>
<P><STRONG><a name="[5d]"></a>PECI0_Handler</STRONG> (Thumb, 0 bytes, Stack size 0 bytes, startup.o(RESET))
<BR>[Address Reference Count : 1]<UL><LI> startup.o(RESET)
</UL>
<P><STRONG><a name="[13]"></a>PWM0Fault_Handler</STRONG> (Thumb, 0 bytes, Stack size 0 bytes, startup.o(RESET))
<BR>[Address Reference Count : 1]<UL><LI> startup.o(RESET)
</UL>
<P><STRONG><a name="[14]"></a>PWM0Generator0_Handler</STRONG> (Thumb, 0 bytes, Stack size 0 bytes, startup.o(RESET))
<BR>[Address Reference Count : 1]<UL><LI> startup.o(RESET)
</UL>
<P><STRONG><a name="[15]"></a>PWM0Generator1_Handler</STRONG> (Thumb, 0 bytes, Stack size 0 bytes, startup.o(RESET))
<BR>[Address Reference Count : 1]<UL><LI> startup.o(RESET)
</UL>
<P><STRONG><a name="[16]"></a>PWM0Generator2_Handler</STRONG> (Thumb, 0 bytes, Stack size 0 bytes, startup.o(RESET))
<BR>[Address Reference Count : 1]<UL><LI> startup.o(RESET)
</UL>
<P><STRONG><a name="[37]"></a>PWM0Generator3_Handler</STRONG> (Thumb, 0 bytes, Stack size 0 bytes, startup.o(RESET))
<BR>[Address Reference Count : 1]<UL><LI> startup.o(RESET)
</UL>
<P><STRONG><a name="[7b]"></a>PWM1Fault_Handler</STRONG> (Thumb, 0 bytes, Stack size 0 bytes, startup.o(RESET))
<BR>[Address Reference Count : 1]<UL><LI> startup.o(RESET)
</UL>
<P><STRONG><a name="[77]"></a>PWM1Generator0_Handler</STRONG> (Thumb, 0 bytes, Stack size 0 bytes, startup.o(RESET))
<BR>[Address Reference Count : 1]<UL><LI> startup.o(RESET)
</UL>
<P><STRONG><a name="[78]"></a>PWM1Generator1_Handler</STRONG> (Thumb, 0 bytes, Stack size 0 bytes, startup.o(RESET))
<BR>[Address Reference Count : 1]<UL><LI> startup.o(RESET)
</UL>
<P><STRONG><a name="[79]"></a>PWM1Generator2_Handler</STRONG> (Thumb, 0 bytes, Stack size 0 bytes, startup.o(RESET))
<BR>[Address Reference Count : 1]<UL><LI> startup.o(RESET)
</UL>
<P><STRONG><a name="[7a]"></a>PWM1Generator3_Handler</STRONG> (Thumb, 0 bytes, Stack size 0 bytes, startup.o(RESET))
<BR>[Address Reference Count : 1]<UL><LI> startup.o(RESET)
</UL>
<P><STRONG><a name="[17]"></a>Quadrature0_Handler</STRONG> (Thumb, 0 bytes, Stack size 0 bytes, startup.o(RESET))
<BR>[Address Reference Count : 1]<UL><LI> startup.o(RESET)
</UL>
<P><STRONG><a name="[30]"></a>Quadrature1_Handler</STRONG> (Thumb, 0 bytes, Stack size 0 bytes, startup.o(RESET))
<BR>[Address Reference Count : 1]<UL><LI> startup.o(RESET)
</UL>
<P><STRONG><a name="[63]"></a>Quadrature2_Handler</STRONG> (Thumb, 0 bytes, Stack size 0 bytes, startup.o(RESET))
<BR>[Address Reference Count : 1]<UL><LI> startup.o(RESET)
</UL>
<P><STRONG><a name="[11]"></a>SSI0_Handler</STRONG> (Thumb, 0 bytes, Stack size 0 bytes, startup.o(RESET))
<BR>[Address Reference Count : 1]<UL><LI> startup.o(RESET)
</UL>
<P><STRONG><a name="[2c]"></a>SSI1_Handler</STRONG> (Thumb, 0 bytes, Stack size 0 bytes, startup.o(RESET))
<BR>[Address Reference Count : 1]<UL><LI> startup.o(RESET)
</UL>
<P><STRONG><a name="[43]"></a>SSI2_Handler</STRONG> (Thumb, 0 bytes, Stack size 0 bytes, startup.o(RESET))
<BR>[Address Reference Count : 1]<UL><LI> startup.o(RESET)
</UL>
<P><STRONG><a name="[44]"></a>SSI3_Handler</STRONG> (Thumb, 0 bytes, Stack size 0 bytes, startup.o(RESET))
<BR>[Address Reference Count : 1]<UL><LI> startup.o(RESET)
</UL>
<P><STRONG><a name="[26]"></a>SysCtl_Handler</STRONG> (Thumb, 0 bytes, Stack size 0 bytes, startup.o(RESET))
<BR>[Address Reference Count : 1]<UL><LI> startup.o(RESET)
</UL>
<P><STRONG><a name="[1d]"></a>Timer0A_Handler</STRONG> (Thumb, 0 bytes, Stack size 0 bytes, startup.o(RESET))
<BR>[Address Reference Count : 1]<UL><LI> startup.o(RESET)
</UL>
<P><STRONG><a name="[1e]"></a>Timer0B_Handler</STRONG> (Thumb, 0 bytes, Stack size 0 bytes, startup.o(RESET))
<BR>[Address Reference Count : 1]<UL><LI> startup.o(RESET)
</UL>
<P><STRONG><a name="[20]"></a>Timer1B_Handler</STRONG> (Thumb, 0 bytes, Stack size 0 bytes, startup.o(RESET))
<BR>[Address Reference Count : 1]<UL><LI> startup.o(RESET)
</UL>
<P><STRONG><a name="[22]"></a>Timer2B_Handler</STRONG> (Thumb, 0 bytes, Stack size 0 bytes, startup.o(RESET))
<BR>[Address Reference Count : 1]<UL><LI> startup.o(RESET)
</UL>
<P><STRONG><a name="[2e]"></a>Timer3B_Handler</STRONG> (Thumb, 0 bytes, Stack size 0 bytes, startup.o(RESET))
<BR>[Address Reference Count : 1]<UL><LI> startup.o(RESET)
</UL>
<P><STRONG><a name="[4d]"></a>Timer4B_Handler</STRONG> (Thumb, 0 bytes, Stack size 0 bytes, startup.o(RESET))
<BR>[Address Reference Count : 1]<UL><LI> startup.o(RESET)
</UL>
<P><STRONG><a name="[4e]"></a>Timer5A_Handler</STRONG> (Thumb, 0 bytes, Stack size 0 bytes, startup.o(RESET))
<BR>[Address Reference Count : 1]<UL><LI> startup.o(RESET)
</UL>
<P><STRONG><a name="[4f]"></a>Timer5B_Handler</STRONG> (Thumb, 0 bytes, Stack size 0 bytes, startup.o(RESET))
<BR>[Address Reference Count : 1]<UL><LI> startup.o(RESET)
</UL>
<P><STRONG><a name="[10]"></a>UART1_Handler</STRONG> (Thumb, 0 bytes, Stack size 0 bytes, startup.o(RESET))
<BR>[Address Reference Count : 1]<UL><LI> startup.o(RESET)
</UL>
<P><STRONG><a name="[2b]"></a>UART2_Handler</STRONG> (Thumb, 0 bytes, Stack size 0 bytes, startup.o(RESET))
<BR>[Address Reference Count : 1]<UL><LI> startup.o(RESET)
</UL>
<P><STRONG><a name="[45]"></a>UART3_Handler</STRONG> (Thumb, 0 bytes, Stack size 0 bytes, startup.o(RESET))
<BR>[Address Reference Count : 1]<UL><LI> startup.o(RESET)
</UL>
<P><STRONG><a name="[46]"></a>UART4_Handler</STRONG> (Thumb, 0 bytes, Stack size 0 bytes, startup.o(RESET))
<BR>[Address Reference Count : 1]<UL><LI> startup.o(RESET)
</UL>
<P><STRONG><a name="[47]"></a>UART5_Handler</STRONG> (Thumb, 0 bytes, Stack size 0 bytes, startup.o(RESET))
<BR>[Address Reference Count : 1]<UL><LI> startup.o(RESET)
</UL>
<P><STRONG><a name="[48]"></a>UART6_Handler</STRONG> (Thumb, 0 bytes, Stack size 0 bytes, startup.o(RESET))
<BR>[Address Reference Count : 1]<UL><LI> startup.o(RESET)
</UL>
<P><STRONG><a name="[49]"></a>UART7_Handler</STRONG> (Thumb, 0 bytes, Stack size 0 bytes, startup.o(RESET))
<BR>[Address Reference Count : 1]<UL><LI> startup.o(RESET)
</UL>
<P><STRONG><a name="[36]"></a>USB0_Handler</STRONG> (Thumb, 0 bytes, Stack size 0 bytes, startup.o(RESET))
<BR>[Address Reference Count : 1]<UL><LI> startup.o(RESET)
</UL>
<P><STRONG><a name="[1c]"></a>WDT_Handler</STRONG> (Thumb, 0 bytes, Stack size 0 bytes, startup.o(RESET))
<BR>[Address Reference Count : 1]<UL><LI> startup.o(RESET)
</UL>
<P><STRONG><a name="[50]"></a>WideTimer0A_Handler</STRONG> (Thumb, 0 bytes, Stack size 0 bytes, startup.o(RESET))
<BR>[Address Reference Count : 1]<UL><LI> startup.o(RESET)
</UL>
<P><STRONG><a name="[51]"></a>WideTimer0B_Handler</STRONG> (Thumb, 0 bytes, Stack size 0 bytes, startup.o(RESET))
<BR>[Address Reference Count : 1]<UL><LI> startup.o(RESET)
</UL>
<P><STRONG><a name="[52]"></a>WideTimer1A_Handler</STRONG> (Thumb, 0 bytes, Stack size 0 bytes, startup.o(RESET))
<BR>[Address Reference Count : 1]<UL><LI> startup.o(RESET)
</UL>
<P><STRONG><a name="[53]"></a>WideTimer1B_Handler</STRONG> (Thumb, 0 bytes, Stack size 0 bytes, startup.o(RESET))
<BR>[Address Reference Count : 1]<UL><LI> startup.o(RESET)
</UL>
<P><STRONG><a name="[54]"></a>WideTimer2A_Handler</STRONG> (Thumb, 0 bytes, Stack size 0 bytes, startup.o(RESET))
<BR>[Address Reference Count : 1]<UL><LI> startup.o(RESET)
</UL>
<P><STRONG><a name="[55]"></a>WideTimer2B_Handler</STRONG> (Thumb, 0 bytes, Stack size 0 bytes, startup.o(RESET))
<BR>[Address Reference Count : 1]<UL><LI> startup.o(RESET)
</UL>
<P><STRONG><a name="[56]"></a>WideTimer3A_Handler</STRONG> (Thumb, 0 bytes, Stack size 0 bytes, startup.o(RESET))
<BR>[Address Reference Count : 1]<UL><LI> startup.o(RESET)
</UL>
<P><STRONG><a name="[57]"></a>WideTimer3B_Handler</STRONG> (Thumb, 0 bytes, Stack size 0 bytes, startup.o(RESET))
<BR>[Address Reference Count : 1]<UL><LI> startup.o(RESET)
</UL>
<P><STRONG><a name="[58]"></a>WideTimer4A_Handler</STRONG> (Thumb, 0 bytes, Stack size 0 bytes, startup.o(RESET))
<BR>[Address Reference Count : 1]<UL><LI> startup.o(RESET)
</UL>
<P><STRONG><a name="[59]"></a>WideTimer4B_Handler</STRONG> (Thumb, 0 bytes, Stack size 0 bytes, startup.o(RESET))
<BR>[Address Reference Count : 1]<UL><LI> startup.o(RESET)
</UL>
<P><STRONG><a name="[5a]"></a>WideTimer5A_Handler</STRONG> (Thumb, 0 bytes, Stack size 0 bytes, startup.o(RESET))
<BR>[Address Reference Count : 1]<UL><LI> startup.o(RESET)
</UL>
<P><STRONG><a name="[5b]"></a>WideTimer5B_Handler</STRONG> (Thumb, 0 bytes, Stack size 0 bytes, startup.o(RESET))
<BR>[Address Reference Count : 1]<UL><LI> startup.o(RESET)
</UL>
<P><STRONG><a name="[39]"></a>uDMA_Error</STRONG> (Thumb, 0 bytes, Stack size 0 bytes, startup.o(RESET))
<BR>[Address Reference Count : 1]<UL><LI> startup.o(RESET)
</UL>
<P><STRONG><a name="[38]"></a>uDMA_Handler</STRONG> (Thumb, 0 bytes, Stack size 0 bytes, startup.o(RESET))
<BR>[Address Reference Count : 1]<UL><LI> startup.o(RESET)
</UL>
<P><STRONG><a name="[8a]"></a>__main</STRONG> (Thumb, 0 bytes, Stack size unknown bytes, entry.o(.ARM.Collect$$$$00000000))
<BR><BR>[Called By]<UL><LI><a href="#[89]">&gt;&gt;</a>&nbsp;&nbsp;&nbsp;Reset_Handler
</UL>

<P><STRONG><a name="[e7]"></a>_main_stk</STRONG> (Thumb, 0 bytes, Stack size unknown bytes, entry2.o(.ARM.Collect$$$$00000001))

<P><STRONG><a name="[8b]"></a>_main_scatterload</STRONG> (Thumb, 0 bytes, Stack size unknown bytes, entry5.o(.ARM.Collect$$$$00000004))
<BR><BR>[Calls]<UL><LI><a href="#[8c]">&gt;&gt;</a>&nbsp;&nbsp;&nbsp;__scatterload
</UL>

<P><STRONG><a name="[8f]"></a>__main_after_scatterload</STRONG> (Thumb, 0 bytes, Stack size unknown bytes, entry5.o(.ARM.Collect$$$$00000004))
<BR><BR>[Called By]<UL><LI><a href="#[8c]">&gt;&gt;</a>&nbsp;&nbsp;&nbsp;__scatterload
</UL>

<P><STRONG><a name="[e8]"></a>_main_clock</STRONG> (Thumb, 0 bytes, Stack size unknown bytes, entry7b.o(.ARM.Collect$$$$00000008))

<P><STRONG><a name="[e9]"></a>_main_cpp_init</STRONG> (Thumb, 0 bytes, Stack size unknown bytes, entry8b.o(.ARM.Collect$$$$0000000A))

<P><STRONG><a name="[ea]"></a>_main_init</STRONG> (Thumb, 0 bytes, Stack size unknown bytes, entry9a.o(.ARM.Collect$$$$0000000B))

<P><STRONG><a name="[eb]"></a>__rt_lib_shutdown_fini</STRONG> (Thumb, 0 bytes, Stack size unknown bytes, entry12b.o(.ARM.Collect$$$$0000000E))

<P><STRONG><a name="[ec]"></a>__rt_final_cpp</STRONG> (Thumb, 0 bytes, Stack size unknown bytes, entry10a.o(.ARM.Collect$$$$0000000F))

<P><STRONG><a name="[ed]"></a>__rt_final_exit</STRONG> (Thumb, 0 bytes, Stack size unknown bytes, entry11a.o(.ARM.Collect$$$$00000011))

<P><STRONG><a name="[8d]"></a>parrotdelay</STRONG> (Thumb, 6 bytes, Stack size 0 bytes, lcd.o(.emb_text))
<BR><BR>[Calls]<UL><LI><a href="#[8d]">&gt;&gt;</a>&nbsp;&nbsp;&nbsp;parrotdelay
</UL>
<BR>[Called By]<UL><LI><a href="#[90]">&gt;&gt;</a>&nbsp;&nbsp;&nbsp;BSP_Delay1ms
<LI><a href="#[8d]">&gt;&gt;</a>&nbsp;&nbsp;&nbsp;parrotdelay
</UL>

<P><STRONG><a name="[c6]"></a>OS_DisableInterrupts</STRONG> (Thumb, 0 bytes, Stack size unknown bytes, osasm.o(.text))
<BR><BR>[Called By]<UL><LI><a href="#[a6]">&gt;&gt;</a>&nbsp;&nbsp;&nbsp;OS_bWait
<LI><a href="#[a8]">&gt;&gt;</a>&nbsp;&nbsp;&nbsp;OS_bSignal
<LI><a href="#[c5]">&gt;&gt;</a>&nbsp;&nbsp;&nbsp;OS_Init
<LI><a href="#[bb]">&gt;&gt;</a>&nbsp;&nbsp;&nbsp;OS_Wait
<LI><a href="#[be]">&gt;&gt;</a>&nbsp;&nbsp;&nbsp;OS_Signal
<LI><a href="#[a4]">&gt;&gt;</a>&nbsp;&nbsp;&nbsp;OS_InitSemaphore
</UL>

<P><STRONG><a name="[c9]"></a>OS_EnableInterrupts</STRONG> (Thumb, 0 bytes, Stack size unknown bytes, osasm.o(.text))
<BR><BR>[Called By]<UL><LI><a href="#[a6]">&gt;&gt;</a>&nbsp;&nbsp;&nbsp;OS_bWait
<LI><a href="#[a8]">&gt;&gt;</a>&nbsp;&nbsp;&nbsp;OS_bSignal
<LI><a href="#[bb]">&gt;&gt;</a>&nbsp;&nbsp;&nbsp;OS_Wait
<LI><a href="#[be]">&gt;&gt;</a>&nbsp;&nbsp;&nbsp;OS_Signal
<LI><a href="#[a4]">&gt;&gt;</a>&nbsp;&nbsp;&nbsp;OS_InitSemaphore
</UL>

<P><STRONG><a name="[9]"></a>SysTick_Handler</STRONG> (Thumb, 0 bytes, Stack size unknown bytes, osasm.o(.text))
<BR><BR>[Stack]<UL><LI>Max Depth = 8 + Unknown Stack Size
<LI>Call Chain = SysTick_Handler &rArr; Scheduler
</UL>
<BR>[Calls]<UL><LI><a href="#[8e]">&gt;&gt;</a>&nbsp;&nbsp;&nbsp;Scheduler
</UL>
<BR>[Address Reference Count : 1]<UL><LI> startup.o(RESET)
</UL>
<P><STRONG><a name="[cd]"></a>StartOS</STRONG> (Thumb, 0 bytes, Stack size unknown bytes, osasm.o(.text))
<BR><BR>[Called By]<UL><LI><a href="#[cc]">&gt;&gt;</a>&nbsp;&nbsp;&nbsp;OS_Launch
</UL>

<P><STRONG><a name="[ee]"></a>DisableInterrupts</STRONG> (Thumb, 0 bytes, Stack size unknown bytes, startup.o(.text), UNUSED)

<P><STRONG><a name="[ef]"></a>EnableInterrupts</STRONG> (Thumb, 0 bytes, Stack size unknown bytes, startup.o(.text), UNUSED)

<P><STRONG><a name="[b1]"></a>StartCritical</STRONG> (Thumb, 0 bytes, Stack size unknown bytes, startup.o(.text))
<BR><BR>[Called By]<UL><LI><a href="#[b5]">&gt;&gt;</a>&nbsp;&nbsp;&nbsp;InitTimer4A
<LI><a href="#[b4]">&gt;&gt;</a>&nbsp;&nbsp;&nbsp;InitTimer3A
<LI><a href="#[b3]">&gt;&gt;</a>&nbsp;&nbsp;&nbsp;InitTimer2A
<LI><a href="#[b0]">&gt;&gt;</a>&nbsp;&nbsp;&nbsp;InitTimer1A
<LI><a href="#[af]">&gt;&gt;</a>&nbsp;&nbsp;&nbsp;OS_AddThread
<LI><a href="#[bc]">&gt;&gt;</a>&nbsp;&nbsp;&nbsp;JsFifo_Init
<LI><a href="#[de]">&gt;&gt;</a>&nbsp;&nbsp;&nbsp;Tx_UARTFifo_Init
<LI><a href="#[d7]">&gt;&gt;</a>&nbsp;&nbsp;&nbsp;Rx_UARTFifo_Init
</UL>

<P><STRONG><a name="[b2]"></a>EndCritical</STRONG> (Thumb, 0 bytes, Stack size unknown bytes, startup.o(.text))
<BR><BR>[Called By]<UL><LI><a href="#[b5]">&gt;&gt;</a>&nbsp;&nbsp;&nbsp;InitTimer4A
<LI><a href="#[b4]">&gt;&gt;</a>&nbsp;&nbsp;&nbsp;InitTimer3A
<LI><a href="#[b3]">&gt;&gt;</a>&nbsp;&nbsp;&nbsp;InitTimer2A
<LI><a href="#[b0]">&gt;&gt;</a>&nbsp;&nbsp;&nbsp;InitTimer1A
<LI><a href="#[af]">&gt;&gt;</a>&nbsp;&nbsp;&nbsp;OS_AddThread
<LI><a href="#[bc]">&gt;&gt;</a>&nbsp;&nbsp;&nbsp;JsFifo_Init
<LI><a href="#[de]">&gt;&gt;</a>&nbsp;&nbsp;&nbsp;Tx_UARTFifo_Init
<LI><a href="#[d7]">&gt;&gt;</a>&nbsp;&nbsp;&nbsp;Rx_UARTFifo_Init
</UL>

<P><STRONG><a name="[f0]"></a>WaitForInterrupt</STRONG> (Thumb, 0 bytes, Stack size unknown bytes, startup.o(.text), UNUSED)

<P><STRONG><a name="[e6]"></a>rand</STRONG> (Thumb, 20 bytes, Stack size 0 bytes, rand.o(.text))
<BR><BR>[Called By]<UL><LI><a href="#[dc]">&gt;&gt;</a>&nbsp;&nbsp;&nbsp;getRandomNumber
</UL>

<P><STRONG><a name="[d5]"></a>srand</STRONG> (Thumb, 6 bytes, Stack size 0 bytes, rand.o(.text))
<BR><BR>[Called By]<UL><LI><a href="#[d2]">&gt;&gt;</a>&nbsp;&nbsp;&nbsp;Random_Init
</UL>

<P><STRONG><a name="[b9]"></a>strcmp</STRONG> (Thumb, 28 bytes, Stack size 8 bytes, strcmp.o(.text))
<BR><BR>[Stack]<UL><LI>Max Depth = 8<LI>Call Chain = strcmp
</UL>
<BR>[Called By]<UL><LI><a href="#[87]">&gt;&gt;</a>&nbsp;&nbsp;&nbsp;Interpreter
</UL>

<P><STRONG><a name="[8c]"></a>__scatterload</STRONG> (Thumb, 28 bytes, Stack size 0 bytes, init.o(.text))
<BR><BR>[Calls]<UL><LI><a href="#[8f]">&gt;&gt;</a>&nbsp;&nbsp;&nbsp;__main_after_scatterload
</UL>
<BR>[Called By]<UL><LI><a href="#[8b]">&gt;&gt;</a>&nbsp;&nbsp;&nbsp;_main_scatterload
</UL>

<P><STRONG><a name="[f1]"></a>__scatterload_rt2</STRONG> (Thumb, 0 bytes, Stack size 0 bytes, init.o(.text), UNUSED)

<P><STRONG><a name="[90]"></a>BSP_Delay1ms</STRONG> (Thumb, 22 bytes, Stack size 8 bytes, lcd.o(i.BSP_Delay1ms))
<BR><BR>[Stack]<UL><LI>Max Depth = 8<LI>Call Chain = BSP_Delay1ms
</UL>
<BR>[Calls]<UL><LI><a href="#[8d]">&gt;&gt;</a>&nbsp;&nbsp;&nbsp;parrotdelay
</UL>
<BR>[Called By]<UL><LI><a href="#[d9]">&gt;&gt;</a>&nbsp;&nbsp;&nbsp;commonInit
<LI><a href="#[da]">&gt;&gt;</a>&nbsp;&nbsp;&nbsp;commandList
</UL>

<P><STRONG><a name="[91]"></a>BSP_Joystick_Init</STRONG> (Thumb, 268 bytes, Stack size 8 bytes, joystick.o(i.BSP_Joystick_Init))
<BR><BR>[Stack]<UL><LI>Max Depth = 8<LI>Call Chain = BSP_Joystick_Init
</UL>
<BR>[Calls]<UL><LI><a href="#[92]">&gt;&gt;</a>&nbsp;&nbsp;&nbsp;adcinit
</UL>
<BR>[Called By]<UL><LI><a href="#[ad]">&gt;&gt;</a>&nbsp;&nbsp;&nbsp;Device_Init
</UL>

<P><STRONG><a name="[ac]"></a>BSP_Joystick_Input</STRONG> (Thumb, 54 bytes, Stack size 8 bytes, joystick.o(i.BSP_Joystick_Input))
<BR><BR>[Stack]<UL><LI>Max Depth = 8<LI>Call Chain = BSP_Joystick_Input
</UL>
<BR>[Called By]<UL><LI><a href="#[85]">&gt;&gt;</a>&nbsp;&nbsp;&nbsp;Producer
<LI><a href="#[ab]">&gt;&gt;</a>&nbsp;&nbsp;&nbsp;CrossHair_Init
</UL>

<P><STRONG><a name="[93]"></a>BSP_LCD_DrawChar</STRONG> (Thumb, 260 bytes, Stack size 56 bytes, lcd.o(i.BSP_LCD_DrawChar))
<BR><BR>[Stack]<UL><LI>Max Depth = 80<LI>Call Chain = BSP_LCD_DrawChar &rArr; setAddrWindow
</UL>
<BR>[Calls]<UL><LI><a href="#[94]">&gt;&gt;</a>&nbsp;&nbsp;&nbsp;setAddrWindow
<LI><a href="#[95]">&gt;&gt;</a>&nbsp;&nbsp;&nbsp;pushColor
</UL>
<BR>[Called By]<UL><LI><a href="#[a1]">&gt;&gt;</a>&nbsp;&nbsp;&nbsp;BSP_LCD_OutUDec4
<LI><a href="#[9a]">&gt;&gt;</a>&nbsp;&nbsp;&nbsp;BSP_LCD_DrawString
</UL>

<P><STRONG><a name="[96]"></a>BSP_LCD_DrawCrosshair</STRONG> (Thumb, 38 bytes, Stack size 16 bytes, lcd.o(i.BSP_LCD_DrawCrosshair))
<BR><BR>[Stack]<UL><LI>Max Depth = 72<LI>Call Chain = BSP_LCD_DrawCrosshair &rArr; BSP_LCD_DrawFastVLine &rArr; setAddrWindow
</UL>
<BR>[Calls]<UL><LI><a href="#[97]">&gt;&gt;</a>&nbsp;&nbsp;&nbsp;BSP_LCD_DrawFastVLine
<LI><a href="#[98]">&gt;&gt;</a>&nbsp;&nbsp;&nbsp;BSP_LCD_DrawFastHLine
</UL>
<BR>[Called By]<UL><LI><a href="#[7f]">&gt;&gt;</a>&nbsp;&nbsp;&nbsp;Consumer
</UL>

<P><STRONG><a name="[98]"></a>BSP_LCD_DrawFastHLine</STRONG> (Thumb, 116 bytes, Stack size 32 bytes, lcd.o(i.BSP_LCD_DrawFastHLine))
<BR><BR>[Stack]<UL><LI>Max Depth = 56<LI>Call Chain = BSP_LCD_DrawFastHLine &rArr; setAddrWindow
</UL>
<BR>[Calls]<UL><LI><a href="#[99]">&gt;&gt;</a>&nbsp;&nbsp;&nbsp;writedata
<LI><a href="#[94]">&gt;&gt;</a>&nbsp;&nbsp;&nbsp;setAddrWindow
</UL>
<BR>[Called By]<UL><LI><a href="#[96]">&gt;&gt;</a>&nbsp;&nbsp;&nbsp;BSP_LCD_DrawCrosshair
</UL>

<P><STRONG><a name="[97]"></a>BSP_LCD_DrawFastVLine</STRONG> (Thumb, 116 bytes, Stack size 32 bytes, lcd.o(i.BSP_LCD_DrawFastVLine))
<BR><BR>[Stack]<UL><LI>Max Depth = 56<LI>Call Chain = BSP_LCD_DrawFastVLine &rArr; setAddrWindow
</UL>
<BR>[Calls]<UL><LI><a href="#[99]">&gt;&gt;</a>&nbsp;&nbsp;&nbsp;writedata
<LI><a href="#[94]">&gt;&gt;</a>&nbsp;&nbsp;&nbsp;setAddrWindow
</UL>
<BR>[Called By]<UL><LI><a href="#[96]">&gt;&gt;</a>&nbsp;&nbsp;&nbsp;BSP_LCD_DrawCrosshair
</UL>

<P><STRONG><a name="[9a]"></a>BSP_LCD_DrawString</STRONG> (Thumb, 84 bytes, Stack size 32 bytes, lcd.o(i.BSP_LCD_DrawString))
<BR><BR>[Stack]<UL><LI>Max Depth = 112<LI>Call Chain = BSP_LCD_DrawString &rArr; BSP_LCD_DrawChar &rArr; setAddrWindow
</UL>
<BR>[Calls]<UL><LI><a href="#[93]">&gt;&gt;</a>&nbsp;&nbsp;&nbsp;BSP_LCD_DrawChar
</UL>
<BR>[Called By]<UL><LI><a href="#[82]">&gt;&gt;</a>&nbsp;&nbsp;&nbsp;Restart
<LI><a href="#[a1]">&gt;&gt;</a>&nbsp;&nbsp;&nbsp;BSP_LCD_OutUDec4
<LI><a href="#[9f]">&gt;&gt;</a>&nbsp;&nbsp;&nbsp;BSP_LCD_Message
</UL>

<P><STRONG><a name="[9b]"></a>BSP_LCD_FillRect</STRONG> (Thumb, 164 bytes, Stack size 32 bytes, lcd.o(i.BSP_LCD_FillRect))
<BR><BR>[Stack]<UL><LI>Max Depth = 56<LI>Call Chain = BSP_LCD_FillRect &rArr; setAddrWindow
</UL>
<BR>[Calls]<UL><LI><a href="#[99]">&gt;&gt;</a>&nbsp;&nbsp;&nbsp;writedata
<LI><a href="#[94]">&gt;&gt;</a>&nbsp;&nbsp;&nbsp;setAddrWindow
</UL>
<BR>[Called By]<UL><LI><a href="#[9c]">&gt;&gt;</a>&nbsp;&nbsp;&nbsp;BSP_LCD_FillScreen
</UL>

<P><STRONG><a name="[9c]"></a>BSP_LCD_FillScreen</STRONG> (Thumb, 28 bytes, Stack size 16 bytes, lcd.o(i.BSP_LCD_FillScreen))
<BR><BR>[Stack]<UL><LI>Max Depth = 72<LI>Call Chain = BSP_LCD_FillScreen &rArr; BSP_LCD_FillRect &rArr; setAddrWindow
</UL>
<BR>[Calls]<UL><LI><a href="#[9b]">&gt;&gt;</a>&nbsp;&nbsp;&nbsp;BSP_LCD_FillRect
</UL>
<BR>[Called By]<UL><LI><a href="#[82]">&gt;&gt;</a>&nbsp;&nbsp;&nbsp;Restart
<LI><a href="#[ab]">&gt;&gt;</a>&nbsp;&nbsp;&nbsp;CrossHair_Init
<LI><a href="#[81]">&gt;&gt;</a>&nbsp;&nbsp;&nbsp;ButtonWork
<LI><a href="#[a3]">&gt;&gt;</a>&nbsp;&nbsp;&nbsp;BSP_LCD_OutputInit
<LI><a href="#[9e]">&gt;&gt;</a>&nbsp;&nbsp;&nbsp;ST7735_InitR
</UL>

<P><STRONG><a name="[9d]"></a>BSP_LCD_Init</STRONG> (Thumb, 10 bytes, Stack size 8 bytes, lcd.o(i.BSP_LCD_Init))
<BR><BR>[Stack]<UL><LI>Max Depth = 88<LI>Call Chain = BSP_LCD_Init &rArr; ST7735_InitR &rArr; BSP_LCD_FillScreen &rArr; BSP_LCD_FillRect &rArr; setAddrWindow
</UL>
<BR>[Calls]<UL><LI><a href="#[9e]">&gt;&gt;</a>&nbsp;&nbsp;&nbsp;ST7735_InitR
</UL>
<BR>[Called By]<UL><LI><a href="#[a3]">&gt;&gt;</a>&nbsp;&nbsp;&nbsp;BSP_LCD_OutputInit
</UL>

<P><STRONG><a name="[9f]"></a>BSP_LCD_Message</STRONG> (Thumb, 68 bytes, Stack size 32 bytes, lcd.o(i.BSP_LCD_Message))
<BR><BR>[Stack]<UL><LI>Max Depth = 168<LI>Call Chain = BSP_LCD_Message &rArr; BSP_LCD_OutUDec4 &rArr; BSP_LCD_DrawString &rArr; BSP_LCD_DrawChar &rArr; setAddrWindow
</UL>
<BR>[Calls]<UL><LI><a href="#[a0]">&gt;&gt;</a>&nbsp;&nbsp;&nbsp;BSP_LCD_SetCursor
<LI><a href="#[a1]">&gt;&gt;</a>&nbsp;&nbsp;&nbsp;BSP_LCD_OutUDec4
<LI><a href="#[9a]">&gt;&gt;</a>&nbsp;&nbsp;&nbsp;BSP_LCD_DrawString
</UL>
<BR>[Called By]<UL><LI><a href="#[80]">&gt;&gt;</a>&nbsp;&nbsp;&nbsp;Display
<LI><a href="#[7f]">&gt;&gt;</a>&nbsp;&nbsp;&nbsp;Consumer
<LI><a href="#[81]">&gt;&gt;</a>&nbsp;&nbsp;&nbsp;ButtonWork
</UL>

<P><STRONG><a name="[a1]"></a>BSP_LCD_OutUDec4</STRONG> (Thumb, 116 bytes, Stack size 24 bytes, lcd.o(i.BSP_LCD_OutUDec4))
<BR><BR>[Stack]<UL><LI>Max Depth = 136<LI>Call Chain = BSP_LCD_OutUDec4 &rArr; BSP_LCD_DrawString &rArr; BSP_LCD_DrawChar &rArr; setAddrWindow
</UL>
<BR>[Calls]<UL><LI><a href="#[9a]">&gt;&gt;</a>&nbsp;&nbsp;&nbsp;BSP_LCD_DrawString
<LI><a href="#[93]">&gt;&gt;</a>&nbsp;&nbsp;&nbsp;BSP_LCD_DrawChar
<LI><a href="#[a2]">&gt;&gt;</a>&nbsp;&nbsp;&nbsp;fillmessage4
</UL>
<BR>[Called By]<UL><LI><a href="#[9f]">&gt;&gt;</a>&nbsp;&nbsp;&nbsp;BSP_LCD_Message
</UL>

<P><STRONG><a name="[a3]"></a>BSP_LCD_OutputInit</STRONG> (Thumb, 22 bytes, Stack size 8 bytes, lcd.o(i.BSP_LCD_OutputInit))
<BR><BR>[Stack]<UL><LI>Max Depth = 96 + Unknown Stack Size
<LI>Call Chain = BSP_LCD_OutputInit &rArr; BSP_LCD_Init &rArr; ST7735_InitR &rArr; BSP_LCD_FillScreen &rArr; BSP_LCD_FillRect &rArr; setAddrWindow
</UL>
<BR>[Calls]<UL><LI><a href="#[9d]">&gt;&gt;</a>&nbsp;&nbsp;&nbsp;BSP_LCD_Init
<LI><a href="#[9c]">&gt;&gt;</a>&nbsp;&nbsp;&nbsp;BSP_LCD_FillScreen
<LI><a href="#[a4]">&gt;&gt;</a>&nbsp;&nbsp;&nbsp;OS_InitSemaphore
</UL>
<BR>[Called By]<UL><LI><a href="#[ad]">&gt;&gt;</a>&nbsp;&nbsp;&nbsp;Device_Init
</UL>

<P><STRONG><a name="[a0]"></a>BSP_LCD_SetCursor</STRONG> (Thumb, 22 bytes, Stack size 0 bytes, lcd.o(i.BSP_LCD_SetCursor))
<BR><BR>[Called By]<UL><LI><a href="#[9f]">&gt;&gt;</a>&nbsp;&nbsp;&nbsp;BSP_LCD_Message
<LI><a href="#[9e]">&gt;&gt;</a>&nbsp;&nbsp;&nbsp;ST7735_InitR
</UL>

<P><STRONG><a name="[c1]"></a>ButtonOneInit</STRONG> (Thumb, 190 bytes, Stack size 0 bytes, os.o(i.ButtonOneInit))
<BR><BR>[Called By]<UL><LI><a href="#[c0]">&gt;&gt;</a>&nbsp;&nbsp;&nbsp;OS_AddSW1Task
</UL>

<P><STRONG><a name="[c3]"></a>ButtonTwoInit</STRONG> (Thumb, 202 bytes, Stack size 0 bytes, os.o(i.ButtonTwoInit))
<BR><BR>[Called By]<UL><LI><a href="#[c2]">&gt;&gt;</a>&nbsp;&nbsp;&nbsp;OS_AddSW2Task
</UL>

<P><STRONG><a name="[81]"></a>ButtonWork</STRONG> (Thumb, 144 bytes, Stack size 24 bytes, main.o(i.ButtonWork))
<BR><BR>[Stack]<UL><LI>Max Depth = 192 + Unknown Stack Size
<LI>Call Chain = ButtonWork &rArr; BSP_LCD_Message &rArr; BSP_LCD_OutUDec4 &rArr; BSP_LCD_DrawString &rArr; BSP_LCD_DrawChar &rArr; setAddrWindow
</UL>
<BR>[Calls]<UL><LI><a href="#[a6]">&gt;&gt;</a>&nbsp;&nbsp;&nbsp;OS_bWait
<LI><a href="#[a8]">&gt;&gt;</a>&nbsp;&nbsp;&nbsp;OS_bSignal
<LI><a href="#[a7]">&gt;&gt;</a>&nbsp;&nbsp;&nbsp;OS_Sleep
<LI><a href="#[a5]">&gt;&gt;</a>&nbsp;&nbsp;&nbsp;OS_MsTime
<LI><a href="#[a9]">&gt;&gt;</a>&nbsp;&nbsp;&nbsp;OS_Kill
<LI><a href="#[9f]">&gt;&gt;</a>&nbsp;&nbsp;&nbsp;BSP_LCD_Message
<LI><a href="#[9c]">&gt;&gt;</a>&nbsp;&nbsp;&nbsp;BSP_LCD_FillScreen
</UL>
<BR>[Address Reference Count : 1]<UL><LI> main.o(i.SW1Push)
</UL>
<P><STRONG><a name="[7f]"></a>Consumer</STRONG> (Thumb, 146 bytes, Stack size 16 bytes, main.o(i.Consumer))
<BR><BR>[Stack]<UL><LI>Max Depth = 184 + Unknown Stack Size
<LI>Call Chain = Consumer &rArr; BSP_LCD_Message &rArr; BSP_LCD_OutUDec4 &rArr; BSP_LCD_DrawString &rArr; BSP_LCD_DrawChar &rArr; setAddrWindow
</UL>
<BR>[Calls]<UL><LI><a href="#[a6]">&gt;&gt;</a>&nbsp;&nbsp;&nbsp;OS_bWait
<LI><a href="#[a8]">&gt;&gt;</a>&nbsp;&nbsp;&nbsp;OS_bSignal
<LI><a href="#[a9]">&gt;&gt;</a>&nbsp;&nbsp;&nbsp;OS_Kill
<LI><a href="#[9f]">&gt;&gt;</a>&nbsp;&nbsp;&nbsp;BSP_LCD_Message
<LI><a href="#[96]">&gt;&gt;</a>&nbsp;&nbsp;&nbsp;BSP_LCD_DrawCrosshair
<LI><a href="#[aa]">&gt;&gt;</a>&nbsp;&nbsp;&nbsp;JsFifo_Get
</UL>
<BR>[Address Reference Count : 2]<UL><LI> main.o(i.Restart)
<LI> main.o(i.main)
</UL>
<P><STRONG><a name="[ab]"></a>CrossHair_Init</STRONG> (Thumb, 20 bytes, Stack size 8 bytes, main.o(i.CrossHair_Init))
<BR><BR>[Stack]<UL><LI>Max Depth = 80<LI>Call Chain = CrossHair_Init &rArr; BSP_LCD_FillScreen &rArr; BSP_LCD_FillRect &rArr; setAddrWindow
</UL>
<BR>[Calls]<UL><LI><a href="#[9c]">&gt;&gt;</a>&nbsp;&nbsp;&nbsp;BSP_LCD_FillScreen
<LI><a href="#[ac]">&gt;&gt;</a>&nbsp;&nbsp;&nbsp;BSP_Joystick_Input
</UL>
<BR>[Called By]<UL><LI><a href="#[7c]">&gt;&gt;</a>&nbsp;&nbsp;&nbsp;main
</UL>

<P><STRONG><a name="[88]"></a>CubeNumCalc</STRONG> (Thumb, 54 bytes, Stack size 0 bytes, main.o(i.CubeNumCalc))
<BR>[Address Reference Count : 1]<UL><LI> main.o(i.main)
</UL>
<P><STRONG><a name="[ad]"></a>Device_Init</STRONG> (Thumb, 16 bytes, Stack size 8 bytes, main.o(i.Device_Init))
<BR><BR>[Stack]<UL><LI>Max Depth = 104 + Unknown Stack Size
<LI>Call Chain = Device_Init &rArr; BSP_LCD_OutputInit &rArr; BSP_LCD_Init &rArr; ST7735_InitR &rArr; BSP_LCD_FillScreen &rArr; BSP_LCD_FillRect &rArr; setAddrWindow
</UL>
<BR>[Calls]<UL><LI><a href="#[ae]">&gt;&gt;</a>&nbsp;&nbsp;&nbsp;UART_Init
<LI><a href="#[a3]">&gt;&gt;</a>&nbsp;&nbsp;&nbsp;BSP_LCD_OutputInit
<LI><a href="#[91]">&gt;&gt;</a>&nbsp;&nbsp;&nbsp;BSP_Joystick_Init
</UL>
<BR>[Called By]<UL><LI><a href="#[7c]">&gt;&gt;</a>&nbsp;&nbsp;&nbsp;main
</UL>

<P><STRONG><a name="[80]"></a>Display</STRONG> (Thumb, 60 bytes, Stack size 8 bytes, main.o(i.Display))
<BR><BR>[Stack]<UL><LI>Max Depth = 176 + Unknown Stack Size
<LI>Call Chain = Display &rArr; BSP_LCD_Message &rArr; BSP_LCD_OutUDec4 &rArr; BSP_LCD_DrawString &rArr; BSP_LCD_DrawChar &rArr; setAddrWindow
</UL>
<BR>[Calls]<UL><LI><a href="#[a6]">&gt;&gt;</a>&nbsp;&nbsp;&nbsp;OS_bWait
<LI><a href="#[a8]">&gt;&gt;</a>&nbsp;&nbsp;&nbsp;OS_bSignal
<LI><a href="#[a9]">&gt;&gt;</a>&nbsp;&nbsp;&nbsp;OS_Kill
<LI><a href="#[9f]">&gt;&gt;</a>&nbsp;&nbsp;&nbsp;BSP_LCD_Message
</UL>
<BR>[Address Reference Count : 2]<UL><LI> main.o(i.Restart)
<LI> main.o(i.main)
</UL>
<P><STRONG><a name="[d]"></a>GPIOPortD_Handler</STRONG> (Thumb, 102 bytes, Stack size 8 bytes, os.o(i.GPIOPortD_Handler))
<BR><BR>[Stack]<UL><LI>Max Depth = 40 + Unknown Stack Size
<LI>Call Chain = GPIOPortD_Handler &rArr; OS_AddThread
</UL>
<BR>[Calls]<UL><LI><a href="#[af]">&gt;&gt;</a>&nbsp;&nbsp;&nbsp;OS_AddThread
</UL>
<BR>[Address Reference Count : 1]<UL><LI> startup.o(RESET)
</UL>
<P><STRONG><a name="[b0]"></a>InitTimer1A</STRONG> (Thumb, 124 bytes, Stack size 16 bytes, os.o(i.InitTimer1A))
<BR><BR>[Stack]<UL><LI>Max Depth = 16 + Unknown Stack Size
<LI>Call Chain = InitTimer1A
</UL>
<BR>[Calls]<UL><LI><a href="#[b1]">&gt;&gt;</a>&nbsp;&nbsp;&nbsp;StartCritical
<LI><a href="#[b2]">&gt;&gt;</a>&nbsp;&nbsp;&nbsp;EndCritical
</UL>
<BR>[Called By]<UL><LI><a href="#[bf]">&gt;&gt;</a>&nbsp;&nbsp;&nbsp;OS_AddPeriodicThread
</UL>

<P><STRONG><a name="[b3]"></a>InitTimer2A</STRONG> (Thumb, 122 bytes, Stack size 16 bytes, os.o(i.InitTimer2A))
<BR><BR>[Stack]<UL><LI>Max Depth = 16 + Unknown Stack Size
<LI>Call Chain = InitTimer2A
</UL>
<BR>[Calls]<UL><LI><a href="#[b1]">&gt;&gt;</a>&nbsp;&nbsp;&nbsp;StartCritical
<LI><a href="#[b2]">&gt;&gt;</a>&nbsp;&nbsp;&nbsp;EndCritical
</UL>
<BR>[Called By]<UL><LI><a href="#[c5]">&gt;&gt;</a>&nbsp;&nbsp;&nbsp;OS_Init
</UL>

<P><STRONG><a name="[b4]"></a>InitTimer3A</STRONG> (Thumb, 118 bytes, Stack size 8 bytes, os.o(i.InitTimer3A))
<BR><BR>[Stack]<UL><LI>Max Depth = 8 + Unknown Stack Size
<LI>Call Chain = InitTimer3A
</UL>
<BR>[Calls]<UL><LI><a href="#[b1]">&gt;&gt;</a>&nbsp;&nbsp;&nbsp;StartCritical
<LI><a href="#[b2]">&gt;&gt;</a>&nbsp;&nbsp;&nbsp;EndCritical
</UL>
<BR>[Called By]<UL><LI><a href="#[c5]">&gt;&gt;</a>&nbsp;&nbsp;&nbsp;OS_Init
</UL>

<P><STRONG><a name="[b5]"></a>InitTimer4A</STRONG> (Thumb, 122 bytes, Stack size 16 bytes, os.o(i.InitTimer4A))
<BR><BR>[Stack]<UL><LI>Max Depth = 16 + Unknown Stack Size
<LI>Call Chain = InitTimer4A
</UL>
<BR>[Calls]<UL><LI><a href="#[b1]">&gt;&gt;</a>&nbsp;&nbsp;&nbsp;StartCritical
<LI><a href="#[b2]">&gt;&gt;</a>&nbsp;&nbsp;&nbsp;EndCritical
</UL>
<BR>[Called By]<UL><LI><a href="#[bf]">&gt;&gt;</a>&nbsp;&nbsp;&nbsp;OS_AddPeriodicThread
</UL>

<P><STRONG><a name="[87]"></a>Interpreter</STRONG> (Thumb, 266 bytes, Stack size 80 bytes, main.o(i.Interpreter))
<BR><BR>[Stack]<UL><LI>Max Depth = 144 + Unknown Stack Size
<LI>Call Chain = Interpreter &rArr; UART_InString &rArr; UART_OutChar &rArr; copySoftwareToHardware &rArr; Tx_UARTFifo_Get &rArr; OS_Signal
</UL>
<BR>[Calls]<UL><LI><a href="#[ba]">&gt;&gt;</a>&nbsp;&nbsp;&nbsp;UART_OutUDec
<LI><a href="#[b7]">&gt;&gt;</a>&nbsp;&nbsp;&nbsp;UART_OutString
<LI><a href="#[b8]">&gt;&gt;</a>&nbsp;&nbsp;&nbsp;UART_InString
<LI><a href="#[b6]">&gt;&gt;</a>&nbsp;&nbsp;&nbsp;OutCRLF
<LI><a href="#[b9]">&gt;&gt;</a>&nbsp;&nbsp;&nbsp;strcmp
</UL>
<BR>[Address Reference Count : 1]<UL><LI> main.o(i.main)
</UL>
<P><STRONG><a name="[aa]"></a>JsFifo_Get</STRONG> (Thumb, 50 bytes, Stack size 8 bytes, fifo.o(i.JsFifo_Get))
<BR><BR>[Stack]<UL><LI>Max Depth = 16 + Unknown Stack Size
<LI>Call Chain = JsFifo_Get &rArr; OS_Wait
</UL>
<BR>[Calls]<UL><LI><a href="#[bb]">&gt;&gt;</a>&nbsp;&nbsp;&nbsp;OS_Wait
</UL>
<BR>[Called By]<UL><LI><a href="#[7f]">&gt;&gt;</a>&nbsp;&nbsp;&nbsp;Consumer
</UL>

<P><STRONG><a name="[bc]"></a>JsFifo_Init</STRONG> (Thumb, 34 bytes, Stack size 8 bytes, fifo.o(i.JsFifo_Init))
<BR><BR>[Stack]<UL><LI>Max Depth = 24 + Unknown Stack Size
<LI>Call Chain = JsFifo_Init &rArr; OS_InitSemaphore
</UL>
<BR>[Calls]<UL><LI><a href="#[b1]">&gt;&gt;</a>&nbsp;&nbsp;&nbsp;StartCritical
<LI><a href="#[a4]">&gt;&gt;</a>&nbsp;&nbsp;&nbsp;OS_InitSemaphore
<LI><a href="#[b2]">&gt;&gt;</a>&nbsp;&nbsp;&nbsp;EndCritical
</UL>
<BR>[Called By]<UL><LI><a href="#[7c]">&gt;&gt;</a>&nbsp;&nbsp;&nbsp;main
</UL>

<P><STRONG><a name="[bd]"></a>JsFifo_Put</STRONG> (Thumb, 64 bytes, Stack size 16 bytes, fifo.o(i.JsFifo_Put))
<BR><BR>[Stack]<UL><LI>Max Depth = 32 + Unknown Stack Size
<LI>Call Chain = JsFifo_Put &rArr; OS_Signal
</UL>
<BR>[Calls]<UL><LI><a href="#[be]">&gt;&gt;</a>&nbsp;&nbsp;&nbsp;OS_Signal
</UL>
<BR>[Called By]<UL><LI><a href="#[85]">&gt;&gt;</a>&nbsp;&nbsp;&nbsp;Producer
</UL>

<P><STRONG><a name="[d3]"></a>Mic_Init</STRONG> (Thumb, 124 bytes, Stack size 0 bytes, main.o(i.Mic_Init))
<BR><BR>[Called By]<UL><LI><a href="#[d2]">&gt;&gt;</a>&nbsp;&nbsp;&nbsp;Random_Init
</UL>

<P><STRONG><a name="[bf]"></a>OS_AddPeriodicThread</STRONG> (Thumb, 54 bytes, Stack size 16 bytes, os.o(i.OS_AddPeriodicThread))
<BR><BR>[Stack]<UL><LI>Max Depth = 32 + Unknown Stack Size
<LI>Call Chain = OS_AddPeriodicThread &rArr; InitTimer4A
</UL>
<BR>[Calls]<UL><LI><a href="#[b5]">&gt;&gt;</a>&nbsp;&nbsp;&nbsp;InitTimer4A
<LI><a href="#[b0]">&gt;&gt;</a>&nbsp;&nbsp;&nbsp;InitTimer1A
</UL>
<BR>[Called By]<UL><LI><a href="#[7c]">&gt;&gt;</a>&nbsp;&nbsp;&nbsp;main
</UL>

<P><STRONG><a name="[c0]"></a>OS_AddSW1Task</STRONG> (Thumb, 20 bytes, Stack size 8 bytes, os.o(i.OS_AddSW1Task))
<BR><BR>[Stack]<UL><LI>Max Depth = 8<LI>Call Chain = OS_AddSW1Task
</UL>
<BR>[Calls]<UL><LI><a href="#[c1]">&gt;&gt;</a>&nbsp;&nbsp;&nbsp;ButtonOneInit
</UL>
<BR>[Called By]<UL><LI><a href="#[7c]">&gt;&gt;</a>&nbsp;&nbsp;&nbsp;main
</UL>

<P><STRONG><a name="[c2]"></a>OS_AddSW2Task</STRONG> (Thumb, 20 bytes, Stack size 8 bytes, os.o(i.OS_AddSW2Task))
<BR><BR>[Stack]<UL><LI>Max Depth = 8<LI>Call Chain = OS_AddSW2Task
</UL>
<BR>[Calls]<UL><LI><a href="#[c3]">&gt;&gt;</a>&nbsp;&nbsp;&nbsp;ButtonTwoInit
</UL>
<BR>[Called By]<UL><LI><a href="#[7c]">&gt;&gt;</a>&nbsp;&nbsp;&nbsp;main
</UL>

<P><STRONG><a name="[af]"></a>OS_AddThread</STRONG> (Thumb, 326 bytes, Stack size 32 bytes, os.o(i.OS_AddThread))
<BR><BR>[Stack]<UL><LI>Max Depth = 32 + Unknown Stack Size
<LI>Call Chain = OS_AddThread
</UL>
<BR>[Calls]<UL><LI><a href="#[c4]">&gt;&gt;</a>&nbsp;&nbsp;&nbsp;SetInitialStack
<LI><a href="#[a5]">&gt;&gt;</a>&nbsp;&nbsp;&nbsp;OS_MsTime
<LI><a href="#[b1]">&gt;&gt;</a>&nbsp;&nbsp;&nbsp;StartCritical
<LI><a href="#[b2]">&gt;&gt;</a>&nbsp;&nbsp;&nbsp;EndCritical
</UL>
<BR>[Called By]<UL><LI><a href="#[d]">&gt;&gt;</a>&nbsp;&nbsp;&nbsp;GPIOPortD_Handler
<LI><a href="#[7c]">&gt;&gt;</a>&nbsp;&nbsp;&nbsp;main
<LI><a href="#[84]">&gt;&gt;</a>&nbsp;&nbsp;&nbsp;SW2Push
<LI><a href="#[83]">&gt;&gt;</a>&nbsp;&nbsp;&nbsp;SW1Push
<LI><a href="#[82]">&gt;&gt;</a>&nbsp;&nbsp;&nbsp;Restart
</UL>

<P><STRONG><a name="[c8]"></a>OS_ClearMsTime</STRONG> (Thumb, 8 bytes, Stack size 0 bytes, os.o(i.OS_ClearMsTime))
<BR><BR>[Called By]<UL><LI><a href="#[c5]">&gt;&gt;</a>&nbsp;&nbsp;&nbsp;OS_Init
<LI><a href="#[84]">&gt;&gt;</a>&nbsp;&nbsp;&nbsp;SW2Push
<LI><a href="#[83]">&gt;&gt;</a>&nbsp;&nbsp;&nbsp;SW1Push
</UL>

<P><STRONG><a name="[ca]"></a>OS_Id</STRONG> (Thumb, 8 bytes, Stack size 0 bytes, os.o(i.OS_Id))
<BR><BR>[Called By]<UL><LI><a href="#[a9]">&gt;&gt;</a>&nbsp;&nbsp;&nbsp;OS_Kill
</UL>

<P><STRONG><a name="[c5]"></a>OS_Init</STRONG> (Thumb, 78 bytes, Stack size 8 bytes, os.o(i.OS_Init))
<BR><BR>[Stack]<UL><LI>Max Depth = 24 + Unknown Stack Size
<LI>Call Chain = OS_Init &rArr; InitTimer2A
</UL>
<BR>[Calls]<UL><LI><a href="#[c7]">&gt;&gt;</a>&nbsp;&nbsp;&nbsp;PLL_Init
<LI><a href="#[c6]">&gt;&gt;</a>&nbsp;&nbsp;&nbsp;OS_DisableInterrupts
<LI><a href="#[b4]">&gt;&gt;</a>&nbsp;&nbsp;&nbsp;InitTimer3A
<LI><a href="#[b3]">&gt;&gt;</a>&nbsp;&nbsp;&nbsp;InitTimer2A
<LI><a href="#[c8]">&gt;&gt;</a>&nbsp;&nbsp;&nbsp;OS_ClearMsTime
</UL>
<BR>[Called By]<UL><LI><a href="#[7c]">&gt;&gt;</a>&nbsp;&nbsp;&nbsp;main
</UL>

<P><STRONG><a name="[a4]"></a>OS_InitSemaphore</STRONG> (Thumb, 18 bytes, Stack size 16 bytes, os.o(i.OS_InitSemaphore))
<BR><BR>[Stack]<UL><LI>Max Depth = 16 + Unknown Stack Size
<LI>Call Chain = OS_InitSemaphore
</UL>
<BR>[Calls]<UL><LI><a href="#[c9]">&gt;&gt;</a>&nbsp;&nbsp;&nbsp;OS_EnableInterrupts
<LI><a href="#[c6]">&gt;&gt;</a>&nbsp;&nbsp;&nbsp;OS_DisableInterrupts
</UL>
<BR>[Called By]<UL><LI><a href="#[a3]">&gt;&gt;</a>&nbsp;&nbsp;&nbsp;BSP_LCD_OutputInit
<LI><a href="#[bc]">&gt;&gt;</a>&nbsp;&nbsp;&nbsp;JsFifo_Init
<LI><a href="#[de]">&gt;&gt;</a>&nbsp;&nbsp;&nbsp;Tx_UARTFifo_Init
<LI><a href="#[d7]">&gt;&gt;</a>&nbsp;&nbsp;&nbsp;Rx_UARTFifo_Init
</UL>

<P><STRONG><a name="[a9]"></a>OS_Kill</STRONG> (Thumb, 112 bytes, Stack size 8 bytes, os.o(i.OS_Kill))
<BR><BR>[Stack]<UL><LI>Max Depth = 8<LI>Call Chain = OS_Kill
</UL>
<BR>[Calls]<UL><LI><a href="#[cb]">&gt;&gt;</a>&nbsp;&nbsp;&nbsp;OS_Suspend
<LI><a href="#[ca]">&gt;&gt;</a>&nbsp;&nbsp;&nbsp;OS_Id
</UL>
<BR>[Called By]<UL><LI><a href="#[7e]">&gt;&gt;</a>&nbsp;&nbsp;&nbsp;DebouncePD7
<LI><a href="#[7d]">&gt;&gt;</a>&nbsp;&nbsp;&nbsp;DebouncePD6
<LI><a href="#[82]">&gt;&gt;</a>&nbsp;&nbsp;&nbsp;Restart
<LI><a href="#[80]">&gt;&gt;</a>&nbsp;&nbsp;&nbsp;Display
<LI><a href="#[7f]">&gt;&gt;</a>&nbsp;&nbsp;&nbsp;Consumer
<LI><a href="#[81]">&gt;&gt;</a>&nbsp;&nbsp;&nbsp;ButtonWork
</UL>

<P><STRONG><a name="[cc]"></a>OS_Launch</STRONG> (Thumb, 22 bytes, Stack size 8 bytes, os.o(i.OS_Launch))
<BR><BR>[Stack]<UL><LI>Max Depth = 8 + Unknown Stack Size
<LI>Call Chain = OS_Launch
</UL>
<BR>[Calls]<UL><LI><a href="#[cd]">&gt;&gt;</a>&nbsp;&nbsp;&nbsp;StartOS
</UL>
<BR>[Called By]<UL><LI><a href="#[7c]">&gt;&gt;</a>&nbsp;&nbsp;&nbsp;main
</UL>

<P><STRONG><a name="[a5]"></a>OS_MsTime</STRONG> (Thumb, 6 bytes, Stack size 0 bytes, os.o(i.OS_MsTime))
<BR><BR>[Called By]<UL><LI><a href="#[8e]">&gt;&gt;</a>&nbsp;&nbsp;&nbsp;Scheduler
<LI><a href="#[af]">&gt;&gt;</a>&nbsp;&nbsp;&nbsp;OS_AddThread
<LI><a href="#[84]">&gt;&gt;</a>&nbsp;&nbsp;&nbsp;SW2Push
<LI><a href="#[83]">&gt;&gt;</a>&nbsp;&nbsp;&nbsp;SW1Push
<LI><a href="#[82]">&gt;&gt;</a>&nbsp;&nbsp;&nbsp;Restart
<LI><a href="#[81]">&gt;&gt;</a>&nbsp;&nbsp;&nbsp;ButtonWork
</UL>

<P><STRONG><a name="[be]"></a>OS_Signal</STRONG> (Thumb, 46 bytes, Stack size 16 bytes, os.o(i.OS_Signal))
<BR><BR>[Stack]<UL><LI>Max Depth = 16 + Unknown Stack Size
<LI>Call Chain = OS_Signal
</UL>
<BR>[Calls]<UL><LI><a href="#[c9]">&gt;&gt;</a>&nbsp;&nbsp;&nbsp;OS_EnableInterrupts
<LI><a href="#[c6]">&gt;&gt;</a>&nbsp;&nbsp;&nbsp;OS_DisableInterrupts
</UL>
<BR>[Called By]<UL><LI><a href="#[bd]">&gt;&gt;</a>&nbsp;&nbsp;&nbsp;JsFifo_Put
<LI><a href="#[dd]">&gt;&gt;</a>&nbsp;&nbsp;&nbsp;Tx_UARTFifo_Get
<LI><a href="#[d8]">&gt;&gt;</a>&nbsp;&nbsp;&nbsp;Rx_UARTFifo_Put
</UL>

<P><STRONG><a name="[a7]"></a>OS_Sleep</STRONG> (Thumb, 16 bytes, Stack size 4 bytes, os.o(i.OS_Sleep))
<BR><BR>[Stack]<UL><LI>Max Depth = 4<LI>Call Chain = OS_Sleep
</UL>
<BR>[Calls]<UL><LI><a href="#[cb]">&gt;&gt;</a>&nbsp;&nbsp;&nbsp;OS_Suspend
</UL>
<BR>[Called By]<UL><LI><a href="#[7e]">&gt;&gt;</a>&nbsp;&nbsp;&nbsp;DebouncePD7
<LI><a href="#[7d]">&gt;&gt;</a>&nbsp;&nbsp;&nbsp;DebouncePD6
<LI><a href="#[82]">&gt;&gt;</a>&nbsp;&nbsp;&nbsp;Restart
<LI><a href="#[81]">&gt;&gt;</a>&nbsp;&nbsp;&nbsp;ButtonWork
</UL>

<P><STRONG><a name="[cb]"></a>OS_Suspend</STRONG> (Thumb, 18 bytes, Stack size 0 bytes, os.o(i.OS_Suspend))
<BR><BR>[Called By]<UL><LI><a href="#[a6]">&gt;&gt;</a>&nbsp;&nbsp;&nbsp;OS_bWait
<LI><a href="#[a7]">&gt;&gt;</a>&nbsp;&nbsp;&nbsp;OS_Sleep
<LI><a href="#[a9]">&gt;&gt;</a>&nbsp;&nbsp;&nbsp;OS_Kill
<LI><a href="#[bb]">&gt;&gt;</a>&nbsp;&nbsp;&nbsp;OS_Wait
</UL>

<P><STRONG><a name="[cf]"></a>OS_Time</STRONG> (Thumb, 12 bytes, Stack size 0 bytes, os.o(i.OS_Time))
<BR><BR>[Called By]<UL><LI><a href="#[85]">&gt;&gt;</a>&nbsp;&nbsp;&nbsp;Producer
</UL>

<P><STRONG><a name="[d1]"></a>OS_TimeDifference</STRONG> (Thumb, 6 bytes, Stack size 0 bytes, os.o(i.OS_TimeDifference))
<BR><BR>[Called By]<UL><LI><a href="#[85]">&gt;&gt;</a>&nbsp;&nbsp;&nbsp;Producer
</UL>

<P><STRONG><a name="[bb]"></a>OS_Wait</STRONG> (Thumb, 44 bytes, Stack size 8 bytes, os.o(i.OS_Wait))
<BR><BR>[Stack]<UL><LI>Max Depth = 8 + Unknown Stack Size
<LI>Call Chain = OS_Wait
</UL>
<BR>[Calls]<UL><LI><a href="#[c9]">&gt;&gt;</a>&nbsp;&nbsp;&nbsp;OS_EnableInterrupts
<LI><a href="#[c6]">&gt;&gt;</a>&nbsp;&nbsp;&nbsp;OS_DisableInterrupts
<LI><a href="#[cb]">&gt;&gt;</a>&nbsp;&nbsp;&nbsp;OS_Suspend
</UL>
<BR>[Called By]<UL><LI><a href="#[aa]">&gt;&gt;</a>&nbsp;&nbsp;&nbsp;JsFifo_Get
<LI><a href="#[df]">&gt;&gt;</a>&nbsp;&nbsp;&nbsp;Tx_UARTFifo_Put
<LI><a href="#[d6]">&gt;&gt;</a>&nbsp;&nbsp;&nbsp;Rx_UARTFifo_Get
</UL>

<P><STRONG><a name="[a8]"></a>OS_bSignal</STRONG> (Thumb, 56 bytes, Stack size 16 bytes, os.o(i.OS_bSignal))
<BR><BR>[Stack]<UL><LI>Max Depth = 16 + Unknown Stack Size
<LI>Call Chain = OS_bSignal
</UL>
<BR>[Calls]<UL><LI><a href="#[c9]">&gt;&gt;</a>&nbsp;&nbsp;&nbsp;OS_EnableInterrupts
<LI><a href="#[c6]">&gt;&gt;</a>&nbsp;&nbsp;&nbsp;OS_DisableInterrupts
</UL>
<BR>[Called By]<UL><LI><a href="#[82]">&gt;&gt;</a>&nbsp;&nbsp;&nbsp;Restart
<LI><a href="#[80]">&gt;&gt;</a>&nbsp;&nbsp;&nbsp;Display
<LI><a href="#[7f]">&gt;&gt;</a>&nbsp;&nbsp;&nbsp;Consumer
<LI><a href="#[81]">&gt;&gt;</a>&nbsp;&nbsp;&nbsp;ButtonWork
</UL>

<P><STRONG><a name="[a6]"></a>OS_bWait</STRONG> (Thumb, 44 bytes, Stack size 8 bytes, os.o(i.OS_bWait))
<BR><BR>[Stack]<UL><LI>Max Depth = 8 + Unknown Stack Size
<LI>Call Chain = OS_bWait
</UL>
<BR>[Calls]<UL><LI><a href="#[c9]">&gt;&gt;</a>&nbsp;&nbsp;&nbsp;OS_EnableInterrupts
<LI><a href="#[c6]">&gt;&gt;</a>&nbsp;&nbsp;&nbsp;OS_DisableInterrupts
<LI><a href="#[cb]">&gt;&gt;</a>&nbsp;&nbsp;&nbsp;OS_Suspend
</UL>
<BR>[Called By]<UL><LI><a href="#[82]">&gt;&gt;</a>&nbsp;&nbsp;&nbsp;Restart
<LI><a href="#[80]">&gt;&gt;</a>&nbsp;&nbsp;&nbsp;Display
<LI><a href="#[7f]">&gt;&gt;</a>&nbsp;&nbsp;&nbsp;Consumer
<LI><a href="#[81]">&gt;&gt;</a>&nbsp;&nbsp;&nbsp;ButtonWork
</UL>

<P><STRONG><a name="[b6]"></a>OutCRLF</STRONG> (Thumb, 16 bytes, Stack size 8 bytes, uart.o(i.OutCRLF))
<BR><BR>[Stack]<UL><LI>Max Depth = 48 + Unknown Stack Size
<LI>Call Chain = OutCRLF &rArr; UART_OutChar &rArr; copySoftwareToHardware &rArr; Tx_UARTFifo_Get &rArr; OS_Signal
</UL>
<BR>[Calls]<UL><LI><a href="#[ce]">&gt;&gt;</a>&nbsp;&nbsp;&nbsp;UART_OutChar
</UL>
<BR>[Called By]<UL><LI><a href="#[87]">&gt;&gt;</a>&nbsp;&nbsp;&nbsp;Interpreter
</UL>

<P><STRONG><a name="[c7]"></a>PLL_Init</STRONG> (Thumb, 120 bytes, Stack size 0 bytes, pll.o(i.PLL_Init))
<BR><BR>[Called By]<UL><LI><a href="#[c5]">&gt;&gt;</a>&nbsp;&nbsp;&nbsp;OS_Init
</UL>

<P><STRONG><a name="[86]"></a>PeriodicUpdater</STRONG> (Thumb, 12 bytes, Stack size 0 bytes, main.o(i.PeriodicUpdater))
<BR>[Address Reference Count : 1]<UL><LI> main.o(i.main)
</UL>
<P><STRONG><a name="[85]"></a>Producer</STRONG> (Thumb, 162 bytes, Stack size 32 bytes, main.o(i.Producer))
<BR><BR>[Stack]<UL><LI>Max Depth = 64 + Unknown Stack Size
<LI>Call Chain = Producer &rArr; JsFifo_Put &rArr; OS_Signal
</UL>
<BR>[Calls]<UL><LI><a href="#[d1]">&gt;&gt;</a>&nbsp;&nbsp;&nbsp;OS_TimeDifference
<LI><a href="#[cf]">&gt;&gt;</a>&nbsp;&nbsp;&nbsp;OS_Time
<LI><a href="#[d0]">&gt;&gt;</a>&nbsp;&nbsp;&nbsp;UpdatePosition
<LI><a href="#[ac]">&gt;&gt;</a>&nbsp;&nbsp;&nbsp;BSP_Joystick_Input
<LI><a href="#[bd]">&gt;&gt;</a>&nbsp;&nbsp;&nbsp;JsFifo_Put
</UL>
<BR>[Address Reference Count : 1]<UL><LI> main.o(i.main)
</UL>
<P><STRONG><a name="[d2]"></a>Random_Init</STRONG> (Thumb, 20 bytes, Stack size 8 bytes, main.o(i.Random_Init))
<BR><BR>[Stack]<UL><LI>Max Depth = 8<LI>Call Chain = Random_Init
</UL>
<BR>[Calls]<UL><LI><a href="#[d4]">&gt;&gt;</a>&nbsp;&nbsp;&nbsp;Sample_Microphone
<LI><a href="#[d3]">&gt;&gt;</a>&nbsp;&nbsp;&nbsp;Mic_Init
<LI><a href="#[d5]">&gt;&gt;</a>&nbsp;&nbsp;&nbsp;srand
</UL>
<BR>[Called By]<UL><LI><a href="#[7c]">&gt;&gt;</a>&nbsp;&nbsp;&nbsp;main
</UL>

<P><STRONG><a name="[82]"></a>Restart</STRONG> (Thumb, 170 bytes, Stack size 16 bytes, main.o(i.Restart))
<BR><BR>[Stack]<UL><LI>Max Depth = 128 + Unknown Stack Size
<LI>Call Chain = Restart &rArr; BSP_LCD_DrawString &rArr; BSP_LCD_DrawChar &rArr; setAddrWindow
</UL>
<BR>[Calls]<UL><LI><a href="#[a6]">&gt;&gt;</a>&nbsp;&nbsp;&nbsp;OS_bWait
<LI><a href="#[a8]">&gt;&gt;</a>&nbsp;&nbsp;&nbsp;OS_bSignal
<LI><a href="#[a7]">&gt;&gt;</a>&nbsp;&nbsp;&nbsp;OS_Sleep
<LI><a href="#[a5]">&gt;&gt;</a>&nbsp;&nbsp;&nbsp;OS_MsTime
<LI><a href="#[a9]">&gt;&gt;</a>&nbsp;&nbsp;&nbsp;OS_Kill
<LI><a href="#[af]">&gt;&gt;</a>&nbsp;&nbsp;&nbsp;OS_AddThread
<LI><a href="#[9c]">&gt;&gt;</a>&nbsp;&nbsp;&nbsp;BSP_LCD_FillScreen
<LI><a href="#[9a]">&gt;&gt;</a>&nbsp;&nbsp;&nbsp;BSP_LCD_DrawString
</UL>
<BR>[Address Reference Count : 1]<UL><LI> main.o(i.SW2Push)
</UL>
<P><STRONG><a name="[d6]"></a>Rx_UARTFifo_Get</STRONG> (Thumb, 64 bytes, Stack size 8 bytes, uart_fifo.o(i.Rx_UARTFifo_Get))
<BR><BR>[Stack]<UL><LI>Max Depth = 16 + Unknown Stack Size
<LI>Call Chain = Rx_UARTFifo_Get &rArr; OS_Wait
</UL>
<BR>[Calls]<UL><LI><a href="#[bb]">&gt;&gt;</a>&nbsp;&nbsp;&nbsp;OS_Wait
</UL>
<BR>[Called By]<UL><LI><a href="#[e3]">&gt;&gt;</a>&nbsp;&nbsp;&nbsp;UART_InChar
</UL>

<P><STRONG><a name="[d7]"></a>Rx_UARTFifo_Init</STRONG> (Thumb, 34 bytes, Stack size 8 bytes, uart_fifo.o(i.Rx_UARTFifo_Init))
<BR><BR>[Stack]<UL><LI>Max Depth = 24 + Unknown Stack Size
<LI>Call Chain = Rx_UARTFifo_Init &rArr; OS_InitSemaphore
</UL>
<BR>[Calls]<UL><LI><a href="#[b1]">&gt;&gt;</a>&nbsp;&nbsp;&nbsp;StartCritical
<LI><a href="#[a4]">&gt;&gt;</a>&nbsp;&nbsp;&nbsp;OS_InitSemaphore
<LI><a href="#[b2]">&gt;&gt;</a>&nbsp;&nbsp;&nbsp;EndCritical
</UL>
<BR>[Called By]<UL><LI><a href="#[ae]">&gt;&gt;</a>&nbsp;&nbsp;&nbsp;UART_Init
</UL>

<P><STRONG><a name="[d8]"></a>Rx_UARTFifo_Put</STRONG> (Thumb, 52 bytes, Stack size 16 bytes, uart_fifo.o(i.Rx_UARTFifo_Put))
<BR><BR>[Stack]<UL><LI>Max Depth = 32 + Unknown Stack Size
<LI>Call Chain = Rx_UARTFifo_Put &rArr; OS_Signal
</UL>
<BR>[Calls]<UL><LI><a href="#[be]">&gt;&gt;</a>&nbsp;&nbsp;&nbsp;OS_Signal
</UL>
<BR>[Called By]<UL><LI><a href="#[e2]">&gt;&gt;</a>&nbsp;&nbsp;&nbsp;copyHardwareToSoftware
</UL>

<P><STRONG><a name="[e4]"></a>Rx_UARTFifo_Size</STRONG> (Thumb, 42 bytes, Stack size 0 bytes, uart_fifo.o(i.Rx_UARTFifo_Size))
<BR><BR>[Called By]<UL><LI><a href="#[e2]">&gt;&gt;</a>&nbsp;&nbsp;&nbsp;copyHardwareToSoftware
</UL>

<P><STRONG><a name="[83]"></a>SW1Push</STRONG> (Thumb, 50 bytes, Stack size 8 bytes, main.o(i.SW1Push))
<BR><BR>[Stack]<UL><LI>Max Depth = 40 + Unknown Stack Size
<LI>Call Chain = SW1Push &rArr; OS_AddThread
</UL>
<BR>[Calls]<UL><LI><a href="#[a5]">&gt;&gt;</a>&nbsp;&nbsp;&nbsp;OS_MsTime
<LI><a href="#[c8]">&gt;&gt;</a>&nbsp;&nbsp;&nbsp;OS_ClearMsTime
<LI><a href="#[af]">&gt;&gt;</a>&nbsp;&nbsp;&nbsp;OS_AddThread
</UL>
<BR>[Address Reference Count : 1]<UL><LI> main.o(i.main)
</UL>
<P><STRONG><a name="[84]"></a>SW2Push</STRONG> (Thumb, 58 bytes, Stack size 8 bytes, main.o(i.SW2Push))
<BR><BR>[Stack]<UL><LI>Max Depth = 40 + Unknown Stack Size
<LI>Call Chain = SW2Push &rArr; OS_AddThread
</UL>
<BR>[Calls]<UL><LI><a href="#[a5]">&gt;&gt;</a>&nbsp;&nbsp;&nbsp;OS_MsTime
<LI><a href="#[c8]">&gt;&gt;</a>&nbsp;&nbsp;&nbsp;OS_ClearMsTime
<LI><a href="#[af]">&gt;&gt;</a>&nbsp;&nbsp;&nbsp;OS_AddThread
<LI><a href="#[dc]">&gt;&gt;</a>&nbsp;&nbsp;&nbsp;getRandomNumber
</UL>
<BR>[Address Reference Count : 1]<UL><LI> main.o(i.main)
</UL>
<P><STRONG><a name="[d4]"></a>Sample_Microphone</STRONG> (Thumb, 48 bytes, Stack size 0 bytes, main.o(i.Sample_Microphone))
<BR><BR>[Called By]<UL><LI><a href="#[d2]">&gt;&gt;</a>&nbsp;&nbsp;&nbsp;Random_Init
</UL>

<P><STRONG><a name="[8e]"></a>Scheduler</STRONG> (Thumb, 104 bytes, Stack size 8 bytes, os.o(i.Scheduler))
<BR><BR>[Stack]<UL><LI>Max Depth = 8<LI>Call Chain = Scheduler
</UL>
<BR>[Calls]<UL><LI><a href="#[a5]">&gt;&gt;</a>&nbsp;&nbsp;&nbsp;OS_MsTime
</UL>
<BR>[Called By]<UL><LI><a href="#[9]">&gt;&gt;</a>&nbsp;&nbsp;&nbsp;SysTick_Handler
</UL>

<P><STRONG><a name="[c4]"></a>SetInitialStack</STRONG> (Thumb, 330 bytes, Stack size 0 bytes, os.o(i.SetInitialStack))
<BR><BR>[Called By]<UL><LI><a href="#[af]">&gt;&gt;</a>&nbsp;&nbsp;&nbsp;OS_AddThread
</UL>

<P><STRONG><a name="[1f]"></a>Timer1A_Handler</STRONG> (Thumb, 16 bytes, Stack size 8 bytes, os.o(i.Timer1A_Handler))
<BR><BR>[Stack]<UL><LI>Max Depth = 8<LI>Call Chain = Timer1A_Handler
</UL>
<BR>[Address Reference Count : 1]<UL><LI> startup.o(RESET)
</UL>
<P><STRONG><a name="[21]"></a>Timer2A_Handler</STRONG> (Thumb, 188 bytes, Stack size 0 bytes, os.o(i.Timer2A_Handler))
<BR>[Address Reference Count : 1]<UL><LI> startup.o(RESET)
</UL>
<P><STRONG><a name="[2d]"></a>Timer3A_Handler</STRONG> (Thumb, 8 bytes, Stack size 0 bytes, os.o(i.Timer3A_Handler))
<BR>[Address Reference Count : 1]<UL><LI> startup.o(RESET)
</UL>
<P><STRONG><a name="[4c]"></a>Timer4A_Handler</STRONG> (Thumb, 16 bytes, Stack size 8 bytes, os.o(i.Timer4A_Handler))
<BR><BR>[Stack]<UL><LI>Max Depth = 8<LI>Call Chain = Timer4A_Handler
</UL>
<BR>[Address Reference Count : 1]<UL><LI> startup.o(RESET)
</UL>
<P><STRONG><a name="[dd]"></a>Tx_UARTFifo_Get</STRONG> (Thumb, 54 bytes, Stack size 8 bytes, uart_fifo.o(i.Tx_UARTFifo_Get))
<BR><BR>[Stack]<UL><LI>Max Depth = 24 + Unknown Stack Size
<LI>Call Chain = Tx_UARTFifo_Get &rArr; OS_Signal
</UL>
<BR>[Calls]<UL><LI><a href="#[be]">&gt;&gt;</a>&nbsp;&nbsp;&nbsp;OS_Signal
</UL>
<BR>[Called By]<UL><LI><a href="#[e0]">&gt;&gt;</a>&nbsp;&nbsp;&nbsp;copySoftwareToHardware
</UL>

<P><STRONG><a name="[de]"></a>Tx_UARTFifo_Init</STRONG> (Thumb, 34 bytes, Stack size 8 bytes, uart_fifo.o(i.Tx_UARTFifo_Init))
<BR><BR>[Stack]<UL><LI>Max Depth = 24 + Unknown Stack Size
<LI>Call Chain = Tx_UARTFifo_Init &rArr; OS_InitSemaphore
</UL>
<BR>[Calls]<UL><LI><a href="#[b1]">&gt;&gt;</a>&nbsp;&nbsp;&nbsp;StartCritical
<LI><a href="#[a4]">&gt;&gt;</a>&nbsp;&nbsp;&nbsp;OS_InitSemaphore
<LI><a href="#[b2]">&gt;&gt;</a>&nbsp;&nbsp;&nbsp;EndCritical
</UL>
<BR>[Called By]<UL><LI><a href="#[ae]">&gt;&gt;</a>&nbsp;&nbsp;&nbsp;UART_Init
</UL>

<P><STRONG><a name="[df]"></a>Tx_UARTFifo_Put</STRONG> (Thumb, 56 bytes, Stack size 8 bytes, uart_fifo.o(i.Tx_UARTFifo_Put))
<BR><BR>[Stack]<UL><LI>Max Depth = 16 + Unknown Stack Size
<LI>Call Chain = Tx_UARTFifo_Put &rArr; OS_Wait
</UL>
<BR>[Calls]<UL><LI><a href="#[bb]">&gt;&gt;</a>&nbsp;&nbsp;&nbsp;OS_Wait
</UL>
<BR>[Called By]<UL><LI><a href="#[ce]">&gt;&gt;</a>&nbsp;&nbsp;&nbsp;UART_OutChar
</UL>

<P><STRONG><a name="[e1]"></a>Tx_UARTFifo_Size</STRONG> (Thumb, 14 bytes, Stack size 0 bytes, uart_fifo.o(i.Tx_UARTFifo_Size))
<BR><BR>[Called By]<UL><LI><a href="#[f]">&gt;&gt;</a>&nbsp;&nbsp;&nbsp;UART0_Handler
<LI><a href="#[e0]">&gt;&gt;</a>&nbsp;&nbsp;&nbsp;copySoftwareToHardware
</UL>

<P><STRONG><a name="[f]"></a>UART0_Handler</STRONG> (Thumb, 82 bytes, Stack size 8 bytes, uart.o(i.UART0_Handler))
<BR><BR>[Stack]<UL><LI>Max Depth = 48 + Unknown Stack Size
<LI>Call Chain = UART0_Handler &rArr; copyHardwareToSoftware &rArr; Rx_UARTFifo_Put &rArr; OS_Signal
</UL>
<BR>[Calls]<UL><LI><a href="#[e1]">&gt;&gt;</a>&nbsp;&nbsp;&nbsp;Tx_UARTFifo_Size
<LI><a href="#[e0]">&gt;&gt;</a>&nbsp;&nbsp;&nbsp;copySoftwareToHardware
<LI><a href="#[e2]">&gt;&gt;</a>&nbsp;&nbsp;&nbsp;copyHardwareToSoftware
</UL>
<BR>[Address Reference Count : 1]<UL><LI> startup.o(RESET)
</UL>
<P><STRONG><a name="[e3]"></a>UART_InChar</STRONG> (Thumb, 20 bytes, Stack size 8 bytes, uart.o(i.UART_InChar))
<BR><BR>[Stack]<UL><LI>Max Depth = 24 + Unknown Stack Size
<LI>Call Chain = UART_InChar &rArr; Rx_UARTFifo_Get &rArr; OS_Wait
</UL>
<BR>[Calls]<UL><LI><a href="#[d6]">&gt;&gt;</a>&nbsp;&nbsp;&nbsp;Rx_UARTFifo_Get
</UL>
<BR>[Called By]<UL><LI><a href="#[b8]">&gt;&gt;</a>&nbsp;&nbsp;&nbsp;UART_InString
</UL>

<P><STRONG><a name="[b8]"></a>UART_InString</STRONG> (Thumb, 70 bytes, Stack size 24 bytes, uart.o(i.UART_InString))
<BR><BR>[Stack]<UL><LI>Max Depth = 64 + Unknown Stack Size
<LI>Call Chain = UART_InString &rArr; UART_OutChar &rArr; copySoftwareToHardware &rArr; Tx_UARTFifo_Get &rArr; OS_Signal
</UL>
<BR>[Calls]<UL><LI><a href="#[ce]">&gt;&gt;</a>&nbsp;&nbsp;&nbsp;UART_OutChar
<LI><a href="#[e3]">&gt;&gt;</a>&nbsp;&nbsp;&nbsp;UART_InChar
</UL>
<BR>[Called By]<UL><LI><a href="#[87]">&gt;&gt;</a>&nbsp;&nbsp;&nbsp;Interpreter
</UL>

<P><STRONG><a name="[ae]"></a>UART_Init</STRONG> (Thumb, 170 bytes, Stack size 8 bytes, uart.o(i.UART_Init))
<BR><BR>[Stack]<UL><LI>Max Depth = 32 + Unknown Stack Size
<LI>Call Chain = UART_Init &rArr; Tx_UARTFifo_Init &rArr; OS_InitSemaphore
</UL>
<BR>[Calls]<UL><LI><a href="#[de]">&gt;&gt;</a>&nbsp;&nbsp;&nbsp;Tx_UARTFifo_Init
<LI><a href="#[d7]">&gt;&gt;</a>&nbsp;&nbsp;&nbsp;Rx_UARTFifo_Init
</UL>
<BR>[Called By]<UL><LI><a href="#[ad]">&gt;&gt;</a>&nbsp;&nbsp;&nbsp;Device_Init
</UL>

<P><STRONG><a name="[ce]"></a>UART_OutChar</STRONG> (Thumb, 46 bytes, Stack size 8 bytes, uart.o(i.UART_OutChar))
<BR><BR>[Stack]<UL><LI>Max Depth = 40 + Unknown Stack Size
<LI>Call Chain = UART_OutChar &rArr; copySoftwareToHardware &rArr; Tx_UARTFifo_Get &rArr; OS_Signal
</UL>
<BR>[Calls]<UL><LI><a href="#[df]">&gt;&gt;</a>&nbsp;&nbsp;&nbsp;Tx_UARTFifo_Put
<LI><a href="#[e0]">&gt;&gt;</a>&nbsp;&nbsp;&nbsp;copySoftwareToHardware
</UL>
<BR>[Called By]<UL><LI><a href="#[ba]">&gt;&gt;</a>&nbsp;&nbsp;&nbsp;UART_OutUDec
<LI><a href="#[b7]">&gt;&gt;</a>&nbsp;&nbsp;&nbsp;UART_OutString
<LI><a href="#[b8]">&gt;&gt;</a>&nbsp;&nbsp;&nbsp;UART_InString
<LI><a href="#[b6]">&gt;&gt;</a>&nbsp;&nbsp;&nbsp;OutCRLF
</UL>

<P><STRONG><a name="[b7]"></a>UART_OutString</STRONG> (Thumb, 22 bytes, Stack size 8 bytes, uart.o(i.UART_OutString))
<BR><BR>[Stack]<UL><LI>Max Depth = 48 + Unknown Stack Size
<LI>Call Chain = UART_OutString &rArr; UART_OutChar &rArr; copySoftwareToHardware &rArr; Tx_UARTFifo_Get &rArr; OS_Signal
</UL>
<BR>[Calls]<UL><LI><a href="#[ce]">&gt;&gt;</a>&nbsp;&nbsp;&nbsp;UART_OutChar
</UL>
<BR>[Called By]<UL><LI><a href="#[87]">&gt;&gt;</a>&nbsp;&nbsp;&nbsp;Interpreter
</UL>

<P><STRONG><a name="[ba]"></a>UART_OutUDec</STRONG> (Thumb, 42 bytes, Stack size 16 bytes, uart.o(i.UART_OutUDec))
<BR><BR>[Stack]<UL><LI>Max Depth = 56 + Unknown Stack Size
 + In Cycle
<LI>Call Chain = UART_OutUDec &rArr;  UART_OutUDec (Cycle)
</UL>
<BR>[Calls]<UL><LI><a href="#[ba]">&gt;&gt;</a>&nbsp;&nbsp;&nbsp;UART_OutUDec
<LI><a href="#[ce]">&gt;&gt;</a>&nbsp;&nbsp;&nbsp;UART_OutChar
</UL>
<BR>[Called By]<UL><LI><a href="#[ba]">&gt;&gt;</a>&nbsp;&nbsp;&nbsp;UART_OutUDec
<LI><a href="#[87]">&gt;&gt;</a>&nbsp;&nbsp;&nbsp;Interpreter
</UL>

<P><STRONG><a name="[d0]"></a>UpdatePosition</STRONG> (Thumb, 184 bytes, Stack size 8 bytes, main.o(i.UpdatePosition))
<BR><BR>[Stack]<UL><LI>Max Depth = 8<LI>Call Chain = UpdatePosition
</UL>
<BR>[Called By]<UL><LI><a href="#[85]">&gt;&gt;</a>&nbsp;&nbsp;&nbsp;Producer
</UL>

<P><STRONG><a name="[f2]"></a>__scatterload_copy</STRONG> (Thumb, 14 bytes, Stack size unknown bytes, handlers.o(i.__scatterload_copy), UNUSED)

<P><STRONG><a name="[f3]"></a>__scatterload_null</STRONG> (Thumb, 2 bytes, Stack size unknown bytes, handlers.o(i.__scatterload_null), UNUSED)

<P><STRONG><a name="[f4]"></a>__scatterload_zeroinit</STRONG> (Thumb, 14 bytes, Stack size unknown bytes, handlers.o(i.__scatterload_zeroinit), UNUSED)

<P><STRONG><a name="[dc]"></a>getRandomNumber</STRONG> (Thumb, 10 bytes, Stack size 8 bytes, main.o(i.getRandomNumber))
<BR><BR>[Stack]<UL><LI>Max Depth = 8<LI>Call Chain = getRandomNumber
</UL>
<BR>[Calls]<UL><LI><a href="#[e6]">&gt;&gt;</a>&nbsp;&nbsp;&nbsp;rand
</UL>
<BR>[Called By]<UL><LI><a href="#[84]">&gt;&gt;</a>&nbsp;&nbsp;&nbsp;SW2Push
</UL>

<P><STRONG><a name="[7c]"></a>main</STRONG> (Thumb, 172 bytes, Stack size 8 bytes, main.o(i.main))
<BR><BR>[Stack]<UL><LI>Max Depth = 112 + Unknown Stack Size
<LI>Call Chain = main &rArr; Device_Init &rArr; BSP_LCD_OutputInit &rArr; BSP_LCD_Init &rArr; ST7735_InitR &rArr; BSP_LCD_FillScreen &rArr; BSP_LCD_FillRect &rArr; setAddrWindow
</UL>
<BR>[Calls]<UL><LI><a href="#[cc]">&gt;&gt;</a>&nbsp;&nbsp;&nbsp;OS_Launch
<LI><a href="#[c5]">&gt;&gt;</a>&nbsp;&nbsp;&nbsp;OS_Init
<LI><a href="#[af]">&gt;&gt;</a>&nbsp;&nbsp;&nbsp;OS_AddThread
<LI><a href="#[c2]">&gt;&gt;</a>&nbsp;&nbsp;&nbsp;OS_AddSW2Task
<LI><a href="#[c0]">&gt;&gt;</a>&nbsp;&nbsp;&nbsp;OS_AddSW1Task
<LI><a href="#[bf]">&gt;&gt;</a>&nbsp;&nbsp;&nbsp;OS_AddPeriodicThread
<LI><a href="#[d2]">&gt;&gt;</a>&nbsp;&nbsp;&nbsp;Random_Init
<LI><a href="#[ad]">&gt;&gt;</a>&nbsp;&nbsp;&nbsp;Device_Init
<LI><a href="#[ab]">&gt;&gt;</a>&nbsp;&nbsp;&nbsp;CrossHair_Init
<LI><a href="#[bc]">&gt;&gt;</a>&nbsp;&nbsp;&nbsp;JsFifo_Init
</UL>
<BR>[Address Reference Count : 1]<UL><LI> entry9a.o(.ARM.Collect$$$$0000000B)
</UL><P>
<H3>
Local Symbols
</H3>
<P><STRONG><a name="[92]"></a>adcinit</STRONG> (Thumb, 58 bytes, Stack size 0 bytes, joystick.o(i.adcinit))
<BR><BR>[Called By]<UL><LI><a href="#[91]">&gt;&gt;</a>&nbsp;&nbsp;&nbsp;BSP_Joystick_Init
</UL>

<P><STRONG><a name="[9e]"></a>ST7735_InitR</STRONG> (Thumb, 86 bytes, Stack size 8 bytes, lcd.o(i.ST7735_InitR))
<BR><BR>[Stack]<UL><LI>Max Depth = 80<LI>Call Chain = ST7735_InitR &rArr; BSP_LCD_FillScreen &rArr; BSP_LCD_FillRect &rArr; setAddrWindow
</UL>
<BR>[Calls]<UL><LI><a href="#[a0]">&gt;&gt;</a>&nbsp;&nbsp;&nbsp;BSP_LCD_SetCursor
<LI><a href="#[9c]">&gt;&gt;</a>&nbsp;&nbsp;&nbsp;BSP_LCD_FillScreen
<LI><a href="#[99]">&gt;&gt;</a>&nbsp;&nbsp;&nbsp;writedata
<LI><a href="#[db]">&gt;&gt;</a>&nbsp;&nbsp;&nbsp;writecommand
<LI><a href="#[d9]">&gt;&gt;</a>&nbsp;&nbsp;&nbsp;commonInit
<LI><a href="#[da]">&gt;&gt;</a>&nbsp;&nbsp;&nbsp;commandList
</UL>
<BR>[Called By]<UL><LI><a href="#[9d]">&gt;&gt;</a>&nbsp;&nbsp;&nbsp;BSP_LCD_Init
</UL>

<P><STRONG><a name="[da]"></a>commandList</STRONG> (Thumb, 86 bytes, Stack size 24 bytes, lcd.o(i.commandList))
<BR><BR>[Stack]<UL><LI>Max Depth = 32<LI>Call Chain = commandList &rArr; BSP_Delay1ms
</UL>
<BR>[Calls]<UL><LI><a href="#[90]">&gt;&gt;</a>&nbsp;&nbsp;&nbsp;BSP_Delay1ms
<LI><a href="#[99]">&gt;&gt;</a>&nbsp;&nbsp;&nbsp;writedata
<LI><a href="#[db]">&gt;&gt;</a>&nbsp;&nbsp;&nbsp;writecommand
</UL>
<BR>[Called By]<UL><LI><a href="#[d9]">&gt;&gt;</a>&nbsp;&nbsp;&nbsp;commonInit
<LI><a href="#[9e]">&gt;&gt;</a>&nbsp;&nbsp;&nbsp;ST7735_InitR
</UL>

<P><STRONG><a name="[d9]"></a>commonInit</STRONG> (Thumb, 452 bytes, Stack size 8 bytes, lcd.o(i.commonInit))
<BR><BR>[Stack]<UL><LI>Max Depth = 40<LI>Call Chain = commonInit &rArr; commandList &rArr; BSP_Delay1ms
</UL>
<BR>[Calls]<UL><LI><a href="#[90]">&gt;&gt;</a>&nbsp;&nbsp;&nbsp;BSP_Delay1ms
<LI><a href="#[da]">&gt;&gt;</a>&nbsp;&nbsp;&nbsp;commandList
</UL>
<BR>[Called By]<UL><LI><a href="#[9e]">&gt;&gt;</a>&nbsp;&nbsp;&nbsp;ST7735_InitR
</UL>

<P><STRONG><a name="[e5]"></a>fillmessage</STRONG> (Thumb, 64 bytes, Stack size 12 bytes, lcd.o(i.fillmessage))
<BR><BR>[Stack]<UL><LI>Max Depth = 12 + In Cycle
<LI>Call Chain = fillmessage &rArr;  fillmessage (Cycle)
</UL>
<BR>[Calls]<UL><LI><a href="#[e5]">&gt;&gt;</a>&nbsp;&nbsp;&nbsp;fillmessage
</UL>
<BR>[Called By]<UL><LI><a href="#[a2]">&gt;&gt;</a>&nbsp;&nbsp;&nbsp;fillmessage4
<LI><a href="#[e5]">&gt;&gt;</a>&nbsp;&nbsp;&nbsp;fillmessage
</UL>

<P><STRONG><a name="[a2]"></a>fillmessage4</STRONG> (Thumb, 90 bytes, Stack size 8 bytes, lcd.o(i.fillmessage4))
<BR><BR>[Stack]<UL><LI>Max Depth = 20<LI>Call Chain = fillmessage4 &rArr; fillmessage &rArr;  fillmessage (Cycle)
</UL>
<BR>[Calls]<UL><LI><a href="#[e5]">&gt;&gt;</a>&nbsp;&nbsp;&nbsp;fillmessage
</UL>
<BR>[Called By]<UL><LI><a href="#[a1]">&gt;&gt;</a>&nbsp;&nbsp;&nbsp;BSP_LCD_OutUDec4
</UL>

<P><STRONG><a name="[95]"></a>pushColor</STRONG> (Thumb, 18 bytes, Stack size 8 bytes, lcd.o(i.pushColor))
<BR><BR>[Stack]<UL><LI>Max Depth = 8<LI>Call Chain = pushColor
</UL>
<BR>[Calls]<UL><LI><a href="#[99]">&gt;&gt;</a>&nbsp;&nbsp;&nbsp;writedata
</UL>
<BR>[Called By]<UL><LI><a href="#[93]">&gt;&gt;</a>&nbsp;&nbsp;&nbsp;BSP_LCD_DrawChar
</UL>

<P><STRONG><a name="[94]"></a>setAddrWindow</STRONG> (Thumb, 106 bytes, Stack size 24 bytes, lcd.o(i.setAddrWindow))
<BR><BR>[Stack]<UL><LI>Max Depth = 24<LI>Call Chain = setAddrWindow
</UL>
<BR>[Calls]<UL><LI><a href="#[99]">&gt;&gt;</a>&nbsp;&nbsp;&nbsp;writedata
<LI><a href="#[db]">&gt;&gt;</a>&nbsp;&nbsp;&nbsp;writecommand
</UL>
<BR>[Called By]<UL><LI><a href="#[9b]">&gt;&gt;</a>&nbsp;&nbsp;&nbsp;BSP_LCD_FillRect
<LI><a href="#[97]">&gt;&gt;</a>&nbsp;&nbsp;&nbsp;BSP_LCD_DrawFastVLine
<LI><a href="#[98]">&gt;&gt;</a>&nbsp;&nbsp;&nbsp;BSP_LCD_DrawFastHLine
<LI><a href="#[93]">&gt;&gt;</a>&nbsp;&nbsp;&nbsp;BSP_LCD_DrawChar
</UL>

<P><STRONG><a name="[db]"></a>writecommand</STRONG> (Thumb, 62 bytes, Stack size 0 bytes, lcd.o(i.writecommand))
<BR><BR>[Called By]<UL><LI><a href="#[94]">&gt;&gt;</a>&nbsp;&nbsp;&nbsp;setAddrWindow
<LI><a href="#[da]">&gt;&gt;</a>&nbsp;&nbsp;&nbsp;commandList
<LI><a href="#[9e]">&gt;&gt;</a>&nbsp;&nbsp;&nbsp;ST7735_InitR
</UL>

<P><STRONG><a name="[99]"></a>writedata</STRONG> (Thumb, 64 bytes, Stack size 0 bytes, lcd.o(i.writedata))
<BR><BR>[Called By]<UL><LI><a href="#[9b]">&gt;&gt;</a>&nbsp;&nbsp;&nbsp;BSP_LCD_FillRect
<LI><a href="#[97]">&gt;&gt;</a>&nbsp;&nbsp;&nbsp;BSP_LCD_DrawFastVLine
<LI><a href="#[98]">&gt;&gt;</a>&nbsp;&nbsp;&nbsp;BSP_LCD_DrawFastHLine
<LI><a href="#[94]">&gt;&gt;</a>&nbsp;&nbsp;&nbsp;setAddrWindow
<LI><a href="#[95]">&gt;&gt;</a>&nbsp;&nbsp;&nbsp;pushColor
<LI><a href="#[da]">&gt;&gt;</a>&nbsp;&nbsp;&nbsp;commandList
<LI><a href="#[9e]">&gt;&gt;</a>&nbsp;&nbsp;&nbsp;ST7735_InitR
</UL>

<P><STRONG><a name="[7d]"></a>DebouncePD6</STRONG> (Thumb, 44 bytes, Stack size 4 bytes, os.o(i.DebouncePD6))
<BR><BR>[Stack]<UL><LI>Max Depth = 12<LI>Call Chain = DebouncePD6 &rArr; OS_Kill
</UL>
<BR>[Calls]<UL><LI><a href="#[a7]">&gt;&gt;</a>&nbsp;&nbsp;&nbsp;OS_Sleep
<LI><a href="#[a9]">&gt;&gt;</a>&nbsp;&nbsp;&nbsp;OS_Kill
</UL>
<BR>[Address Reference Count : 1]<UL><LI> os.o(i.GPIOPortD_Handler)
</UL>
<P><STRONG><a name="[7e]"></a>DebouncePD7</STRONG> (Thumb, 44 bytes, Stack size 4 bytes, os.o(i.DebouncePD7))
<BR><BR>[Stack]<UL><LI>Max Depth = 12<LI>Call Chain = DebouncePD7 &rArr; OS_Kill
</UL>
<BR>[Calls]<UL><LI><a href="#[a7]">&gt;&gt;</a>&nbsp;&nbsp;&nbsp;OS_Sleep
<LI><a href="#[a9]">&gt;&gt;</a>&nbsp;&nbsp;&nbsp;OS_Kill
</UL>
<BR>[Address Reference Count : 1]<UL><LI> os.o(i.GPIOPortD_Handler)
</UL>
<P><STRONG><a name="[e2]"></a>copyHardwareToSoftware</STRONG> (Thumb, 36 bytes, Stack size 8 bytes, uart.o(i.copyHardwareToSoftware))
<BR><BR>[Stack]<UL><LI>Max Depth = 40 + Unknown Stack Size
<LI>Call Chain = copyHardwareToSoftware &rArr; Rx_UARTFifo_Put &rArr; OS_Signal
</UL>
<BR>[Calls]<UL><LI><a href="#[e4]">&gt;&gt;</a>&nbsp;&nbsp;&nbsp;Rx_UARTFifo_Size
<LI><a href="#[d8]">&gt;&gt;</a>&nbsp;&nbsp;&nbsp;Rx_UARTFifo_Put
</UL>
<BR>[Called By]<UL><LI><a href="#[f]">&gt;&gt;</a>&nbsp;&nbsp;&nbsp;UART0_Handler
</UL>

<P><STRONG><a name="[e0]"></a>copySoftwareToHardware</STRONG> (Thumb, 38 bytes, Stack size 8 bytes, uart.o(i.copySoftwareToHardware))
<BR><BR>[Stack]<UL><LI>Max Depth = 32 + Unknown Stack Size
<LI>Call Chain = copySoftwareToHardware &rArr; Tx_UARTFifo_Get &rArr; OS_Signal
</UL>
<BR>[Calls]<UL><LI><a href="#[e1]">&gt;&gt;</a>&nbsp;&nbsp;&nbsp;Tx_UARTFifo_Size
<LI><a href="#[dd]">&gt;&gt;</a>&nbsp;&nbsp;&nbsp;Tx_UARTFifo_Get
</UL>
<BR>[Called By]<UL><LI><a href="#[ce]">&gt;&gt;</a>&nbsp;&nbsp;&nbsp;UART_OutChar
<LI><a href="#[f]">&gt;&gt;</a>&nbsp;&nbsp;&nbsp;UART0_Handler
</UL>
<P>
<H3>
Undefined Global Symbols
</H3><HR></body></html>
