Component: ARM Compiler 5.06 update 7 (build 960) Tool: armlink [4d3601]

==============================================================================

Section Cross References

    fifo.o(i.JsFifo_Get) refers to os.o(i.OS_Wait) for OS_Wait
    fifo.o(i.JsFifo_Get) refers to fifo.o(.data) for JsFifoAvailable
    fifo.o(i.JsFifo_Get) refers to fifo.o(.bss) for JsFifo
    fifo.o(i.JsFifo_Init) refers to startup.o(.text) for StartCritical
    fifo.o(i.JsFifo_Init) refers to os.o(i.OS_InitSemaphore) for OS_InitSemaphore
    fifo.o(i.JsFifo_Init) refers to fifo.o(.data) for JsFifoAvailable
    fifo.o(i.JsFifo_Init) refers to fifo.o(.bss) for JsFifo
    fifo.o(i.JsFifo_Put) refers to os.o(i.OS_Signal) for OS_Signal
    fifo.o(i.JsFifo_Put) refers to fifo.o(.data) for JsPutPt
    fifo.o(i.JsFifo_Put) refers to fifo.o(.bss) for JsFifo
    fifo.o(i.JsFifo_Size) refers to fifo.o(.data) for JsPutPt
    joystick.o(i.BSP_Joystick_Init) refers to joystick.o(i.adcinit) for adcinit
    lcd.o(i.BSP_Delay1ms) refers to lcd.o(.emb_text) for parrotdelay
    lcd.o(i.BSP_LCD_DrawBitmap) refers to lcd.o(i.setAddrWindow) for setAddrWindow
    lcd.o(i.BSP_LCD_DrawBitmap) refers to lcd.o(i.writedata) for writedata
    lcd.o(i.BSP_LCD_DrawBitmap) refers to lcd.o(.data) for _width
    lcd.o(i.BSP_LCD_DrawChar) refers to lcd.o(i.setAddrWindow) for setAddrWindow
    lcd.o(i.BSP_LCD_DrawChar) refers to lcd.o(i.pushColor) for pushColor
    lcd.o(i.BSP_LCD_DrawChar) refers to lcd.o(.data) for _width
    lcd.o(i.BSP_LCD_DrawChar) refers to lcd.o(.constdata) for Font
    lcd.o(i.BSP_LCD_DrawCharS) refers to lcd.o(i.BSP_LCD_DrawPixel) for BSP_LCD_DrawPixel
    lcd.o(i.BSP_LCD_DrawCharS) refers to lcd.o(i.BSP_LCD_FillRect) for BSP_LCD_FillRect
    lcd.o(i.BSP_LCD_DrawCharS) refers to lcd.o(.data) for _width
    lcd.o(i.BSP_LCD_DrawCharS) refers to lcd.o(.constdata) for Font
    lcd.o(i.BSP_LCD_DrawCrosshair) refers to lcd.o(i.BSP_LCD_DrawFastVLine) for BSP_LCD_DrawFastVLine
    lcd.o(i.BSP_LCD_DrawCrosshair) refers to lcd.o(i.BSP_LCD_DrawFastHLine) for BSP_LCD_DrawFastHLine
    lcd.o(i.BSP_LCD_DrawFastHLine) refers to lcd.o(i.setAddrWindow) for setAddrWindow
    lcd.o(i.BSP_LCD_DrawFastHLine) refers to lcd.o(i.writedata) for writedata
    lcd.o(i.BSP_LCD_DrawFastHLine) refers to lcd.o(.data) for _width
    lcd.o(i.BSP_LCD_DrawFastVLine) refers to lcd.o(i.setAddrWindow) for setAddrWindow
    lcd.o(i.BSP_LCD_DrawFastVLine) refers to lcd.o(i.writedata) for writedata
    lcd.o(i.BSP_LCD_DrawFastVLine) refers to lcd.o(.data) for _width
    lcd.o(i.BSP_LCD_DrawPixel) refers to lcd.o(i.setAddrWindow) for setAddrWindow
    lcd.o(i.BSP_LCD_DrawPixel) refers to lcd.o(i.pushColor) for pushColor
    lcd.o(i.BSP_LCD_DrawPixel) refers to lcd.o(.data) for _width
    lcd.o(i.BSP_LCD_DrawString) refers to lcd.o(i.BSP_LCD_DrawChar) for BSP_LCD_DrawChar
    lcd.o(i.BSP_LCD_Drawaxes) refers to lcd.o(i.BSP_LCD_FillRect) for BSP_LCD_FillRect
    lcd.o(i.BSP_LCD_Drawaxes) refers to lcd.o(i.BSP_LCD_DrawFastHLine) for BSP_LCD_DrawFastHLine
    lcd.o(i.BSP_LCD_Drawaxes) refers to lcd.o(i.BSP_LCD_DrawFastVLine) for BSP_LCD_DrawFastVLine
    lcd.o(i.BSP_LCD_Drawaxes) refers to lcd.o(i.BSP_LCD_DrawPixel) for BSP_LCD_DrawPixel
    lcd.o(i.BSP_LCD_Drawaxes) refers to lcd.o(i.BSP_LCD_DrawChar) for BSP_LCD_DrawChar
    lcd.o(i.BSP_LCD_Drawaxes) refers to lcd.o(.data) for Ymax
    lcd.o(i.BSP_LCD_FillRect) refers to lcd.o(i.setAddrWindow) for setAddrWindow
    lcd.o(i.BSP_LCD_FillRect) refers to lcd.o(i.writedata) for writedata
    lcd.o(i.BSP_LCD_FillRect) refers to lcd.o(.data) for _width
    lcd.o(i.BSP_LCD_FillScreen) refers to lcd.o(i.BSP_LCD_FillRect) for BSP_LCD_FillRect
    lcd.o(i.BSP_LCD_FillScreen) refers to lcd.o(.data) for _height
    lcd.o(i.BSP_LCD_Init) refers to lcd.o(i.ST7735_InitR) for ST7735_InitR
    lcd.o(i.BSP_LCD_Message) refers to lcd.o(i.BSP_LCD_DrawString) for BSP_LCD_DrawString
    lcd.o(i.BSP_LCD_Message) refers to lcd.o(i.BSP_LCD_SetCursor) for BSP_LCD_SetCursor
    lcd.o(i.BSP_LCD_Message) refers to lcd.o(i.BSP_LCD_OutUDec4) for BSP_LCD_OutUDec4
    lcd.o(i.BSP_LCD_OutUDec) refers to lcd.o(i.fillmessage) for fillmessage
    lcd.o(i.BSP_LCD_OutUDec) refers to lcd.o(i.BSP_LCD_DrawString) for BSP_LCD_DrawString
    lcd.o(i.BSP_LCD_OutUDec) refers to lcd.o(i.BSP_LCD_DrawChar) for BSP_LCD_DrawChar
    lcd.o(i.BSP_LCD_OutUDec) refers to lcd.o(.data) for StTextColor
    lcd.o(i.BSP_LCD_OutUDec) refers to lcd.o(.bss) for Message
    lcd.o(i.BSP_LCD_OutUDec4) refers to lcd.o(i.fillmessage4) for fillmessage4
    lcd.o(i.BSP_LCD_OutUDec4) refers to lcd.o(i.BSP_LCD_DrawString) for BSP_LCD_DrawString
    lcd.o(i.BSP_LCD_OutUDec4) refers to lcd.o(i.BSP_LCD_DrawChar) for BSP_LCD_DrawChar
    lcd.o(i.BSP_LCD_OutUDec4) refers to lcd.o(.data) for Messageindex
    lcd.o(i.BSP_LCD_OutUDec4) refers to lcd.o(.bss) for Message
    lcd.o(i.BSP_LCD_OutUDec5) refers to lcd.o(i.fillmessage5) for fillmessage5
    lcd.o(i.BSP_LCD_OutUDec5) refers to lcd.o(i.BSP_LCD_DrawString) for BSP_LCD_DrawString
    lcd.o(i.BSP_LCD_OutUDec5) refers to lcd.o(i.BSP_LCD_DrawChar) for BSP_LCD_DrawChar
    lcd.o(i.BSP_LCD_OutUDec5) refers to lcd.o(.data) for Messageindex
    lcd.o(i.BSP_LCD_OutUDec5) refers to lcd.o(.bss) for Message
    lcd.o(i.BSP_LCD_OutUFix2_1) refers to lcd.o(i.fillmessage2_1) for fillmessage2_1
    lcd.o(i.BSP_LCD_OutUFix2_1) refers to lcd.o(i.BSP_LCD_DrawString) for BSP_LCD_DrawString
    lcd.o(i.BSP_LCD_OutUFix2_1) refers to lcd.o(i.BSP_LCD_DrawChar) for BSP_LCD_DrawChar
    lcd.o(i.BSP_LCD_OutUFix2_1) refers to lcd.o(.data) for StY
    lcd.o(i.BSP_LCD_OutUFix2_1) refers to lcd.o(.bss) for Message
    lcd.o(i.BSP_LCD_OutUHex2) refers to lcd.o(i.fillmessage2_Hex) for fillmessage2_Hex
    lcd.o(i.BSP_LCD_OutUHex2) refers to lcd.o(i.BSP_LCD_DrawString) for BSP_LCD_DrawString
    lcd.o(i.BSP_LCD_OutUHex2) refers to lcd.o(i.BSP_LCD_DrawChar) for BSP_LCD_DrawChar
    lcd.o(i.BSP_LCD_OutUHex2) refers to lcd.o(.data) for StY
    lcd.o(i.BSP_LCD_OutUHex2) refers to lcd.o(.bss) for Message
    lcd.o(i.BSP_LCD_OutputInit) refers to os.o(i.OS_InitSemaphore) for OS_InitSemaphore
    lcd.o(i.BSP_LCD_OutputInit) refers to lcd.o(i.BSP_LCD_Init) for BSP_LCD_Init
    lcd.o(i.BSP_LCD_OutputInit) refers to lcd.o(i.BSP_LCD_FillScreen) for BSP_LCD_FillScreen
    lcd.o(i.BSP_LCD_OutputInit) refers to lcd.o(.data) for LCDFree
    lcd.o(i.BSP_LCD_PlotIncrement) refers to lcd.o(i.BSP_LCD_DrawFastVLine) for BSP_LCD_DrawFastVLine
    lcd.o(i.BSP_LCD_PlotIncrement) refers to lcd.o(.data) for TimeIndex
    lcd.o(i.BSP_LCD_PlotPoint) refers to lcd.o(i.BSP_LCD_DrawPixel) for BSP_LCD_DrawPixel
    lcd.o(i.BSP_LCD_PlotPoint) refers to lcd.o(.data) for Ymin
    lcd.o(i.BSP_LCD_SetCursor) refers to lcd.o(.data) for StX
    lcd.o(i.ST7735_InitR) refers to lcd.o(i.commonInit) for commonInit
    lcd.o(i.ST7735_InitR) refers to lcd.o(i.commandList) for commandList
    lcd.o(i.ST7735_InitR) refers to lcd.o(i.writecommand) for writecommand
    lcd.o(i.ST7735_InitR) refers to lcd.o(i.writedata) for writedata
    lcd.o(i.ST7735_InitR) refers to lcd.o(i.BSP_LCD_SetCursor) for BSP_LCD_SetCursor
    lcd.o(i.ST7735_InitR) refers to lcd.o(i.BSP_LCD_FillScreen) for BSP_LCD_FillScreen
    lcd.o(i.ST7735_InitR) refers to lcd.o(.constdata) for Rcmd1
    lcd.o(i.ST7735_InitR) refers to lcd.o(.data) for ColStart
    lcd.o(i.commandList) refers to lcd.o(i.writecommand) for writecommand
    lcd.o(i.commandList) refers to lcd.o(i.writedata) for writedata
    lcd.o(i.commandList) refers to lcd.o(i.BSP_Delay1ms) for BSP_Delay1ms
    lcd.o(i.commonInit) refers to lcd.o(i.BSP_Delay1ms) for BSP_Delay1ms
    lcd.o(i.commonInit) refers to lcd.o(i.commandList) for commandList
    lcd.o(i.commonInit) refers to lcd.o(.data) for RowStart
    lcd.o(i.fillmessage) refers to lcd.o(.bss) for Message
    lcd.o(i.fillmessage) refers to lcd.o(.data) for Messageindex
    lcd.o(i.fillmessage2_1) refers to lcd.o(.bss) for Message
    lcd.o(i.fillmessage2_Hex) refers to lcd.o(.bss) for Message
    lcd.o(i.fillmessage4) refers to lcd.o(i.fillmessage) for fillmessage
    lcd.o(i.fillmessage4) refers to lcd.o(.data) for Messageindex
    lcd.o(i.fillmessage4) refers to lcd.o(.bss) for Message
    lcd.o(i.fillmessage5) refers to lcd.o(i.fillmessage) for fillmessage
    lcd.o(i.fillmessage5) refers to lcd.o(.data) for Messageindex
    lcd.o(i.fillmessage5) refers to lcd.o(.bss) for Message
    lcd.o(i.pushColor) refers to lcd.o(i.writedata) for writedata
    lcd.o(i.setAddrWindow) refers to lcd.o(i.writecommand) for writecommand
    lcd.o(i.setAddrWindow) refers to lcd.o(i.writedata) for writedata
    lcd.o(i.setAddrWindow) refers to lcd.o(.data) for ColStart
    main.o(i.ButtonWork) refers to os.o(i.OS_MsTime) for OS_MsTime
    main.o(i.ButtonWork) refers to os.o(i.OS_bWait) for OS_bWait
    main.o(i.ButtonWork) refers to lcd.o(i.BSP_LCD_FillScreen) for BSP_LCD_FillScreen
    main.o(i.ButtonWork) refers to lcd.o(i.BSP_LCD_Message) for BSP_LCD_Message
    main.o(i.ButtonWork) refers to os.o(i.OS_Sleep) for OS_Sleep
    main.o(i.ButtonWork) refers to os.o(i.OS_bSignal) for OS_bSignal
    main.o(i.ButtonWork) refers to os.o(i.OS_Kill) for OS_Kill
    main.o(i.ButtonWork) refers to lcd.o(.data) for LCDFree
    main.o(i.ButtonWork) refers to main.o(.data) for Button1PushTime
    main.o(i.Consumer) refers to fifo.o(i.JsFifo_Get) for JsFifo_Get
    main.o(i.Consumer) refers to os.o(i.OS_bWait) for OS_bWait
    main.o(i.Consumer) refers to lcd.o(i.BSP_LCD_DrawCrosshair) for BSP_LCD_DrawCrosshair
    main.o(i.Consumer) refers to os.o(i.OS_bSignal) for OS_bSignal
    main.o(i.Consumer) refers to os.o(i.OS_Kill) for OS_Kill
    main.o(i.Consumer) refers to lcd.o(.data) for LCDFree
    main.o(i.Consumer) refers to main.o(.data) for prevy
    main.o(i.CrossHair_Init) refers to lcd.o(i.BSP_LCD_FillScreen) for BSP_LCD_FillScreen
    main.o(i.CrossHair_Init) refers to joystick.o(i.BSP_Joystick_Input) for BSP_Joystick_Input
    main.o(i.CrossHair_Init) refers to main.o(.data) for select
    main.o(i.CubeNumCalc) refers to main.o(.data) for NumSamples
    main.o(i.Device_Init) refers to uart.o(i.UART_Init) for UART_Init
    main.o(i.Device_Init) refers to lcd.o(i.BSP_LCD_OutputInit) for BSP_LCD_OutputInit
    main.o(i.Device_Init) refers to joystick.o(i.BSP_Joystick_Init) for BSP_Joystick_Init
    main.o(i.Display) refers to os.o(i.OS_bWait) for OS_bWait
    main.o(i.Display) refers to lcd.o(i.BSP_LCD_Message) for BSP_LCD_Message
    main.o(i.Display) refers to os.o(i.OS_bSignal) for OS_bSignal
    main.o(i.Display) refers to os.o(i.OS_Kill) for OS_Kill
    main.o(i.Display) refers to lcd.o(.data) for LCDFree
    main.o(i.Display) refers to main.o(.data) for life
    main.o(i.Interpreter) refers to uart.o(i.OutCRLF) for OutCRLF
    main.o(i.Interpreter) refers to uart.o(i.UART_OutString) for UART_OutString
    main.o(i.Interpreter) refers to uart.o(i.UART_InString) for UART_InString
    main.o(i.Interpreter) refers to strcmp.o(.text) for strcmp
    main.o(i.Interpreter) refers to uart.o(i.UART_OutUDec) for UART_OutUDec
    main.o(i.Interpreter) refers to main.o(.data) for NumSamples
    main.o(i.PeriodicUpdater) refers to main.o(.data) for PseudoCount
    main.o(i.Producer) refers to joystick.o(i.BSP_Joystick_Input) for BSP_Joystick_Input
    main.o(i.Producer) refers to os.o(i.OS_Time) for OS_Time
    main.o(i.Producer) refers to main.o(i.UpdatePosition) for UpdatePosition
    main.o(i.Producer) refers to fifo.o(i.JsFifo_Put) for JsFifo_Put
    main.o(i.Producer) refers to os.o(i.OS_TimeDifference) for OS_TimeDifference
    main.o(i.Producer) refers to main.o(.data) for NumSamples
    main.o(i.Producer) refers to main.o(.bss) for JitterHistogram
    main.o(i.Random_Init) refers to main.o(i.Mic_Init) for Mic_Init
    main.o(i.Random_Init) refers to main.o(i.Sample_Microphone) for Sample_Microphone
    main.o(i.Random_Init) refers to rand.o(.text) for srand
    main.o(i.Restart) refers to os.o(i.OS_Sleep) for OS_Sleep
    main.o(i.Restart) refers to os.o(i.OS_MsTime) for OS_MsTime
    main.o(i.Restart) refers to os.o(i.OS_bWait) for OS_bWait
    main.o(i.Restart) refers to lcd.o(i.BSP_LCD_FillScreen) for BSP_LCD_FillScreen
    main.o(i.Restart) refers to lcd.o(i.BSP_LCD_DrawString) for BSP_LCD_DrawString
    main.o(i.Restart) refers to os.o(i.OS_bSignal) for OS_bSignal
    main.o(i.Restart) refers to memcpya.o(.text) for __aeabi_memcpy4
    main.o(i.Restart) refers to os.o(i.OS_Music) for OS_Music
    main.o(i.Restart) refers to os.o(i.OS_AddThread) for OS_AddThread
    main.o(i.Restart) refers to os.o(i.OS_Kill) for OS_Kill
    main.o(i.Restart) refers to main.o(.data) for NumSamples
    main.o(i.Restart) refers to lcd.o(.data) for LCDFree
    main.o(i.Restart) refers to main.o(.constdata) for .constdata
    main.o(i.Restart) refers to main.o(i.Consumer) for Consumer
    main.o(i.Restart) refers to main.o(i.Display) for Display
    main.o(i.SW1Push) refers to os.o(i.OS_MsTime) for OS_MsTime
    main.o(i.SW1Push) refers to os.o(i.OS_AddThread) for OS_AddThread
    main.o(i.SW1Push) refers to os.o(i.OS_ClearMsTime) for OS_ClearMsTime
    main.o(i.SW1Push) refers to main.o(i.ButtonWork) for ButtonWork
    main.o(i.SW1Push) refers to main.o(.data) for NumCreated
    main.o(i.SW2Push) refers to os.o(i.OS_MsTime) for OS_MsTime
    main.o(i.SW2Push) refers to os.o(i.OS_AddThread) for OS_AddThread
    main.o(i.SW2Push) refers to os.o(i.OS_ClearMsTime) for OS_ClearMsTime
    main.o(i.SW2Push) refers to main.o(i.Restart) for Restart
    main.o(i.SW2Push) refers to main.o(.data) for NumCreated
    main.o(i.UpdatePosition) refers to main.o(.data) for origin
    main.o(i.getRandomNumber) refers to rand.o(.text) for rand
    main.o(i.main) refers to os.o(i.OS_InitBuzzer) for OS_InitBuzzer
    main.o(i.main) refers to os.o(i.OS_Init) for OS_Init
    main.o(i.main) refers to main.o(i.Device_Init) for Device_Init
    main.o(i.main) refers to main.o(i.CrossHair_Init) for CrossHair_Init
    main.o(i.main) refers to main.o(i.Random_Init) for Random_Init
    main.o(i.main) refers to fifo.o(i.JsFifo_Init) for JsFifo_Init
    main.o(i.main) refers to os.o(i.OS_AddSW1Task) for OS_AddSW1Task
    main.o(i.main) refers to os.o(i.OS_AddSW2Task) for OS_AddSW2Task
    main.o(i.main) refers to os.o(i.OS_AddPeriodicThread) for OS_AddPeriodicThread
    main.o(i.main) refers to os.o(i.OS_AddThread) for OS_AddThread
    main.o(i.main) refers to os.o(i.OS_Launch) for OS_Launch
    main.o(i.main) refers to main.o(.data) for DataLost
    main.o(i.main) refers to main.o(i.SW1Push) for SW1Push
    main.o(i.main) refers to main.o(i.SW2Push) for SW2Push
    main.o(i.main) refers to main.o(i.Producer) for Producer
    main.o(i.main) refers to main.o(i.PeriodicUpdater) for PeriodicUpdater
    main.o(i.main) refers to main.o(i.Interpreter) for Interpreter
    main.o(i.main) refers to main.o(i.Consumer) for Consumer
    main.o(i.main) refers to main.o(i.CubeNumCalc) for CubeNumCalc
    main.o(i.main) refers to main.o(i.Display) for Display
    os.o(i.ButtonOneInit) refers to os.o(.data) for Last1
    os.o(i.ButtonTwoInit) refers to os.o(.data) for Last2
    os.o(i.DebouncePD6) refers to os.o(i.OS_Sleep) for OS_Sleep
    os.o(i.DebouncePD6) refers to os.o(i.OS_Kill) for OS_Kill
    os.o(i.DebouncePD6) refers to os.o(.data) for Last1
    os.o(i.DebouncePD7) refers to os.o(i.OS_Sleep) for OS_Sleep
    os.o(i.DebouncePD7) refers to os.o(i.OS_Kill) for OS_Kill
    os.o(i.DebouncePD7) refers to os.o(.data) for Last2
    os.o(i.GPIOPortD_Handler) refers to os.o(i.OS_AddThread) for OS_AddThread
    os.o(i.GPIOPortD_Handler) refers to os.o(.data) for Last1
    os.o(i.GPIOPortD_Handler) refers to os.o(i.DebouncePD6) for DebouncePD6
    os.o(i.GPIOPortD_Handler) refers to os.o(i.DebouncePD7) for DebouncePD7
    os.o(i.InitTimer1A) refers to startup.o(.text) for StartCritical
    os.o(i.InitTimer2A) refers to startup.o(.text) for StartCritical
    os.o(i.InitTimer3A) refers to startup.o(.text) for StartCritical
    os.o(i.InitTimer4A) refers to startup.o(.text) for StartCritical
    os.o(i.OS_AddPeriodicThread) refers to os.o(i.InitTimer1A) for InitTimer1A
    os.o(i.OS_AddPeriodicThread) refers to os.o(i.InitTimer4A) for InitTimer4A
    os.o(i.OS_AddPeriodicThread) refers to os.o(.data) for PeriodTaskCt
    os.o(i.OS_AddSW1Task) refers to os.o(i.ButtonOneInit) for ButtonOneInit
    os.o(i.OS_AddSW1Task) refers to os.o(.data) for ButtonOneTask
    os.o(i.OS_AddSW2Task) refers to os.o(i.ButtonTwoInit) for ButtonTwoInit
    os.o(i.OS_AddSW2Task) refers to os.o(.data) for ButtonTwoTask
    os.o(i.OS_AddThread) refers to startup.o(.text) for StartCritical
    os.o(i.OS_AddThread) refers to os.o(i.OS_MsTime) for OS_MsTime
    os.o(i.OS_AddThread) refers to os.o(i.SetInitialStack) for SetInitialStack
    os.o(i.OS_AddThread) refers to os.o(.data) for ThreadNum
    os.o(i.OS_AddThread) refers to os.o(.bss) for tcbs
    os.o(i.OS_ClearMsTime) refers to os.o(.data) for MSTime
    os.o(i.OS_CreateSound) refers to os.o(i.delay) for delay
    os.o(i.OS_Id) refers to os.o(.data) for RunPt
    os.o(i.OS_Init) refers to osasm.o(.text) for OS_DisableInterrupts
    os.o(i.OS_Init) refers to pll.o(i.PLL_Init) for PLL_Init
    os.o(i.OS_Init) refers to os.o(i.InitTimer2A) for InitTimer2A
    os.o(i.OS_Init) refers to os.o(i.InitTimer3A) for InitTimer3A
    os.o(i.OS_Init) refers to os.o(i.OS_ClearMsTime) for OS_ClearMsTime
    os.o(i.OS_Init) refers to os.o(.bss) for tcbs
    os.o(i.OS_InitSemaphore) refers to osasm.o(.text) for OS_DisableInterrupts
    os.o(i.OS_Kill) refers to os.o(i.OS_Id) for OS_Id
    os.o(i.OS_Kill) refers to os.o(i.OS_Suspend) for OS_Suspend
    os.o(i.OS_Kill) refers to os.o(.data) for RunPt
    os.o(i.OS_Kill) refers to os.o(.bss) for tcbs
    os.o(i.OS_Launch) refers to osasm.o(.text) for StartOS
    os.o(i.OS_MsTime) refers to os.o(.data) for MSTime
    os.o(i.OS_Music) refers to os.o(i.OS_CreateSound) for OS_CreateSound
    os.o(i.OS_Signal) refers to osasm.o(.text) for OS_DisableInterrupts
    os.o(i.OS_Signal) refers to os.o(.data) for RunPt
    os.o(i.OS_Sleep) refers to os.o(i.OS_Suspend) for OS_Suspend
    os.o(i.OS_Sleep) refers to os.o(.data) for RunPt
    os.o(i.OS_Wait) refers to osasm.o(.text) for OS_DisableInterrupts
    os.o(i.OS_Wait) refers to os.o(i.OS_Suspend) for OS_Suspend
    os.o(i.OS_Wait) refers to os.o(.data) for RunPt
    os.o(i.OS_bSignal) refers to osasm.o(.text) for OS_DisableInterrupts
    os.o(i.OS_bSignal) refers to os.o(.data) for RunPt
    os.o(i.OS_bTry) refers to osasm.o(.text) for OS_DisableInterrupts
    os.o(i.OS_bWait) refers to osasm.o(.text) for OS_DisableInterrupts
    os.o(i.OS_bWait) refers to os.o(i.OS_Suspend) for OS_Suspend
    os.o(i.OS_bWait) refers to os.o(.data) for RunPt
    os.o(i.Scheduler) refers to os.o(i.OS_MsTime) for OS_MsTime
    os.o(i.Scheduler) refers to os.o(.data) for RunPt
    os.o(i.SetInitialStack) refers to os.o(.bss) for Stacks
    os.o(i.Timer1A_Handler) refers to os.o(.data) for PeriodicTask1
    os.o(i.Timer2A_Handler) refers to os.o(.data) for MSTime
    os.o(i.Timer2A_Handler) refers to os.o(.bss) for tcbs
    os.o(i.Timer4A_Handler) refers to os.o(.data) for PeriodicTask2
    osasm.o(.text) refers to os.o(i.Scheduler) for Scheduler
    osasm.o(.text) refers to os.o(.data) for RunPt
    startup.o(RESET) refers to startup.o(STACK) for StackMem
    startup.o(RESET) refers to osasm.o(.text) for SysTick_Handler
    startup.o(RESET) refers to os.o(i.GPIOPortD_Handler) for GPIOPortD_Handler
    startup.o(RESET) refers to uart.o(i.UART0_Handler) for UART0_Handler
    startup.o(RESET) refers to os.o(i.Timer1A_Handler) for Timer1A_Handler
    startup.o(RESET) refers to os.o(i.Timer2A_Handler) for Timer2A_Handler
    startup.o(RESET) refers to os.o(i.Timer3A_Handler) for Timer3A_Handler
    startup.o(RESET) refers to os.o(i.Timer4A_Handler) for Timer4A_Handler
    startup.o(RESET) refers to entry.o(.ARM.Collect$$$$00000000) for __main
    uart.o(i.OutCRLF) refers to uart.o(i.UART_OutChar) for UART_OutChar
    uart.o(i.UART0_Handler) refers to uart.o(i.copySoftwareToHardware) for copySoftwareToHardware
    uart.o(i.UART0_Handler) refers to uart_fifo.o(i.Tx_UARTFifo_Size) for Tx_UARTFifo_Size
    uart.o(i.UART0_Handler) refers to uart.o(i.copyHardwareToSoftware) for copyHardwareToSoftware
    uart.o(i.UART_InChar) refers to uart_fifo.o(i.Rx_UARTFifo_Get) for Rx_UARTFifo_Get
    uart.o(i.UART_InString) refers to uart.o(i.UART_InChar) for UART_InChar
    uart.o(i.UART_InString) refers to uart.o(i.UART_OutChar) for UART_OutChar
    uart.o(i.UART_InUDec) refers to uart.o(i.UART_InChar) for UART_InChar
    uart.o(i.UART_InUDec) refers to uart.o(i.UART_OutChar) for UART_OutChar
    uart.o(i.UART_InUHex) refers to uart.o(i.UART_InChar) for UART_InChar
    uart.o(i.UART_InUHex) refers to uart.o(i.UART_OutChar) for UART_OutChar
    uart.o(i.UART_Init) refers to uart_fifo.o(i.Rx_UARTFifo_Init) for Rx_UARTFifo_Init
    uart.o(i.UART_Init) refers to uart_fifo.o(i.Tx_UARTFifo_Init) for Tx_UARTFifo_Init
    uart.o(i.UART_OutChar) refers to uart_fifo.o(i.Tx_UARTFifo_Put) for Tx_UARTFifo_Put
    uart.o(i.UART_OutChar) refers to uart.o(i.copySoftwareToHardware) for copySoftwareToHardware
    uart.o(i.UART_OutString) refers to uart.o(i.UART_OutChar) for UART_OutChar
    uart.o(i.UART_OutUDec) refers to uart.o(i.UART_OutChar) for UART_OutChar
    uart.o(i.UART_OutUHex) refers to uart.o(i.UART_OutChar) for UART_OutChar
    uart.o(i.copyHardwareToSoftware) refers to uart_fifo.o(i.Rx_UARTFifo_Put) for Rx_UARTFifo_Put
    uart.o(i.copyHardwareToSoftware) refers to uart_fifo.o(i.Rx_UARTFifo_Size) for Rx_UARTFifo_Size
    uart.o(i.copySoftwareToHardware) refers to uart_fifo.o(i.Tx_UARTFifo_Get) for Tx_UARTFifo_Get
    uart.o(i.copySoftwareToHardware) refers to uart_fifo.o(i.Tx_UARTFifo_Size) for Tx_UARTFifo_Size
    uart_fifo.o(i.Rx_UARTFifo_Get) refers to os.o(i.OS_Wait) for OS_Wait
    uart_fifo.o(i.Rx_UARTFifo_Get) refers to uart_fifo.o(.data) for Rx_UARTDataAvailable
    uart_fifo.o(i.Rx_UARTFifo_Get) refers to uart_fifo.o(.bss) for Rx_UARTFifo
    uart_fifo.o(i.Rx_UARTFifo_Init) refers to startup.o(.text) for StartCritical
    uart_fifo.o(i.Rx_UARTFifo_Init) refers to os.o(i.OS_InitSemaphore) for OS_InitSemaphore
    uart_fifo.o(i.Rx_UARTFifo_Init) refers to uart_fifo.o(.data) for Rx_UARTDataAvailable
    uart_fifo.o(i.Rx_UARTFifo_Init) refers to uart_fifo.o(.bss) for Rx_UARTFifo
    uart_fifo.o(i.Rx_UARTFifo_Put) refers to os.o(i.OS_Signal) for OS_Signal
    uart_fifo.o(i.Rx_UARTFifo_Put) refers to uart_fifo.o(.data) for Rx_UARTPutPt
    uart_fifo.o(i.Rx_UARTFifo_Put) refers to uart_fifo.o(.bss) for Rx_UARTFifo
    uart_fifo.o(i.Rx_UARTFifo_Size) refers to uart_fifo.o(.data) for Rx_UARTPutPt
    uart_fifo.o(i.Tx_UARTFifo_Get) refers to os.o(i.OS_Signal) for OS_Signal
    uart_fifo.o(i.Tx_UARTFifo_Get) refers to uart_fifo.o(.data) for Tx_UARTPutI
    uart_fifo.o(i.Tx_UARTFifo_Get) refers to uart_fifo.o(.bss) for Tx_UARTFifo
    uart_fifo.o(i.Tx_UARTFifo_Init) refers to startup.o(.text) for StartCritical
    uart_fifo.o(i.Tx_UARTFifo_Init) refers to os.o(i.OS_InitSemaphore) for OS_InitSemaphore
    uart_fifo.o(i.Tx_UARTFifo_Init) refers to uart_fifo.o(.data) for Tx_UARTRoomType
    uart_fifo.o(i.Tx_UARTFifo_Put) refers to os.o(i.OS_Wait) for OS_Wait
    uart_fifo.o(i.Tx_UARTFifo_Put) refers to uart_fifo.o(.data) for Tx_UARTRoomType
    uart_fifo.o(i.Tx_UARTFifo_Put) refers to uart_fifo.o(.bss) for Tx_UARTFifo
    uart_fifo.o(i.Tx_UARTFifo_Size) refers to uart_fifo.o(.data) for Tx_UARTPutI
    entry.o(.ARM.Collect$$$$00000000) refers (Special) to entry10a.o(.ARM.Collect$$$$0000000F) for __rt_final_cpp
    entry.o(.ARM.Collect$$$$00000000) refers (Special) to entry11a.o(.ARM.Collect$$$$00000011) for __rt_final_exit
    entry.o(.ARM.Collect$$$$00000000) refers (Special) to entry12b.o(.ARM.Collect$$$$0000000E) for __rt_lib_shutdown_fini
    entry.o(.ARM.Collect$$$$00000000) refers (Special) to entry7b.o(.ARM.Collect$$$$00000008) for _main_clock
    entry.o(.ARM.Collect$$$$00000000) refers (Special) to entry8b.o(.ARM.Collect$$$$0000000A) for _main_cpp_init
    entry.o(.ARM.Collect$$$$00000000) refers (Special) to entry9a.o(.ARM.Collect$$$$0000000B) for _main_init
    entry.o(.ARM.Collect$$$$00000000) refers (Special) to entry5.o(.ARM.Collect$$$$00000004) for _main_scatterload
    entry.o(.ARM.Collect$$$$00000000) refers (Special) to entry2.o(.ARM.Collect$$$$00000001) for _main_stk
    rand.o(.text) refers to rand.o(.data) for .data
    entry2.o(.ARM.Collect$$$$00000001) refers to entry2.o(.ARM.Collect$$$$00002712) for __lit__00000000
    entry2.o(.ARM.Collect$$$$00002712) refers to startup.o(STACK) for __initial_sp
    entry2.o(__vectab_stack_and_reset_area) refers to startup.o(STACK) for __initial_sp
    entry2.o(__vectab_stack_and_reset_area) refers to entry.o(.ARM.Collect$$$$00000000) for __main
    entry5.o(.ARM.Collect$$$$00000004) refers to init.o(.text) for __scatterload
    entry9a.o(.ARM.Collect$$$$0000000B) refers to main.o(i.main) for main
    entry9b.o(.ARM.Collect$$$$0000000C) refers to main.o(i.main) for main
    init.o(.text) refers to entry5.o(.ARM.Collect$$$$00000004) for __main_after_scatterload


==============================================================================

Removing Unused input sections from the image.

    Removing fifo.o(i.JsFifo_Size), (56 bytes).
    Removing lcd.o(i.BSP_LCD_Color565), (24 bytes).
    Removing lcd.o(i.BSP_LCD_DrawBitmap), (288 bytes).
    Removing lcd.o(i.BSP_LCD_DrawCharS), (248 bytes).
    Removing lcd.o(i.BSP_LCD_DrawPixel), (72 bytes).
    Removing lcd.o(i.BSP_LCD_Drawaxes), (292 bytes).
    Removing lcd.o(i.BSP_LCD_OutUDec), (144 bytes).
    Removing lcd.o(i.BSP_LCD_OutUDec5), (136 bytes).
    Removing lcd.o(i.BSP_LCD_OutUFix2_1), (112 bytes).
    Removing lcd.o(i.BSP_LCD_OutUHex2), (112 bytes).
    Removing lcd.o(i.BSP_LCD_PlotIncrement), (56 bytes).
    Removing lcd.o(i.BSP_LCD_PlotPoint), (100 bytes).
    Removing lcd.o(i.BSP_LCD_SwapColor), (18 bytes).
    Removing lcd.o(i.fillmessage2_1), (88 bytes).
    Removing lcd.o(i.fillmessage2_Hex), (84 bytes).
    Removing lcd.o(i.fillmessage5), (128 bytes).
    Removing main.o(i.getRandomNumber), (10 bytes).
    Removing os.o(i.OS_bTry), (36 bytes).
    Removing porte.o(i.PortE_Init), (104 bytes).
    Removing startup.o(HEAP), (0 bytes).
    Removing uart.o(i.UART_InUDec), (76 bytes).
    Removing uart.o(i.UART_InUHex), (108 bytes).
    Removing uart.o(i.UART_OutUHex), (52 bytes).

23 unused section(s) (total 2344 bytes) removed from the image.

==============================================================================

Image Symbol Table

    Local Symbols

    Symbol Name                              Value     Ov Type        Size  Object(Section)

    RESET                                    0x00000000   Section      644  startup.o(RESET)
    ../clib/microlib/init/entry.s            0x00000000   Number         0  entry9a.o ABSOLUTE
    ../clib/microlib/init/entry.s            0x00000000   Number         0  entry2.o ABSOLUTE
    ../clib/microlib/init/entry.s            0x00000000   Number         0  entry8b.o ABSOLUTE
    ../clib/microlib/init/entry.s            0x00000000   Number         0  entry8a.o ABSOLUTE
    ../clib/microlib/init/entry.s            0x00000000   Number         0  entry9b.o ABSOLUTE
    ../clib/microlib/init/entry.s            0x00000000   Number         0  entry7b.o ABSOLUTE
    ../clib/microlib/init/entry.s            0x00000000   Number         0  entry10a.o ABSOLUTE
    ../clib/microlib/init/entry.s            0x00000000   Number         0  entry7a.o ABSOLUTE
    ../clib/microlib/init/entry.s            0x00000000   Number         0  entry10b.o ABSOLUTE
    ../clib/microlib/init/entry.s            0x00000000   Number         0  entry11a.o ABSOLUTE
    ../clib/microlib/init/entry.s            0x00000000   Number         0  entry11b.o ABSOLUTE
    ../clib/microlib/init/entry.s            0x00000000   Number         0  entry12a.o ABSOLUTE
    ../clib/microlib/init/entry.s            0x00000000   Number         0  entry12b.o ABSOLUTE
    ../clib/microlib/init/entry.s            0x00000000   Number         0  entry.o ABSOLUTE
    ../clib/microlib/init/entry.s            0x00000000   Number         0  entry5.o ABSOLUTE
    ../clib/microlib/stdlib/rand.c           0x00000000   Number         0  rand.o ABSOLUTE
    ../clib/microlib/string/memcpy.c         0x00000000   Number         0  memcpya.o ABSOLUTE
    ../clib/microlib/string/memcpy.c         0x00000000   Number         0  memcpyb.o ABSOLUTE
    ../clib/microlib/string/strcmp.c         0x00000000   Number         0  strcmp.o ABSOLUTE
    FIFO.c                                   0x00000000   Number         0  fifo.o ABSOLUTE
    LCD.c                                    0x00000000   Number         0  lcd.o ABSOLUTE
    LCD.c                                    0x00000000   Number         0  lcd.o ABSOLUTE
    Main.c                                   0x00000000   Number         0  main.o ABSOLUTE
    PLL.c                                    0x00000000   Number         0  pll.o ABSOLUTE
    PORTE.c                                  0x00000000   Number         0  porte.o ABSOLUTE
    UART.c                                   0x00000000   Number         0  uart.o ABSOLUTE
    UART_FIFO.c                              0x00000000   Number         0  uart_fifo.o ABSOLUTE
    dc.s                                     0x00000000   Number         0  dc.o ABSOLUTE
    handlers.s                               0x00000000   Number         0  handlers.o ABSOLUTE
    init.s                                   0x00000000   Number         0  init.o ABSOLUTE
    joystick.c                               0x00000000   Number         0  joystick.o ABSOLUTE
    os.c                                     0x00000000   Number         0  os.o ABSOLUTE
    osasm.s                                  0x00000000   Number         0  osasm.o ABSOLUTE
    startup.s                                0x00000000   Number         0  startup.o ABSOLUTE
    .ARM.Collect$$$$00000000                 0x00000284   Section        0  entry.o(.ARM.Collect$$$$00000000)
    .ARM.Collect$$$$00000001                 0x00000284   Section        4  entry2.o(.ARM.Collect$$$$00000001)
    .ARM.Collect$$$$00000004                 0x00000288   Section        4  entry5.o(.ARM.Collect$$$$00000004)
    .ARM.Collect$$$$00000008                 0x0000028c   Section        0  entry7b.o(.ARM.Collect$$$$00000008)
    .ARM.Collect$$$$0000000A                 0x0000028c   Section        0  entry8b.o(.ARM.Collect$$$$0000000A)
    .ARM.Collect$$$$0000000B                 0x0000028c   Section        8  entry9a.o(.ARM.Collect$$$$0000000B)
    .ARM.Collect$$$$0000000E                 0x00000294   Section        4  entry12b.o(.ARM.Collect$$$$0000000E)
    .ARM.Collect$$$$0000000F                 0x00000298   Section        0  entry10a.o(.ARM.Collect$$$$0000000F)
    .ARM.Collect$$$$00000011                 0x00000298   Section        0  entry11a.o(.ARM.Collect$$$$00000011)
    .ARM.Collect$$$$00002712                 0x00000298   Section        4  entry2.o(.ARM.Collect$$$$00002712)
    __lit__00000000                          0x00000298   Data           4  entry2.o(.ARM.Collect$$$$00002712)
    .emb_text                                0x0000029c   Section        6  lcd.o(.emb_text)
    .text                                    0x000002a4   Section       84  osasm.o(.text)
    .text                                    0x000002f8   Section       28  startup.o(.text)
    .text                                    0x00000314   Section        0  rand.o(.text)
    .text                                    0x00000338   Section        0  memcpya.o(.text)
    .text                                    0x0000035c   Section        0  strcmp.o(.text)
    .text                                    0x00000378   Section       36  init.o(.text)
    i.BSP_Delay1ms                           0x0000039c   Section        0  lcd.o(i.BSP_Delay1ms)
    i.BSP_Joystick_Init                      0x000003b4   Section        0  joystick.o(i.BSP_Joystick_Init)
    i.BSP_Joystick_Input                     0x000004e4   Section        0  joystick.o(i.BSP_Joystick_Input)
    i.BSP_LCD_DrawChar                       0x00000524   Section        0  lcd.o(i.BSP_LCD_DrawChar)
    i.BSP_LCD_DrawCrosshair                  0x00000634   Section        0  lcd.o(i.BSP_LCD_DrawCrosshair)
    i.BSP_LCD_DrawFastHLine                  0x0000065c   Section        0  lcd.o(i.BSP_LCD_DrawFastHLine)
    i.BSP_LCD_DrawFastVLine                  0x000006d8   Section        0  lcd.o(i.BSP_LCD_DrawFastVLine)
    i.BSP_LCD_DrawString                     0x00000754   Section        0  lcd.o(i.BSP_LCD_DrawString)
    i.BSP_LCD_FillRect                       0x000007a8   Section        0  lcd.o(i.BSP_LCD_FillRect)
    i.BSP_LCD_FillScreen                     0x00000854   Section        0  lcd.o(i.BSP_LCD_FillScreen)
    i.BSP_LCD_Init                           0x00000878   Section        0  lcd.o(i.BSP_LCD_Init)
    i.BSP_LCD_Message                        0x00000882   Section        0  lcd.o(i.BSP_LCD_Message)
    i.BSP_LCD_OutUDec4                       0x000008c8   Section        0  lcd.o(i.BSP_LCD_OutUDec4)
    i.BSP_LCD_OutputInit                     0x00000950   Section        0  lcd.o(i.BSP_LCD_OutputInit)
    i.BSP_LCD_SetCursor                      0x0000096c   Section        0  lcd.o(i.BSP_LCD_SetCursor)
    i.ButtonOneInit                          0x0000098c   Section        0  os.o(i.ButtonOneInit)
    i.ButtonTwoInit                          0x00000a6c   Section        0  os.o(i.ButtonTwoInit)
    i.ButtonWork                             0x00000b5c   Section        0  main.o(i.ButtonWork)
    i.Consumer                               0x00000c44   Section        0  main.o(i.Consumer)
    i.CrossHair_Init                         0x00000cc8   Section        0  main.o(i.CrossHair_Init)
    i.CubeNumCalc                            0x00000ce4   Section        0  main.o(i.CubeNumCalc)
    i.DebouncePD6                            0x00000d30   Section        0  os.o(i.DebouncePD6)
    DebouncePD6                              0x00000d31   Thumb Code    44  os.o(i.DebouncePD6)
    i.DebouncePD7                            0x00000d68   Section        0  os.o(i.DebouncePD7)
    DebouncePD7                              0x00000d69   Thumb Code    44  os.o(i.DebouncePD7)
    i.Device_Init                            0x00000da0   Section        0  main.o(i.Device_Init)
    i.Display                                0x00000db0   Section        0  main.o(i.Display)
    i.GPIOPortD_Handler                      0x00000e28   Section        0  os.o(i.GPIOPortD_Handler)
    i.InitTimer1A                            0x00000eac   Section        0  os.o(i.InitTimer1A)
    i.InitTimer2A                            0x00000f38   Section        0  os.o(i.InitTimer2A)
    i.InitTimer3A                            0x00000fc4   Section        0  os.o(i.InitTimer3A)
    i.InitTimer4A                            0x0000104c   Section        0  os.o(i.InitTimer4A)
    i.Interpreter                            0x000010d8   Section        0  main.o(i.Interpreter)
    i.JsFifo_Get                             0x00001310   Section        0  fifo.o(i.JsFifo_Get)
    i.JsFifo_Init                            0x00001350   Section        0  fifo.o(i.JsFifo_Init)
    i.JsFifo_Put                             0x00001384   Section        0  fifo.o(i.JsFifo_Put)
    i.Mic_Init                               0x000013d4   Section        0  main.o(i.Mic_Init)
    i.OS_AddPeriodicThread                   0x00001464   Section        0  os.o(i.OS_AddPeriodicThread)
    i.OS_AddSW1Task                          0x000014a8   Section        0  os.o(i.OS_AddSW1Task)
    i.OS_AddSW2Task                          0x000014c0   Section        0  os.o(i.OS_AddSW2Task)
    i.OS_AddThread                           0x000014d8   Section        0  os.o(i.OS_AddThread)
    i.OS_ClearMsTime                         0x00001630   Section        0  os.o(i.OS_ClearMsTime)
    i.OS_CreateSound                         0x0000163c   Section        0  os.o(i.OS_CreateSound)
    i.OS_Id                                  0x000016a8   Section        0  os.o(i.OS_Id)
    i.OS_Init                                0x000016b4   Section        0  os.o(i.OS_Init)
    i.OS_InitBuzzer                          0x00001710   Section        0  os.o(i.OS_InitBuzzer)
    i.OS_InitSemaphore                       0x000017b0   Section        0  os.o(i.OS_InitSemaphore)
    i.OS_Kill                                0x000017c4   Section        0  os.o(i.OS_Kill)
    i.OS_Launch                              0x00001840   Section        0  os.o(i.OS_Launch)
    i.OS_MsTime                              0x00001858   Section        0  os.o(i.OS_MsTime)
    i.OS_Music                               0x00001864   Section        0  os.o(i.OS_Music)
    i.OS_Signal                              0x00001884   Section        0  os.o(i.OS_Signal)
    i.OS_Sleep                               0x000018b8   Section        0  os.o(i.OS_Sleep)
    i.OS_Suspend                             0x000018cc   Section        0  os.o(i.OS_Suspend)
    i.OS_Time                                0x000018e4   Section        0  os.o(i.OS_Time)
    i.OS_TimeDifference                      0x000018f4   Section        0  os.o(i.OS_TimeDifference)
    i.OS_Wait                                0x000018fc   Section        0  os.o(i.OS_Wait)
    i.OS_bSignal                             0x0000192c   Section        0  os.o(i.OS_bSignal)
    i.OS_bWait                               0x00001968   Section        0  os.o(i.OS_bWait)
    i.OutCRLF                                0x00001998   Section        0  uart.o(i.OutCRLF)
    i.PLL_Init                               0x000019a8   Section        0  pll.o(i.PLL_Init)
    i.PeriodicUpdater                        0x00001a24   Section        0  main.o(i.PeriodicUpdater)
    i.Producer                               0x00001a34   Section        0  main.o(i.Producer)
    i.Random_Init                            0x00001af4   Section        0  main.o(i.Random_Init)
    i.Restart                                0x00001b08   Section        0  main.o(i.Restart)
    i.Rx_UARTFifo_Get                        0x00001c2c   Section        0  uart_fifo.o(i.Rx_UARTFifo_Get)
    i.Rx_UARTFifo_Init                       0x00001c7c   Section        0  uart_fifo.o(i.Rx_UARTFifo_Init)
    i.Rx_UARTFifo_Put                        0x00001cb0   Section        0  uart_fifo.o(i.Rx_UARTFifo_Put)
    i.Rx_UARTFifo_Size                       0x00001cf4   Section        0  uart_fifo.o(i.Rx_UARTFifo_Size)
    i.ST7735_InitR                           0x00001d28   Section        0  lcd.o(i.ST7735_InitR)
    ST7735_InitR                             0x00001d29   Thumb Code    86  lcd.o(i.ST7735_InitR)
    i.SW1Push                                0x00001d9c   Section        0  main.o(i.SW1Push)
    i.SW2Push                                0x00001ddc   Section        0  main.o(i.SW2Push)
    i.Sample_Microphone                      0x00001e1c   Section        0  main.o(i.Sample_Microphone)
    i.Scheduler                              0x00001e50   Section        0  os.o(i.Scheduler)
    i.SetInitialStack                        0x00001ebc   Section        0  os.o(i.SetInitialStack)
    i.Timer1A_Handler                        0x00002010   Section        0  os.o(i.Timer1A_Handler)
    i.Timer2A_Handler                        0x00002028   Section        0  os.o(i.Timer2A_Handler)
    i.Timer3A_Handler                        0x000020f0   Section        0  os.o(i.Timer3A_Handler)
    i.Timer4A_Handler                        0x000020fc   Section        0  os.o(i.Timer4A_Handler)
    i.Tx_UARTFifo_Get                        0x00002114   Section        0  uart_fifo.o(i.Tx_UARTFifo_Get)
    i.Tx_UARTFifo_Init                       0x0000215c   Section        0  uart_fifo.o(i.Tx_UARTFifo_Init)
    i.Tx_UARTFifo_Put                        0x0000218c   Section        0  uart_fifo.o(i.Tx_UARTFifo_Put)
    i.Tx_UARTFifo_Size                       0x000021d4   Section        0  uart_fifo.o(i.Tx_UARTFifo_Size)
    i.UART0_Handler                          0x000021ec   Section        0  uart.o(i.UART0_Handler)
    i.UART_InChar                            0x00002244   Section        0  uart.o(i.UART_InChar)
    i.UART_InString                          0x00002258   Section        0  uart.o(i.UART_InString)
    i.UART_Init                              0x000022a0   Section        0  uart.o(i.UART_Init)
    i.UART_OutChar                           0x00002364   Section        0  uart.o(i.UART_OutChar)
    i.UART_OutString                         0x00002398   Section        0  uart.o(i.UART_OutString)
    i.UART_OutUDec                           0x000023ae   Section        0  uart.o(i.UART_OutUDec)
    i.UpdatePosition                         0x000023d8   Section        0  main.o(i.UpdatePosition)
    i.__scatterload_copy                     0x0000249c   Section       14  handlers.o(i.__scatterload_copy)
    i.__scatterload_null                     0x000024aa   Section        2  handlers.o(i.__scatterload_null)
    i.__scatterload_zeroinit                 0x000024ac   Section       14  handlers.o(i.__scatterload_zeroinit)
    i.adcinit                                0x000024bc   Section        0  joystick.o(i.adcinit)
    adcinit                                  0x000024bd   Thumb Code    58  joystick.o(i.adcinit)
    i.commandList                            0x00002508   Section        0  lcd.o(i.commandList)
    commandList                              0x00002509   Thumb Code    86  lcd.o(i.commandList)
    i.commonInit                             0x00002560   Section        0  lcd.o(i.commonInit)
    commonInit                               0x00002561   Thumb Code   452  lcd.o(i.commonInit)
    i.copyHardwareToSoftware                 0x00002764   Section        0  uart.o(i.copyHardwareToSoftware)
    copyHardwareToSoftware                   0x00002765   Thumb Code    36  uart.o(i.copyHardwareToSoftware)
    i.copySoftwareToHardware                 0x0000278c   Section        0  uart.o(i.copySoftwareToHardware)
    copySoftwareToHardware                   0x0000278d   Thumb Code    38  uart.o(i.copySoftwareToHardware)
    i.delay                                  0x000027b8   Section        0  os.o(i.delay)
    i.fillmessage                            0x000027cc   Section        0  lcd.o(i.fillmessage)
    fillmessage                              0x000027cd   Thumb Code    64  lcd.o(i.fillmessage)
    i.fillmessage4                           0x00002814   Section        0  lcd.o(i.fillmessage4)
    fillmessage4                             0x00002815   Thumb Code    90  lcd.o(i.fillmessage4)
    i.main                                   0x00002878   Section        0  main.o(i.main)
    i.pushColor                              0x00002968   Section        0  lcd.o(i.pushColor)
    pushColor                                0x00002969   Thumb Code    18  lcd.o(i.pushColor)
    i.setAddrWindow                          0x0000297c   Section        0  lcd.o(i.setAddrWindow)
    setAddrWindow                            0x0000297d   Thumb Code   106  lcd.o(i.setAddrWindow)
    i.writecommand                           0x000029f0   Section        0  lcd.o(i.writecommand)
    writecommand                             0x000029f1   Thumb Code    62  lcd.o(i.writecommand)
    i.writedata                              0x00002a38   Section        0  lcd.o(i.writedata)
    writedata                                0x00002a39   Thumb Code    64  lcd.o(i.writedata)
    .constdata                               0x00002a80   Section     1403  lcd.o(.constdata)
    Font                                     0x00002a80   Data        1275  lcd.o(.constdata)
    Rcmd1                                    0x00002f7b   Data          59  lcd.o(.constdata)
    Rcmd2green                               0x00002fb6   Data          13  lcd.o(.constdata)
    Rcmd2red                                 0x00002fc3   Data          13  lcd.o(.constdata)
    Rcmd3                                    0x00002fd0   Data          43  lcd.o(.constdata)
    .constdata                               0x00002ffc   Section       76  main.o(.constdata)
    .data                                    0x20000000   Section       12  fifo.o(.data)
    .data                                    0x2000000c   Section       44  lcd.o(.data)
    ColStart                                 0x20000016   Data           1  lcd.o(.data)
    RowStart                                 0x20000017   Data           1  lcd.o(.data)
    _width                                   0x20000018   Data           2  lcd.o(.data)
    _height                                  0x2000001a   Data           2  lcd.o(.data)
    .data                                    0x20000038   Section       84  main.o(.data)
    LastTime                                 0x20000088   Data           4  main.o(.data)
    .data                                    0x2000008c   Section       38  os.o(.data)
    ThreadNum                                0x200000a0   Data           4  os.o(.data)
    MSTime                                   0x200000a4   Data           4  os.o(.data)
    Last1                                    0x200000a8   Data           4  os.o(.data)
    Last2                                    0x200000ac   Data           4  os.o(.data)
    PeriodTaskCt                             0x200000b0   Data           2  os.o(.data)
    .data                                    0x200000b4   Section       24  uart_fifo.o(.data)
    .data                                    0x200000cc   Section        4  rand.o(.data)
    _rand_state                              0x200000cc   Data           4  rand.o(.data)
    .bss                                     0x200000d0   Section       64  fifo.o(.bss)
    JsFifo                                   0x200000d0   Data          64  fifo.o(.bss)
    .bss                                     0x20000110   Section       12  lcd.o(.bss)
    .bss                                     0x2000011c   Section      688  main.o(.bss)
    .bss                                     0x200003cc   Section     8960  os.o(.bss)
    .bss                                     0x200026cc   Section       26  uart_fifo.o(.bss)
    Tx_UARTFifo                              0x200026cc   Data          16  uart_fifo.o(.bss)
    Rx_UARTFifo                              0x200026dc   Data          10  uart_fifo.o(.bss)
    STACK                                    0x200026e8   Section     1024  startup.o(STACK)
    StackMem                                 0x200026e8   Data           0  startup.o(STACK)

    Global Symbols

    Symbol Name                              Value     Ov Type        Size  Object(Section)

    BuildAttributes$$THM_ISAv4$E$P$D$K$B$S$7EM$PE$A:L22UL41UL21$X:L11$S22US41US21$IEEE1$IW$USESV6$~STKCKD$USESV7$~SHL$OSPACE$EBA8$MICROLIB$REQ8$PRES8$EABIv2 0x00000000   Number         0  anon$$obj.o ABSOLUTE
    __ARM_use_no_argv                        0x00000000   Number         0  main.o ABSOLUTE
    __Vectors                                0x00000000   Data           0  startup.o(RESET)
    __arm_fini_                               - Undefined Weak Reference
    __cpp_initialize__aeabi_                  - Undefined Weak Reference
    __cxa_finalize                            - Undefined Weak Reference
    __decompress                              - Undefined Weak Reference
    _clock_init                               - Undefined Weak Reference
    _microlib_exit                            - Undefined Weak Reference
    Reset_Handler                            0x0000026d   Thumb Code     0  startup.o(RESET)
    NMI_Handler                              0x00000271   Thumb Code     2  startup.o(RESET)
    HardFault_Handler                        0x00000273   Thumb Code     2  startup.o(RESET)
    MemManage_Handler                        0x00000275   Thumb Code     2  startup.o(RESET)
    BusFault_Handler                         0x00000277   Thumb Code     2  startup.o(RESET)
    UsageFault_Handler                       0x00000279   Thumb Code     2  startup.o(RESET)
    SVC_Handler                              0x0000027b   Thumb Code     2  startup.o(RESET)
    DebugMon_Handler                         0x0000027d   Thumb Code     2  startup.o(RESET)
    PendSV_Handler                           0x0000027f   Thumb Code     2  startup.o(RESET)
    ADC0Seq0_Handler                         0x00000283   Thumb Code     0  startup.o(RESET)
    ADC0Seq1_Handler                         0x00000283   Thumb Code     0  startup.o(RESET)
    ADC0Seq2_Handler                         0x00000283   Thumb Code     0  startup.o(RESET)
    ADC0Seq3_Handler                         0x00000283   Thumb Code     0  startup.o(RESET)
    ADC1Seq0_Handler                         0x00000283   Thumb Code     0  startup.o(RESET)
    ADC1Seq1_Handler                         0x00000283   Thumb Code     0  startup.o(RESET)
    ADC1Seq2_Handler                         0x00000283   Thumb Code     0  startup.o(RESET)
    ADC1Seq3_Handler                         0x00000283   Thumb Code     0  startup.o(RESET)
    CAN0_Handler                             0x00000283   Thumb Code     0  startup.o(RESET)
    CAN1_Handler                             0x00000283   Thumb Code     0  startup.o(RESET)
    CAN2_Handler                             0x00000283   Thumb Code     0  startup.o(RESET)
    Comp0_Handler                            0x00000283   Thumb Code     0  startup.o(RESET)
    Comp1_Handler                            0x00000283   Thumb Code     0  startup.o(RESET)
    Comp2_Handler                            0x00000283   Thumb Code     0  startup.o(RESET)
    Ethernet_Handler                         0x00000283   Thumb Code     0  startup.o(RESET)
    ExtBus_Handler                           0x00000283   Thumb Code     0  startup.o(RESET)
    FPU_Handler                              0x00000283   Thumb Code     0  startup.o(RESET)
    Fan0_Handler                             0x00000283   Thumb Code     0  startup.o(RESET)
    FlashCtl_Handler                         0x00000283   Thumb Code     0  startup.o(RESET)
    GPIOPortA_Handler                        0x00000283   Thumb Code     0  startup.o(RESET)
    GPIOPortB_Handler                        0x00000283   Thumb Code     0  startup.o(RESET)
    GPIOPortC_Handler                        0x00000283   Thumb Code     0  startup.o(RESET)
    GPIOPortE_Handler                        0x00000283   Thumb Code     0  startup.o(RESET)
    GPIOPortF_Handler                        0x00000283   Thumb Code     0  startup.o(RESET)
    GPIOPortG_Handler                        0x00000283   Thumb Code     0  startup.o(RESET)
    GPIOPortH_Handler                        0x00000283   Thumb Code     0  startup.o(RESET)
    GPIOPortJ_Handler                        0x00000283   Thumb Code     0  startup.o(RESET)
    GPIOPortK_Handler                        0x00000283   Thumb Code     0  startup.o(RESET)
    GPIOPortL_Handler                        0x00000283   Thumb Code     0  startup.o(RESET)
    GPIOPortM_Handler                        0x00000283   Thumb Code     0  startup.o(RESET)
    GPIOPortN_Handler                        0x00000283   Thumb Code     0  startup.o(RESET)
    GPIOPortP1_Handler                       0x00000283   Thumb Code     0  startup.o(RESET)
    GPIOPortP2_Handler                       0x00000283   Thumb Code     0  startup.o(RESET)
    GPIOPortP3_Handler                       0x00000283   Thumb Code     0  startup.o(RESET)
    GPIOPortP4_Handler                       0x00000283   Thumb Code     0  startup.o(RESET)
    GPIOPortP5_Handler                       0x00000283   Thumb Code     0  startup.o(RESET)
    GPIOPortP6_Handler                       0x00000283   Thumb Code     0  startup.o(RESET)
    GPIOPortP7_Handler                       0x00000283   Thumb Code     0  startup.o(RESET)
    GPIOPortP_Handler                        0x00000283   Thumb Code     0  startup.o(RESET)
    GPIOPortQ1_Handler                       0x00000283   Thumb Code     0  startup.o(RESET)
    GPIOPortQ2_Handler                       0x00000283   Thumb Code     0  startup.o(RESET)
    GPIOPortQ3_Handler                       0x00000283   Thumb Code     0  startup.o(RESET)
    GPIOPortQ4_Handler                       0x00000283   Thumb Code     0  startup.o(RESET)
    GPIOPortQ5_Handler                       0x00000283   Thumb Code     0  startup.o(RESET)
    GPIOPortQ6_Handler                       0x00000283   Thumb Code     0  startup.o(RESET)
    GPIOPortQ7_Handler                       0x00000283   Thumb Code     0  startup.o(RESET)
    GPIOPortQ_Handler                        0x00000283   Thumb Code     0  startup.o(RESET)
    GPIOPortR_Handler                        0x00000283   Thumb Code     0  startup.o(RESET)
    GPIOPortS_Handler                        0x00000283   Thumb Code     0  startup.o(RESET)
    Hibernate_Handler                        0x00000283   Thumb Code     0  startup.o(RESET)
    I2C0_Handler                             0x00000283   Thumb Code     0  startup.o(RESET)
    I2C1_Handler                             0x00000283   Thumb Code     0  startup.o(RESET)
    I2C2_Handler                             0x00000283   Thumb Code     0  startup.o(RESET)
    I2C3_Handler                             0x00000283   Thumb Code     0  startup.o(RESET)
    I2C4_Handler                             0x00000283   Thumb Code     0  startup.o(RESET)
    I2C5_Handler                             0x00000283   Thumb Code     0  startup.o(RESET)
    I2S0_Handler                             0x00000283   Thumb Code     0  startup.o(RESET)
    LPC0_Handler                             0x00000283   Thumb Code     0  startup.o(RESET)
    PECI0_Handler                            0x00000283   Thumb Code     0  startup.o(RESET)
    PWM0Fault_Handler                        0x00000283   Thumb Code     0  startup.o(RESET)
    PWM0Generator0_Handler                   0x00000283   Thumb Code     0  startup.o(RESET)
    PWM0Generator1_Handler                   0x00000283   Thumb Code     0  startup.o(RESET)
    PWM0Generator2_Handler                   0x00000283   Thumb Code     0  startup.o(RESET)
    PWM0Generator3_Handler                   0x00000283   Thumb Code     0  startup.o(RESET)
    PWM1Fault_Handler                        0x00000283   Thumb Code     0  startup.o(RESET)
    PWM1Generator0_Handler                   0x00000283   Thumb Code     0  startup.o(RESET)
    PWM1Generator1_Handler                   0x00000283   Thumb Code     0  startup.o(RESET)
    PWM1Generator2_Handler                   0x00000283   Thumb Code     0  startup.o(RESET)
    PWM1Generator3_Handler                   0x00000283   Thumb Code     0  startup.o(RESET)
    Quadrature0_Handler                      0x00000283   Thumb Code     0  startup.o(RESET)
    Quadrature1_Handler                      0x00000283   Thumb Code     0  startup.o(RESET)
    Quadrature2_Handler                      0x00000283   Thumb Code     0  startup.o(RESET)
    SSI0_Handler                             0x00000283   Thumb Code     0  startup.o(RESET)
    SSI1_Handler                             0x00000283   Thumb Code     0  startup.o(RESET)
    SSI2_Handler                             0x00000283   Thumb Code     0  startup.o(RESET)
    SSI3_Handler                             0x00000283   Thumb Code     0  startup.o(RESET)
    SysCtl_Handler                           0x00000283   Thumb Code     0  startup.o(RESET)
    Timer0A_Handler                          0x00000283   Thumb Code     0  startup.o(RESET)
    Timer0B_Handler                          0x00000283   Thumb Code     0  startup.o(RESET)
    Timer1B_Handler                          0x00000283   Thumb Code     0  startup.o(RESET)
    Timer2B_Handler                          0x00000283   Thumb Code     0  startup.o(RESET)
    Timer3B_Handler                          0x00000283   Thumb Code     0  startup.o(RESET)
    Timer4B_Handler                          0x00000283   Thumb Code     0  startup.o(RESET)
    Timer5A_Handler                          0x00000283   Thumb Code     0  startup.o(RESET)
    Timer5B_Handler                          0x00000283   Thumb Code     0  startup.o(RESET)
    UART1_Handler                            0x00000283   Thumb Code     0  startup.o(RESET)
    UART2_Handler                            0x00000283   Thumb Code     0  startup.o(RESET)
    UART3_Handler                            0x00000283   Thumb Code     0  startup.o(RESET)
    UART4_Handler                            0x00000283   Thumb Code     0  startup.o(RESET)
    UART5_Handler                            0x00000283   Thumb Code     0  startup.o(RESET)
    UART6_Handler                            0x00000283   Thumb Code     0  startup.o(RESET)
    UART7_Handler                            0x00000283   Thumb Code     0  startup.o(RESET)
    USB0_Handler                             0x00000283   Thumb Code     0  startup.o(RESET)
    WDT_Handler                              0x00000283   Thumb Code     0  startup.o(RESET)
    WideTimer0A_Handler                      0x00000283   Thumb Code     0  startup.o(RESET)
    WideTimer0B_Handler                      0x00000283   Thumb Code     0  startup.o(RESET)
    WideTimer1A_Handler                      0x00000283   Thumb Code     0  startup.o(RESET)
    WideTimer1B_Handler                      0x00000283   Thumb Code     0  startup.o(RESET)
    WideTimer2A_Handler                      0x00000283   Thumb Code     0  startup.o(RESET)
    WideTimer2B_Handler                      0x00000283   Thumb Code     0  startup.o(RESET)
    WideTimer3A_Handler                      0x00000283   Thumb Code     0  startup.o(RESET)
    WideTimer3B_Handler                      0x00000283   Thumb Code     0  startup.o(RESET)
    WideTimer4A_Handler                      0x00000283   Thumb Code     0  startup.o(RESET)
    WideTimer4B_Handler                      0x00000283   Thumb Code     0  startup.o(RESET)
    WideTimer5A_Handler                      0x00000283   Thumb Code     0  startup.o(RESET)
    WideTimer5B_Handler                      0x00000283   Thumb Code     0  startup.o(RESET)
    uDMA_Error                               0x00000283   Thumb Code     0  startup.o(RESET)
    uDMA_Handler                             0x00000283   Thumb Code     0  startup.o(RESET)
    __main                                   0x00000285   Thumb Code     0  entry.o(.ARM.Collect$$$$00000000)
    _main_stk                                0x00000285   Thumb Code     0  entry2.o(.ARM.Collect$$$$00000001)
    _main_scatterload                        0x00000289   Thumb Code     0  entry5.o(.ARM.Collect$$$$00000004)
    __main_after_scatterload                 0x0000028d   Thumb Code     0  entry5.o(.ARM.Collect$$$$00000004)
    _main_clock                              0x0000028d   Thumb Code     0  entry7b.o(.ARM.Collect$$$$00000008)
    _main_cpp_init                           0x0000028d   Thumb Code     0  entry8b.o(.ARM.Collect$$$$0000000A)
    _main_init                               0x0000028d   Thumb Code     0  entry9a.o(.ARM.Collect$$$$0000000B)
    __rt_lib_shutdown_fini                   0x00000295   Thumb Code     0  entry12b.o(.ARM.Collect$$$$0000000E)
    __rt_final_cpp                           0x00000299   Thumb Code     0  entry10a.o(.ARM.Collect$$$$0000000F)
    __rt_final_exit                          0x00000299   Thumb Code     0  entry11a.o(.ARM.Collect$$$$00000011)
    parrotdelay                              0x0000029d   Thumb Code     6  lcd.o(.emb_text)
    OS_DisableInterrupts                     0x000002a5   Thumb Code     0  osasm.o(.text)
    OS_EnableInterrupts                      0x000002a9   Thumb Code     0  osasm.o(.text)
    SysTick_Handler                          0x000002ad   Thumb Code     0  osasm.o(.text)
    StartOS                                  0x000002d3   Thumb Code     0  osasm.o(.text)
    DisableInterrupts                        0x000002f9   Thumb Code     0  startup.o(.text)
    EnableInterrupts                         0x000002fd   Thumb Code     0  startup.o(.text)
    StartCritical                            0x00000301   Thumb Code     0  startup.o(.text)
    EndCritical                              0x00000309   Thumb Code     0  startup.o(.text)
    WaitForInterrupt                         0x0000030f   Thumb Code     0  startup.o(.text)
    rand                                     0x00000315   Thumb Code    20  rand.o(.text)
    srand                                    0x00000329   Thumb Code     6  rand.o(.text)
    __aeabi_memcpy                           0x00000339   Thumb Code    36  memcpya.o(.text)
    __aeabi_memcpy4                          0x00000339   Thumb Code     0  memcpya.o(.text)
    __aeabi_memcpy8                          0x00000339   Thumb Code     0  memcpya.o(.text)
    strcmp                                   0x0000035d   Thumb Code    28  strcmp.o(.text)
    __scatterload                            0x00000379   Thumb Code    28  init.o(.text)
    __scatterload_rt2                        0x00000379   Thumb Code     0  init.o(.text)
    BSP_Delay1ms                             0x0000039d   Thumb Code    22  lcd.o(i.BSP_Delay1ms)
    BSP_Joystick_Init                        0x000003b5   Thumb Code   268  joystick.o(i.BSP_Joystick_Init)
    BSP_Joystick_Input                       0x000004e5   Thumb Code    54  joystick.o(i.BSP_Joystick_Input)
    BSP_LCD_DrawChar                         0x00000525   Thumb Code   260  lcd.o(i.BSP_LCD_DrawChar)
    BSP_LCD_DrawCrosshair                    0x00000635   Thumb Code    38  lcd.o(i.BSP_LCD_DrawCrosshair)
    BSP_LCD_DrawFastHLine                    0x0000065d   Thumb Code   116  lcd.o(i.BSP_LCD_DrawFastHLine)
    BSP_LCD_DrawFastVLine                    0x000006d9   Thumb Code   116  lcd.o(i.BSP_LCD_DrawFastVLine)
    BSP_LCD_DrawString                       0x00000755   Thumb Code    84  lcd.o(i.BSP_LCD_DrawString)
    BSP_LCD_FillRect                         0x000007a9   Thumb Code   164  lcd.o(i.BSP_LCD_FillRect)
    BSP_LCD_FillScreen                       0x00000855   Thumb Code    28  lcd.o(i.BSP_LCD_FillScreen)
    BSP_LCD_Init                             0x00000879   Thumb Code    10  lcd.o(i.BSP_LCD_Init)
    BSP_LCD_Message                          0x00000883   Thumb Code    68  lcd.o(i.BSP_LCD_Message)
    BSP_LCD_OutUDec4                         0x000008c9   Thumb Code   116  lcd.o(i.BSP_LCD_OutUDec4)
    BSP_LCD_OutputInit                       0x00000951   Thumb Code    22  lcd.o(i.BSP_LCD_OutputInit)
    BSP_LCD_SetCursor                        0x0000096d   Thumb Code    22  lcd.o(i.BSP_LCD_SetCursor)
    ButtonOneInit                            0x0000098d   Thumb Code   190  os.o(i.ButtonOneInit)
    ButtonTwoInit                            0x00000a6d   Thumb Code   202  os.o(i.ButtonTwoInit)
    ButtonWork                               0x00000b5d   Thumb Code   148  main.o(i.ButtonWork)
    Consumer                                 0x00000c45   Thumb Code   106  main.o(i.Consumer)
    CrossHair_Init                           0x00000cc9   Thumb Code    20  main.o(i.CrossHair_Init)
    CubeNumCalc                              0x00000ce5   Thumb Code    54  main.o(i.CubeNumCalc)
    Device_Init                              0x00000da1   Thumb Code    16  main.o(i.Device_Init)
    Display                                  0x00000db1   Thumb Code    82  main.o(i.Display)
    GPIOPortD_Handler                        0x00000e29   Thumb Code   102  os.o(i.GPIOPortD_Handler)
    InitTimer1A                              0x00000ead   Thumb Code   124  os.o(i.InitTimer1A)
    InitTimer2A                              0x00000f39   Thumb Code   122  os.o(i.InitTimer2A)
    InitTimer3A                              0x00000fc5   Thumb Code   118  os.o(i.InitTimer3A)
    InitTimer4A                              0x0000104d   Thumb Code   122  os.o(i.InitTimer4A)
    Interpreter                              0x000010d9   Thumb Code   266  main.o(i.Interpreter)
    JsFifo_Get                               0x00001311   Thumb Code    50  fifo.o(i.JsFifo_Get)
    JsFifo_Init                              0x00001351   Thumb Code    34  fifo.o(i.JsFifo_Init)
    JsFifo_Put                               0x00001385   Thumb Code    64  fifo.o(i.JsFifo_Put)
    Mic_Init                                 0x000013d5   Thumb Code   124  main.o(i.Mic_Init)
    OS_AddPeriodicThread                     0x00001465   Thumb Code    54  os.o(i.OS_AddPeriodicThread)
    OS_AddSW1Task                            0x000014a9   Thumb Code    20  os.o(i.OS_AddSW1Task)
    OS_AddSW2Task                            0x000014c1   Thumb Code    20  os.o(i.OS_AddSW2Task)
    OS_AddThread                             0x000014d9   Thumb Code   326  os.o(i.OS_AddThread)
    OS_ClearMsTime                           0x00001631   Thumb Code     8  os.o(i.OS_ClearMsTime)
    OS_CreateSound                           0x0000163d   Thumb Code    96  os.o(i.OS_CreateSound)
    OS_Id                                    0x000016a9   Thumb Code     8  os.o(i.OS_Id)
    OS_Init                                  0x000016b5   Thumb Code    78  os.o(i.OS_Init)
    OS_InitBuzzer                            0x00001711   Thumb Code   134  os.o(i.OS_InitBuzzer)
    OS_InitSemaphore                         0x000017b1   Thumb Code    18  os.o(i.OS_InitSemaphore)
    OS_Kill                                  0x000017c5   Thumb Code   112  os.o(i.OS_Kill)
    OS_Launch                                0x00001841   Thumb Code    22  os.o(i.OS_Launch)
    OS_MsTime                                0x00001859   Thumb Code     6  os.o(i.OS_MsTime)
    OS_Music                                 0x00001865   Thumb Code    30  os.o(i.OS_Music)
    OS_Signal                                0x00001885   Thumb Code    46  os.o(i.OS_Signal)
    OS_Sleep                                 0x000018b9   Thumb Code    16  os.o(i.OS_Sleep)
    OS_Suspend                               0x000018cd   Thumb Code    18  os.o(i.OS_Suspend)
    OS_Time                                  0x000018e5   Thumb Code    12  os.o(i.OS_Time)
    OS_TimeDifference                        0x000018f5   Thumb Code     6  os.o(i.OS_TimeDifference)
    OS_Wait                                  0x000018fd   Thumb Code    44  os.o(i.OS_Wait)
    OS_bSignal                               0x0000192d   Thumb Code    56  os.o(i.OS_bSignal)
    OS_bWait                                 0x00001969   Thumb Code    44  os.o(i.OS_bWait)
    OutCRLF                                  0x00001999   Thumb Code    16  uart.o(i.OutCRLF)
    PLL_Init                                 0x000019a9   Thumb Code   120  pll.o(i.PLL_Init)
    PeriodicUpdater                          0x00001a25   Thumb Code    12  main.o(i.PeriodicUpdater)
    Producer                                 0x00001a35   Thumb Code   162  main.o(i.Producer)
    Random_Init                              0x00001af5   Thumb Code    20  main.o(i.Random_Init)
    Restart                                  0x00001b09   Thumb Code   216  main.o(i.Restart)
    Rx_UARTFifo_Get                          0x00001c2d   Thumb Code    64  uart_fifo.o(i.Rx_UARTFifo_Get)
    Rx_UARTFifo_Init                         0x00001c7d   Thumb Code    34  uart_fifo.o(i.Rx_UARTFifo_Init)
    Rx_UARTFifo_Put                          0x00001cb1   Thumb Code    52  uart_fifo.o(i.Rx_UARTFifo_Put)
    Rx_UARTFifo_Size                         0x00001cf5   Thumb Code    42  uart_fifo.o(i.Rx_UARTFifo_Size)
    SW1Push                                  0x00001d9d   Thumb Code    50  main.o(i.SW1Push)
    SW2Push                                  0x00001ddd   Thumb Code    50  main.o(i.SW2Push)
    Sample_Microphone                        0x00001e1d   Thumb Code    48  main.o(i.Sample_Microphone)
    Scheduler                                0x00001e51   Thumb Code   104  os.o(i.Scheduler)
    SetInitialStack                          0x00001ebd   Thumb Code   330  os.o(i.SetInitialStack)
    Timer1A_Handler                          0x00002011   Thumb Code    16  os.o(i.Timer1A_Handler)
    Timer2A_Handler                          0x00002029   Thumb Code   188  os.o(i.Timer2A_Handler)
    Timer3A_Handler                          0x000020f1   Thumb Code     8  os.o(i.Timer3A_Handler)
    Timer4A_Handler                          0x000020fd   Thumb Code    16  os.o(i.Timer4A_Handler)
    Tx_UARTFifo_Get                          0x00002115   Thumb Code    54  uart_fifo.o(i.Tx_UARTFifo_Get)
    Tx_UARTFifo_Init                         0x0000215d   Thumb Code    34  uart_fifo.o(i.Tx_UARTFifo_Init)
    Tx_UARTFifo_Put                          0x0000218d   Thumb Code    56  uart_fifo.o(i.Tx_UARTFifo_Put)
    Tx_UARTFifo_Size                         0x000021d5   Thumb Code    14  uart_fifo.o(i.Tx_UARTFifo_Size)
    UART0_Handler                            0x000021ed   Thumb Code    82  uart.o(i.UART0_Handler)
    UART_InChar                              0x00002245   Thumb Code    20  uart.o(i.UART_InChar)
    UART_InString                            0x00002259   Thumb Code    70  uart.o(i.UART_InString)
    UART_Init                                0x000022a1   Thumb Code   170  uart.o(i.UART_Init)
    UART_OutChar                             0x00002365   Thumb Code    46  uart.o(i.UART_OutChar)
    UART_OutString                           0x00002399   Thumb Code    22  uart.o(i.UART_OutString)
    UART_OutUDec                             0x000023af   Thumb Code    42  uart.o(i.UART_OutUDec)
    UpdatePosition                           0x000023d9   Thumb Code   184  main.o(i.UpdatePosition)
    __scatterload_copy                       0x0000249d   Thumb Code    14  handlers.o(i.__scatterload_copy)
    __scatterload_null                       0x000024ab   Thumb Code     2  handlers.o(i.__scatterload_null)
    __scatterload_zeroinit                   0x000024ad   Thumb Code    14  handlers.o(i.__scatterload_zeroinit)
    delay                                    0x000027b9   Thumb Code    20  os.o(i.delay)
    main                                     0x00002879   Thumb Code   176  main.o(i.main)
    JitterSize                               0x00002ffc   Data           4  main.o(.constdata)
    Region$$Table$$Base                      0x00003048   Number         0  anon$$obj.o(Region$$Table)
    Region$$Table$$Limit                     0x00003068   Number         0  anon$$obj.o(Region$$Table)
    JsPutPt                                  0x20000000   Data           4  fifo.o(.data)
    JsGetPt                                  0x20000004   Data           4  fifo.o(.data)
    JsFifoAvailable                          0x20000008   Data           4  fifo.o(.data)
    StX                                      0x2000000c   Data           4  lcd.o(.data)
    StY                                      0x20000010   Data           4  lcd.o(.data)
    StTextColor                              0x20000014   Data           2  lcd.o(.data)
    Messageindex                             0x2000001c   Data           4  lcd.o(.data)
    TimeIndex                                0x20000020   Data           4  lcd.o(.data)
    Ymax                                     0x20000024   Data           4  lcd.o(.data)
    Ymin                                     0x20000028   Data           4  lcd.o(.data)
    Yrange                                   0x2000002c   Data           4  lcd.o(.data)
    PlotBGColor                              0x20000030   Data           2  lcd.o(.data)
    LCDFree                                  0x20000034   Data           4  lcd.o(.data)
    origin                                   0x20000038   Data           4  main.o(.data)
    x                                        0x2000003c   Data           2  main.o(.data)
    y                                        0x2000003e   Data           2  main.o(.data)
    prevx                                    0x20000040   Data           2  main.o(.data)
    prevy                                    0x20000042   Data           2  main.o(.data)
    select                                   0x20000044   Data           1  main.o(.data)
    area                                     0x20000045   Data           2  main.o(.data)
    PseudoCount                              0x20000048   Data           4  main.o(.data)
    life                                     0x2000004c   Data           2  main.o(.data)
    score                                    0x2000004e   Data           2  main.o(.data)
    NumCreated                               0x20000050   Data           4  main.o(.data)
    NumSamples                               0x20000054   Data           4  main.o(.data)
    UpdateWork                               0x20000058   Data           4  main.o(.data)
    Calculation                              0x2000005c   Data           4  main.o(.data)
    DisplayCount                             0x20000060   Data           4  main.o(.data)
    ConsumerCount                            0x20000064   Data           4  main.o(.data)
    Button1RespTime                          0x20000068   Data           4  main.o(.data)
    Button2RespTime                          0x2000006c   Data           4  main.o(.data)
    Button1PushTime                          0x20000070   Data           4  main.o(.data)
    Button2PushTime                          0x20000074   Data           4  main.o(.data)
    DataLost                                 0x20000078   Data           4  main.o(.data)
    MaxJitter                                0x2000007c   Data           4  main.o(.data)
    TotalWithI1                              0x20000080   Data           4  main.o(.data)
    MaxWithI1                                0x20000084   Data           2  main.o(.data)
    PeriodicTask1                            0x2000008c   Data           4  os.o(.data)
    PeriodicTask2                            0x20000090   Data           4  os.o(.data)
    ButtonOneTask                            0x20000094   Data           4  os.o(.data)
    ButtonTwoTask                            0x20000098   Data           4  os.o(.data)
    RunPt                                    0x2000009c   Data           4  os.o(.data)
    Tx_UARTPutI                              0x200000b4   Data           4  uart_fifo.o(.data)
    Tx_UARTGetI                              0x200000b8   Data           4  uart_fifo.o(.data)
    Tx_UARTRoomType                          0x200000bc   Data           4  uart_fifo.o(.data)
    Rx_UARTPutPt                             0x200000c0   Data           4  uart_fifo.o(.data)
    Rx_UARTGetPt                             0x200000c4   Data           4  uart_fifo.o(.data)
    Rx_UARTDataAvailable                     0x200000c8   Data           4  uart_fifo.o(.data)
    Message                                  0x20000110   Data          12  lcd.o(.bss)
    BlockArray                               0x2000011c   Data         432  main.o(.bss)
    JitterHistogram                          0x200002cc   Data         256  main.o(.bss)
    tcbs                                     0x200003cc   Data         960  os.o(.bss)
    Stacks                                   0x2000078c   Data        8000  os.o(.bss)
    __initial_sp                             0x20002ae8   Data           0  startup.o(STACK)



==============================================================================

Memory Map of the image

  Image Entry point : 0x0000026d

  Load Region LR_1 (Base: 0x00000000, Size: 0x00003138, Max: 0xffffffff, ABSOLUTE)

    Execution Region ER_RO (Exec base: 0x00000000, Load base: 0x00000000, Size: 0x00003068, Max: 0xffffffff, ABSOLUTE)

    Exec Addr    Load Addr    Size         Type   Attr      Idx    E Section Name        Object

    0x00000000   0x00000000   0x00000284   Code   RO          710  * RESET               startup.o
    0x00000284   0x00000284   0x00000000   Code   RO          860  * .ARM.Collect$$$$00000000  mc_w.l(entry.o)
    0x00000284   0x00000284   0x00000004   Code   RO          872    .ARM.Collect$$$$00000001  mc_w.l(entry2.o)
    0x00000288   0x00000288   0x00000004   Code   RO          875    .ARM.Collect$$$$00000004  mc_w.l(entry5.o)
    0x0000028c   0x0000028c   0x00000000   Code   RO          877    .ARM.Collect$$$$00000008  mc_w.l(entry7b.o)
    0x0000028c   0x0000028c   0x00000000   Code   RO          879    .ARM.Collect$$$$0000000A  mc_w.l(entry8b.o)
    0x0000028c   0x0000028c   0x00000008   Code   RO          880    .ARM.Collect$$$$0000000B  mc_w.l(entry9a.o)
    0x00000294   0x00000294   0x00000004   Code   RO          887    .ARM.Collect$$$$0000000E  mc_w.l(entry12b.o)
    0x00000298   0x00000298   0x00000000   Code   RO          882    .ARM.Collect$$$$0000000F  mc_w.l(entry10a.o)
    0x00000298   0x00000298   0x00000000   Code   RO          884    .ARM.Collect$$$$00000011  mc_w.l(entry11a.o)
    0x00000298   0x00000298   0x00000004   Code   RO          873    .ARM.Collect$$$$00002712  mc_w.l(entry2.o)
    0x0000029c   0x0000029c   0x00000006   Code   RO           72    .emb_text           lcd.o
    0x000002a2   0x000002a2   0x00000002   PAD
    0x000002a4   0x000002a4   0x00000054   Code   RO          681    .text               osasm.o
    0x000002f8   0x000002f8   0x0000001c   Code   RO          711    .text               startup.o
    0x00000314   0x00000314   0x00000024   Code   RO          863    .text               mc_w.l(rand.o)
    0x00000338   0x00000338   0x00000024   Code   RO          866    .text               mc_w.l(memcpya.o)
    0x0000035c   0x0000035c   0x0000001c   Code   RO          868    .text               mc_w.l(strcmp.o)
    0x00000378   0x00000378   0x00000024   Code   RO          888    .text               mc_w.l(init.o)
    0x0000039c   0x0000039c   0x00000016   Code   RO           73    i.BSP_Delay1ms      lcd.o
    0x000003b2   0x000003b2   0x00000002   PAD
    0x000003b4   0x000003b4   0x00000130   Code   RO           46    i.BSP_Joystick_Init  joystick.o
    0x000004e4   0x000004e4   0x00000040   Code   RO           47    i.BSP_Joystick_Input  joystick.o
    0x00000524   0x00000524   0x00000110   Code   RO           76    i.BSP_LCD_DrawChar  lcd.o
    0x00000634   0x00000634   0x00000026   Code   RO           78    i.BSP_LCD_DrawCrosshair  lcd.o
    0x0000065a   0x0000065a   0x00000002   PAD
    0x0000065c   0x0000065c   0x0000007c   Code   RO           79    i.BSP_LCD_DrawFastHLine  lcd.o
    0x000006d8   0x000006d8   0x0000007c   Code   RO           80    i.BSP_LCD_DrawFastVLine  lcd.o
    0x00000754   0x00000754   0x00000054   Code   RO           82    i.BSP_LCD_DrawString  lcd.o
    0x000007a8   0x000007a8   0x000000ac   Code   RO           84    i.BSP_LCD_FillRect  lcd.o
    0x00000854   0x00000854   0x00000024   Code   RO           85    i.BSP_LCD_FillScreen  lcd.o
    0x00000878   0x00000878   0x0000000a   Code   RO           86    i.BSP_LCD_Init      lcd.o
    0x00000882   0x00000882   0x00000044   Code   RO           87    i.BSP_LCD_Message   lcd.o
    0x000008c6   0x000008c6   0x00000002   PAD
    0x000008c8   0x000008c8   0x00000088   Code   RO           89    i.BSP_LCD_OutUDec4  lcd.o
    0x00000950   0x00000950   0x0000001c   Code   RO           93    i.BSP_LCD_OutputInit  lcd.o
    0x0000096c   0x0000096c   0x00000020   Code   RO           96    i.BSP_LCD_SetCursor  lcd.o
    0x0000098c   0x0000098c   0x000000e0   Code   RO          436    i.ButtonOneInit     os.o
    0x00000a6c   0x00000a6c   0x000000f0   Code   RO          437    i.ButtonTwoInit     os.o
    0x00000b5c   0x00000b5c   0x000000e8   Code   RO          301    i.ButtonWork        main.o
    0x00000c44   0x00000c44   0x00000084   Code   RO          302    i.Consumer          main.o
    0x00000cc8   0x00000cc8   0x0000001c   Code   RO          303    i.CrossHair_Init    main.o
    0x00000ce4   0x00000ce4   0x0000004c   Code   RO          304    i.CubeNumCalc       main.o
    0x00000d30   0x00000d30   0x00000038   Code   RO          438    i.DebouncePD6       os.o
    0x00000d68   0x00000d68   0x00000038   Code   RO          439    i.DebouncePD7       os.o
    0x00000da0   0x00000da0   0x00000010   Code   RO          305    i.Device_Init       main.o
    0x00000db0   0x00000db0   0x00000078   Code   RO          306    i.Display           main.o
    0x00000e28   0x00000e28   0x00000084   Code   RO          440    i.GPIOPortD_Handler  os.o
    0x00000eac   0x00000eac   0x0000008c   Code   RO          441    i.InitTimer1A       os.o
    0x00000f38   0x00000f38   0x0000008c   Code   RO          442    i.InitTimer2A       os.o
    0x00000fc4   0x00000fc4   0x00000088   Code   RO          443    i.InitTimer3A       os.o
    0x0000104c   0x0000104c   0x0000008c   Code   RO          444    i.InitTimer4A       os.o
    0x000010d8   0x000010d8   0x00000238   Code   RO          307    i.Interpreter       main.o
    0x00001310   0x00001310   0x00000040   Code   RO            1    i.JsFifo_Get        fifo.o
    0x00001350   0x00001350   0x00000034   Code   RO            2    i.JsFifo_Init       fifo.o
    0x00001384   0x00001384   0x00000050   Code   RO            3    i.JsFifo_Put        fifo.o
    0x000013d4   0x000013d4   0x00000090   Code   RO          308    i.Mic_Init          main.o
    0x00001464   0x00001464   0x00000044   Code   RO          445    i.OS_AddPeriodicThread  os.o
    0x000014a8   0x000014a8   0x00000018   Code   RO          446    i.OS_AddSW1Task     os.o
    0x000014c0   0x000014c0   0x00000018   Code   RO          447    i.OS_AddSW2Task     os.o
    0x000014d8   0x000014d8   0x00000158   Code   RO          448    i.OS_AddThread      os.o
    0x00001630   0x00001630   0x0000000c   Code   RO          449    i.OS_ClearMsTime    os.o
    0x0000163c   0x0000163c   0x0000006c   Code   RO          450    i.OS_CreateSound    os.o
    0x000016a8   0x000016a8   0x0000000c   Code   RO          451    i.OS_Id             os.o
    0x000016b4   0x000016b4   0x0000005c   Code   RO          452    i.OS_Init           os.o
    0x00001710   0x00001710   0x000000a0   Code   RO          453    i.OS_InitBuzzer     os.o
    0x000017b0   0x000017b0   0x00000012   Code   RO          454    i.OS_InitSemaphore  os.o
    0x000017c2   0x000017c2   0x00000002   PAD
    0x000017c4   0x000017c4   0x0000007c   Code   RO          455    i.OS_Kill           os.o
    0x00001840   0x00001840   0x00000016   Code   RO          456    i.OS_Launch         os.o
    0x00001856   0x00001856   0x00000002   PAD
    0x00001858   0x00001858   0x0000000c   Code   RO          457    i.OS_MsTime         os.o
    0x00001864   0x00001864   0x0000001e   Code   RO          458    i.OS_Music          os.o
    0x00001882   0x00001882   0x00000002   PAD
    0x00001884   0x00001884   0x00000034   Code   RO          459    i.OS_Signal         os.o
    0x000018b8   0x000018b8   0x00000014   Code   RO          460    i.OS_Sleep          os.o
    0x000018cc   0x000018cc   0x00000018   Code   RO          461    i.OS_Suspend        os.o
    0x000018e4   0x000018e4   0x00000010   Code   RO          462    i.OS_Time           os.o
    0x000018f4   0x000018f4   0x00000006   Code   RO          463    i.OS_TimeDifference  os.o
    0x000018fa   0x000018fa   0x00000002   PAD
    0x000018fc   0x000018fc   0x00000030   Code   RO          464    i.OS_Wait           os.o
    0x0000192c   0x0000192c   0x0000003c   Code   RO          465    i.OS_bSignal        os.o
    0x00001968   0x00001968   0x00000030   Code   RO          467    i.OS_bWait          os.o
    0x00001998   0x00001998   0x00000010   Code   RO          717    i.OutCRLF           uart.o
    0x000019a8   0x000019a8   0x0000007c   Code   RO          684    i.PLL_Init          pll.o
    0x00001a24   0x00001a24   0x00000010   Code   RO          309    i.PeriodicUpdater   main.o
    0x00001a34   0x00001a34   0x000000c0   Code   RO          310    i.Producer          main.o
    0x00001af4   0x00001af4   0x00000014   Code   RO          311    i.Random_Init       main.o
    0x00001b08   0x00001b08   0x00000124   Code   RO          312    i.Restart           main.o
    0x00001c2c   0x00001c2c   0x00000050   Code   RO          802    i.Rx_UARTFifo_Get   uart_fifo.o
    0x00001c7c   0x00001c7c   0x00000034   Code   RO          803    i.Rx_UARTFifo_Init  uart_fifo.o
    0x00001cb0   0x00001cb0   0x00000044   Code   RO          804    i.Rx_UARTFifo_Put   uart_fifo.o
    0x00001cf4   0x00001cf4   0x00000034   Code   RO          805    i.Rx_UARTFifo_Size  uart_fifo.o
    0x00001d28   0x00001d28   0x00000074   Code   RO           98    i.ST7735_InitR      lcd.o
    0x00001d9c   0x00001d9c   0x00000040   Code   RO          313    i.SW1Push           main.o
    0x00001ddc   0x00001ddc   0x00000040   Code   RO          314    i.SW2Push           main.o
    0x00001e1c   0x00001e1c   0x00000034   Code   RO          315    i.Sample_Microphone  main.o
    0x00001e50   0x00001e50   0x0000006c   Code   RO          468    i.Scheduler         os.o
    0x00001ebc   0x00001ebc   0x00000154   Code   RO          469    i.SetInitialStack   os.o
    0x00002010   0x00002010   0x00000018   Code   RO          470    i.Timer1A_Handler   os.o
    0x00002028   0x00002028   0x000000c8   Code   RO          471    i.Timer2A_Handler   os.o
    0x000020f0   0x000020f0   0x0000000c   Code   RO          472    i.Timer3A_Handler   os.o
    0x000020fc   0x000020fc   0x00000018   Code   RO          473    i.Timer4A_Handler   os.o
    0x00002114   0x00002114   0x00000048   Code   RO          806    i.Tx_UARTFifo_Get   uart_fifo.o
    0x0000215c   0x0000215c   0x00000030   Code   RO          807    i.Tx_UARTFifo_Init  uart_fifo.o
    0x0000218c   0x0000218c   0x00000048   Code   RO          808    i.Tx_UARTFifo_Put   uart_fifo.o
    0x000021d4   0x000021d4   0x00000018   Code   RO          809    i.Tx_UARTFifo_Size  uart_fifo.o
    0x000021ec   0x000021ec   0x00000058   Code   RO          718    i.UART0_Handler     uart.o
    0x00002244   0x00002244   0x00000014   Code   RO          719    i.UART_InChar       uart.o
    0x00002258   0x00002258   0x00000046   Code   RO          720    i.UART_InString     uart.o
    0x0000229e   0x0000229e   0x00000002   PAD
    0x000022a0   0x000022a0   0x000000c4   Code   RO          723    i.UART_Init         uart.o
    0x00002364   0x00002364   0x00000034   Code   RO          724    i.UART_OutChar      uart.o
    0x00002398   0x00002398   0x00000016   Code   RO          725    i.UART_OutString    uart.o
    0x000023ae   0x000023ae   0x0000002a   Code   RO          726    i.UART_OutUDec      uart.o
    0x000023d8   0x000023d8   0x000000c4   Code   RO          316    i.UpdatePosition    main.o
    0x0000249c   0x0000249c   0x0000000e   Code   RO          892    i.__scatterload_copy  mc_w.l(handlers.o)
    0x000024aa   0x000024aa   0x00000002   Code   RO          893    i.__scatterload_null  mc_w.l(handlers.o)
    0x000024ac   0x000024ac   0x0000000e   Code   RO          894    i.__scatterload_zeroinit  mc_w.l(handlers.o)
    0x000024ba   0x000024ba   0x00000002   PAD
    0x000024bc   0x000024bc   0x0000004c   Code   RO           48    i.adcinit           joystick.o
    0x00002508   0x00002508   0x00000056   Code   RO           99    i.commandList       lcd.o
    0x0000255e   0x0000255e   0x00000002   PAD
    0x00002560   0x00002560   0x00000204   Code   RO          100    i.commonInit        lcd.o
    0x00002764   0x00002764   0x00000028   Code   RO          728    i.copyHardwareToSoftware  uart.o
    0x0000278c   0x0000278c   0x0000002c   Code   RO          729    i.copySoftwareToHardware  uart.o
    0x000027b8   0x000027b8   0x00000014   Code   RO          474    i.delay             os.o
    0x000027cc   0x000027cc   0x00000048   Code   RO          101    i.fillmessage       lcd.o
    0x00002814   0x00002814   0x00000064   Code   RO          104    i.fillmessage4      lcd.o
    0x00002878   0x00002878   0x000000f0   Code   RO          318    i.main              main.o
    0x00002968   0x00002968   0x00000012   Code   RO          106    i.pushColor         lcd.o
    0x0000297a   0x0000297a   0x00000002   PAD
    0x0000297c   0x0000297c   0x00000074   Code   RO          107    i.setAddrWindow     lcd.o
    0x000029f0   0x000029f0   0x00000048   Code   RO          108    i.writecommand      lcd.o
    0x00002a38   0x00002a38   0x00000048   Code   RO          109    i.writedata         lcd.o
    0x00002a80   0x00002a80   0x0000057b   Data   RO          111    .constdata          lcd.o
    0x00002ffb   0x00002ffb   0x00000001   PAD
    0x00002ffc   0x00002ffc   0x0000004c   Data   RO          320    .constdata          main.o
    0x00003048   0x00003048   0x00000020   Data   RO          890    Region$$Table       anon$$obj.o


    Execution Region ER_RW (Exec base: 0x20000000, Load base: 0x00003068, Size: 0x000000d0, Max: 0xffffffff, ABSOLUTE)

    Exec Addr    Load Addr    Size         Type   Attr      Idx    E Section Name        Object

    0x20000000   0x00003068   0x0000000c   Data   RW            6    .data               fifo.o
    0x2000000c   0x00003074   0x0000002c   Data   RW          112    .data               lcd.o
    0x20000038   0x000030a0   0x00000054   Data   RW          321    .data               main.o
    0x2000008c   0x000030f4   0x00000026   Data   RW          476    .data               os.o
    0x200000b2   0x0000311a   0x00000002   PAD
    0x200000b4   0x0000311c   0x00000018   Data   RW          811    .data               uart_fifo.o
    0x200000cc   0x00003134   0x00000004   Data   RW          864    .data               mc_w.l(rand.o)


    Execution Region ER_ZI (Exec base: 0x200000d0, Load base: 0x00003138, Size: 0x00002a18, Max: 0xffffffff, ABSOLUTE)

    Exec Addr    Load Addr    Size         Type   Attr      Idx    E Section Name        Object

    0x200000d0        -       0x00000040   Zero   RW            5    .bss                fifo.o
    0x20000110        -       0x0000000c   Zero   RW          110    .bss                lcd.o
    0x2000011c        -       0x000002b0   Zero   RW          319    .bss                main.o
    0x200003cc        -       0x00002300   Zero   RW          475    .bss                os.o
    0x200026cc        -       0x0000001a   Zero   RW          810    .bss                uart_fifo.o
    0x200026e6   0x00003138   0x00000002   PAD
    0x200026e8        -       0x00000400   Zero   RW          708    STACK               startup.o


==============================================================================

Image component sizes


      Code (inc. data)   RO Data    RW Data    ZI Data      Debug   Object Name

       196         48          0         12         64       8350   fifo.o
       444         64          0          0          0       1973   joystick.o
      2320        220       1403         44         12      15846   lcd.o
      2452        718         76         84        688      11982   main.o
      3316        392          0         38       8960      20600   os.o
        84          6          0          0          0        256   osasm.o
       124          4          0          0          0        459   pll.o
       672        622          0          0       1024        964   startup.o
       590         48          0          0          0       5075   uart.o
       468        118          0         24         26       5241   uart_fifo.o

    ----------------------------------------------------------------------
     10688       2240       1512        204      10776      70746   Object Totals
         0          0         32          0          0          0   (incl. Generated)
        22          0          1          2          2          0   (incl. Padding)

    ----------------------------------------------------------------------

      Code (inc. data)   RO Data    RW Data    ZI Data      Debug   Library Member Name

         0          0          0          0          0          0   entry.o
         0          0          0          0          0          0   entry10a.o
         0          0          0          0          0          0   entry11a.o
         4          0          0          0          0          0   entry12b.o
         8          4          0          0          0          0   entry2.o
         4          0          0          0          0          0   entry5.o
         0          0          0          0          0          0   entry7b.o
         0          0          0          0          0          0   entry8b.o
         8          4          0          0          0          0   entry9a.o
        30          0          0          0          0          0   handlers.o
        36          8          0          0          0         68   init.o
        36          0          0          0          0         68   memcpya.o
        36         10          0          4          0        136   rand.o
        28          0          0          0          0         76   strcmp.o

    ----------------------------------------------------------------------
       192         26          0          4          0        348   Library Totals
         2          0          0          0          0          0   (incl. Padding)

    ----------------------------------------------------------------------

      Code (inc. data)   RO Data    RW Data    ZI Data      Debug   Library Name

       190         26          0          4          0        348   mc_w.l

    ----------------------------------------------------------------------
       192         26          0          4          0        348   Library Totals

    ----------------------------------------------------------------------

==============================================================================


      Code (inc. data)   RO Data    RW Data    ZI Data      Debug   

     10880       2266       1512        208      10776      66046   Grand Totals
     10880       2266       1512        208      10776      66046   ELF Image Totals
     10880       2266       1512        208          0          0   ROM Totals

==============================================================================

    Total RO  Size (Code + RO Data)                12392 (  12.10kB)
    Total RW  Size (RW Data + ZI Data)             10984 (  10.73kB)
    Total ROM Size (Code + RO Data + RW Data)      12600 (  12.30kB)

==============================================================================

